stm32wbxx_ll_rcc.h:1286:26:LL_RCC_HSE_IsEnabledDiv2	0	static
stm32wbxx_ll_rcc.h:1488:26:LL_RCC_HSI_IsReady	0	static
stm32wbxx_ll_rcc.h:1713:26:LL_RCC_LSE_IsReady	0	static
stm32wbxx_ll_rcc.h:1761:26:LL_RCC_LSI1_IsReady	0	static
stm32wbxx_ll_rcc.h:1799:26:LL_RCC_LSI2_IsReady	0	static
stm32wbxx_ll_rcc.h:1930:26:LL_RCC_MSI_GetRange	0	static
stm32wbxx_ll_rcc.h:2524:22:LL_RCC_SetI2CClockSource	0	static
stm32wbxx_ll_rcc.h:2945:26:LL_RCC_PLL_IsReady	0	static
stm32wbxx_ll_rcc.h:3370:22:LL_RCC_PLLSAI1_Enable	0	static
stm32wbxx_ll_rcc.h:3380:22:LL_RCC_PLLSAI1_Disable	0	static
stm32wbxx_ll_rcc.h:3390:26:LL_RCC_PLLSAI1_IsReady	0	static
stm32wbxx_ll_bus.h:540:22:LL_AHB2_GRP1_EnableClock	8	static
stm32wbxx_hal_rcc_ex.c:2185:17:RCC_PLL_GetFreqDomain_Q	8	static
stm32wbxx_hal_rcc_ex.c:2142:17:RCC_PLL_GetFreqDomain_P	8	static
stm32wbxx_hal_rcc_ex.c:149:19:HAL_RCCEx_PeriphCLKConfig	24	static
stm32wbxx_hal_rcc_ex.c:1119:10:HAL_RCCEx_GetRngCLKSource	0	static
stm32wbxx_hal_rcc_ex.c:444:6:HAL_RCCEx_GetPeriphCLKConfig	8	static
stm32wbxx_hal_rcc_ex.c:555:10:HAL_RCCEx_GetPeriphCLKFreq	8	static
stm32wbxx_hal_rcc_ex.c:1160:19:HAL_RCCEx_EnablePLLSAI1	16	static
stm32wbxx_hal_rcc_ex.c:1220:19:HAL_RCCEx_DisablePLLSAI1	8	static
stm32wbxx_hal_rcc_ex.c:1260:6:HAL_RCCEx_WakeUpStopCLKConfig	0	static
stm32wbxx_hal_rcc_ex.c:1274:6:HAL_RCCEx_EnableLSECSS	0	static
stm32wbxx_hal_rcc_ex.c:1284:6:HAL_RCCEx_DisableLSECSS	0	static
stm32wbxx_hal_rcc_ex.c:1297:6:HAL_RCCEx_EnableLSECSS_IT	0	static
stm32wbxx_hal_rcc_ex.c:1333:13:HAL_RCCEx_LSECSS_Callback	0	static
stm32wbxx_hal_rcc_ex.c:1316:6:HAL_RCCEx_LSECSS_IRQHandler	8	static
stm32wbxx_hal_rcc_ex.c:1354:6:HAL_RCCEx_LSCOConfig	40	static
stm32wbxx_hal_rcc_ex.c:1435:6:HAL_RCCEx_EnableLSCO	40	static
stm32wbxx_hal_rcc_ex.c:1477:6:HAL_RCCEx_DisableLSCO	8	static
stm32wbxx_hal_rcc_ex.c:1508:6:HAL_RCCEx_EnableMSIPLLMode	0	static
stm32wbxx_hal_rcc_ex.c:1518:6:HAL_RCCEx_DisableMSIPLLMode	0	static
stm32wbxx_hal_rcc_ex.c:1534:19:HAL_RCCEx_TrimOsc	8	static
stm32wbxx_hal_rcc_ex.c:1636:6:HAL_RCCEx_CRSConfig	0	static
stm32wbxx_hal_rcc_ex.c:1678:6:HAL_RCCEx_CRSSoftwareSynchronizationGenerate	0	static
stm32wbxx_hal_rcc_ex.c:1688:6:HAL_RCCEx_CRSGetSynchronizationInfo	0	static
stm32wbxx_hal_rcc_ex.c:1721:10:HAL_RCCEx_CRSWaitSynchronization	24	static
stm32wbxx_hal_rcc_ex.c:1870:13:HAL_RCCEx_CRS_SyncOkCallback	0	static
stm32wbxx_hal_rcc_ex.c:1881:13:HAL_RCCEx_CRS_SyncWarnCallback	0	static
stm32wbxx_hal_rcc_ex.c:1892:13:HAL_RCCEx_CRS_ExpectedSyncCallback	0	static
stm32wbxx_hal_rcc_ex.c:1908:13:HAL_RCCEx_CRS_ErrorCallback	0	static
stm32wbxx_hal_rcc_ex.c:1805:6:HAL_RCCEx_CRS_IRQHandler	8	static
