LmhpRemoteMcastSetup.c:226:13:LmhpRemoteMcastSetupIsInitialized	0	static
LmhpRemoteMcastSetup.c:231:13:LmhpRemoteMcastSetupIsRunning	0	static
LmhpRemoteMcastSetup.c:277:13:LmhpRemoteMcastSetupOnMcpsIndication	104	static
LmhpRemoteMcastSetup.c:203:13:LmhpRemoteMcastSetupInit	24	static
LmhpRemoteMcastSetup.c:515:13:OnSessionStopTimer	8	static
LmhpRemoteMcastSetup.c:241:13:LmhpRemoteMcastSetupProcess	8	static,ignoring_inline_asm
LmhpRemoteMcastSetup.c:508:13:OnSessionStartTimer	8	static
LmhpRemoteMcastSetup.c:197:15:LmhpRemoteMcastSetupPackageFactory	0	static
