hw_ipcc.c:183:6:HW_IPCC_Enable	8	static,ignoring_inline_asm
hw_ipcc.c:213:6:HW_IPCC_Init	16	static
hw_ipcc.c:229:6:HW_IPCC_BLE_Init	0	static
hw_ipcc.c:236:6:HW_IPCC_BLE_SendCmd	0	static
hw_ipcc.c:252:6:HW_IPCC_BLE_SendAclData	0	static
hw_ipcc.c:269:13:HW_IPCC_BLE_AclDataAckNot	0	static
hw_ipcc.c:270:13:HW_IPCC_BLE_RxEvtNot	0	static
hw_ipcc.c:275:6:HW_IPCC_SYS_Init	0	static
hw_ipcc.c:282:6:HW_IPCC_SYS_SendCmd	0	static
hw_ipcc.c:308:13:HW_IPCC_SYS_CmdEvtNot	0	static
hw_ipcc.c:138:6:HW_IPCC_Tx_Handler	8	static
hw_ipcc.c:309:13:HW_IPCC_SYS_EvtNot	0	static
hw_ipcc.c:626:6:HW_IPCC_MM_SendFreeBuf	8	static
hw_ipcc.c:657:6:HW_IPCC_TRACES_Init	0	static
hw_ipcc.c:673:13:HW_IPCC_TRACES_EvtNot	0	static
hw_ipcc.c:74:6:HW_IPCC_Rx_Handler	16	static
