stm32wbxx_ll_bus.h:540:22:LL_AHB2_GRP1_EnableClock	8	static
stm32wbxx_nucleo.c:471:13:SPIx_Init	40	static
stm32wbxx_nucleo.c:529:13:SPIx_Write	32	static
stm32wbxx_nucleo.c:134:10:BSP_GetVersion	0	static
stm32wbxx_nucleo.c:152:6:BSP_LED_Init	48	static
stm32wbxx_nucleo.c:180:6:BSP_LED_DeInit	24	static
stm32wbxx_nucleo.c:200:6:BSP_LED_On	0	static
stm32wbxx_nucleo.c:214:6:BSP_LED_Off	0	static
stm32wbxx_nucleo.c:228:6:BSP_LED_Toggle	0	static
stm32wbxx_nucleo.c:255:6:BSP_PB_Init	48	static
stm32wbxx_nucleo.c:299:6:BSP_PB_DeInit	16	static
stm32wbxx_nucleo.c:317:10:BSP_PB_GetState	8	static
stm32wbxx_nucleo.c:337:9:BSP_JOY_Init	120	static
stm32wbxx_nucleo.c:367:18:BSP_JOY_GetState	8	static
stm32wbxx_nucleo.c:611:6:SD_IO_CSState	0	static
stm32wbxx_nucleo.c:630:6:SD_IO_WriteReadData	16	static
stm32wbxx_nucleo.c:641:9:SD_IO_WriteByte	32	static
stm32wbxx_nucleo.c:567:6:SD_IO_Init	48	static
stm32wbxx_nucleo.c:655:6:LCD_IO_Init	40	static
stm32wbxx_nucleo.c:686:6:LCD_IO_WriteReg	8	static
stm32wbxx_nucleo.c:707:6:LCD_IO_WriteMultipleData	24	static
stm32wbxx_nucleo.c:763:6:LCD_Delay	0	static
