Archive member included to satisfy reference by file (symbol)

../../../../../../../../Middlewares/ST/STM32_Cryptographic/Fw_Crypto/STM32WB/Lib/STM32CryptographicV3.1.3_CM4_GCC.a(crypto.o)
                              Middlewares/STM32_Secure_Engine/se_crypto_common.o (AES_GCM_Encrypt_Init)
/opt/st/stm32cubeide_1.6.1/plugins/com.st.stm32cube.ide.mcu.externaltools.gnu-tools-for-stm32.9-2020-q2-update.linux64_1.5.0.202011040924/tools/bin/../lib/gcc/arm-none-eabi/9.3.1/../../../../arm-none-eabi/lib/thumb/v7e-m+fp/softfp/libc_nano.a(lib_a-exit.o)
                              /opt/st/stm32cubeide_1.6.1/plugins/com.st.stm32cube.ide.mcu.externaltools.gnu-tools-for-stm32.9-2020-q2-update.linux64_1.5.0.202011040924/tools/bin/../lib/gcc/arm-none-eabi/9.3.1/../../../../arm-none-eabi/lib/thumb/v7e-m+fp/softfp/crt0.o (exit)
/opt/st/stm32cubeide_1.6.1/plugins/com.st.stm32cube.ide.mcu.externaltools.gnu-tools-for-stm32.9-2020-q2-update.linux64_1.5.0.202011040924/tools/bin/../lib/gcc/arm-none-eabi/9.3.1/../../../../arm-none-eabi/lib/thumb/v7e-m+fp/softfp/libc_nano.a(lib_a-impure.o)
                              /opt/st/stm32cubeide_1.6.1/plugins/com.st.stm32cube.ide.mcu.externaltools.gnu-tools-for-stm32.9-2020-q2-update.linux64_1.5.0.202011040924/tools/bin/../lib/gcc/arm-none-eabi/9.3.1/../../../../arm-none-eabi/lib/thumb/v7e-m+fp/softfp/libc_nano.a(lib_a-exit.o) (_global_impure_ptr)
/opt/st/stm32cubeide_1.6.1/plugins/com.st.stm32cube.ide.mcu.externaltools.gnu-tools-for-stm32.9-2020-q2-update.linux64_1.5.0.202011040924/tools/bin/../lib/gcc/arm-none-eabi/9.3.1/../../../../arm-none-eabi/lib/thumb/v7e-m+fp/softfp/libc_nano.a(lib_a-init.o)
                              /opt/st/stm32cubeide_1.6.1/plugins/com.st.stm32cube.ide.mcu.externaltools.gnu-tools-for-stm32.9-2020-q2-update.linux64_1.5.0.202011040924/tools/bin/../lib/gcc/arm-none-eabi/9.3.1/../../../../arm-none-eabi/lib/thumb/v7e-m+fp/softfp/crt0.o (__libc_init_array)
/opt/st/stm32cubeide_1.6.1/plugins/com.st.stm32cube.ide.mcu.externaltools.gnu-tools-for-stm32.9-2020-q2-update.linux64_1.5.0.202011040924/tools/bin/../lib/gcc/arm-none-eabi/9.3.1/../../../../arm-none-eabi/lib/thumb/v7e-m+fp/softfp/libc_nano.a(lib_a-memcmp.o)
                              Application/User/se_crypto_bootloader.o (memcmp)
/opt/st/stm32cubeide_1.6.1/plugins/com.st.stm32cube.ide.mcu.externaltools.gnu-tools-for-stm32.9-2020-q2-update.linux64_1.5.0.202011040924/tools/bin/../lib/gcc/arm-none-eabi/9.3.1/../../../../arm-none-eabi/lib/thumb/v7e-m+fp/softfp/libc_nano.a(lib_a-memcpy-stub.o)
                              Application/User/se_crypto_bootloader.o (memcpy)
/opt/st/stm32cubeide_1.6.1/plugins/com.st.stm32cube.ide.mcu.externaltools.gnu-tools-for-stm32.9-2020-q2-update.linux64_1.5.0.202011040924/tools/bin/../lib/gcc/arm-none-eabi/9.3.1/../../../../arm-none-eabi/lib/thumb/v7e-m+fp/softfp/libc_nano.a(lib_a-memmove.o)
                              ../../../../../../../../Middlewares/ST/STM32_Cryptographic/Fw_Crypto/STM32WB/Lib/STM32CryptographicV3.1.3_CM4_GCC.a(crypto.o) (memmove)
/opt/st/stm32cubeide_1.6.1/plugins/com.st.stm32cube.ide.mcu.externaltools.gnu-tools-for-stm32.9-2020-q2-update.linux64_1.5.0.202011040924/tools/bin/../lib/gcc/arm-none-eabi/9.3.1/../../../../arm-none-eabi/lib/thumb/v7e-m+fp/softfp/libc_nano.a(lib_a-memset.o)
                              /opt/st/stm32cubeide_1.6.1/plugins/com.st.stm32cube.ide.mcu.externaltools.gnu-tools-for-stm32.9-2020-q2-update.linux64_1.5.0.202011040924/tools/bin/../lib/gcc/arm-none-eabi/9.3.1/../../../../arm-none-eabi/lib/thumb/v7e-m+fp/softfp/crt0.o (memset)
/opt/st/stm32cubeide_1.6.1/plugins/com.st.stm32cube.ide.mcu.externaltools.gnu-tools-for-stm32.9-2020-q2-update.linux64_1.5.0.202011040924/tools/bin/../lib/gcc/arm-none-eabi/9.3.1/../../../../arm-none-eabi/lib/thumb/v7e-m+fp/softfp/libnosys.a(_exit.o)
                              /opt/st/stm32cubeide_1.6.1/plugins/com.st.stm32cube.ide.mcu.externaltools.gnu-tools-for-stm32.9-2020-q2-update.linux64_1.5.0.202011040924/tools/bin/../lib/gcc/arm-none-eabi/9.3.1/../../../../arm-none-eabi/lib/thumb/v7e-m+fp/softfp/libc_nano.a(lib_a-exit.o) (_exit)

Allocating common symbols
Common symbol       size              file

m_xSE_AESGCMCtx     0x938             Middlewares/STM32_Secure_Engine/se_crypto_common.o
AppliVectorsAddr    0x4               Middlewares/STM32_Secure_Engine/se_callgate.o

Discarded input sections

 .text          0x0000000000000000        0x0 /opt/st/stm32cubeide_1.6.1/plugins/com.st.stm32cube.ide.mcu.externaltools.gnu-tools-for-stm32.9-2020-q2-update.linux64_1.5.0.202011040924/tools/bin/../lib/gcc/arm-none-eabi/9.3.1/thumb/v7e-m+fp/softfp/crti.o
 .data          0x0000000000000000        0x0 /opt/st/stm32cubeide_1.6.1/plugins/com.st.stm32cube.ide.mcu.externaltools.gnu-tools-for-stm32.9-2020-q2-update.linux64_1.5.0.202011040924/tools/bin/../lib/gcc/arm-none-eabi/9.3.1/thumb/v7e-m+fp/softfp/crti.o
[...]
Memory Configuration

Name             Origin             Length             Attributes
SE_Entry_Secure_ROM_Region 0x0000000008000200 0x0000000000000200 xr
SE_Key_region_ROM 0x0000000008000400 0x0000000000000100 xr
SE_Startup_region_ROM 0x0000000008000500 0x0000000000000100 xr
SE_ROM_region    0x0000000008000600 0x0000000000003000 xr
SE_IF_region_ROM 0x0000000008003600 0x0000000000000600 xr
SB_ROM_region    0x0000000008003c00 0x000000000000c400 xr
LOADER_ROM_region 0x0000000008010000 0x0000000000005000 xr
SE_RAM_region    0x0000000020000400 0x0000000000000c00 xrw
LOADER_RAM_region 0x0000000020001010 0x000000000002eff0 xrw
SB_RAM_region    0x0000000020001010 0x000000000002eff0 xrw
RAM_SHARED       0x0000000020030000 0x0000000000002800 rw
*default*        0x0000000000000000 0xffffffffffffffff

Linker script and memory map

LOAD /opt/st/stm32cubeide_1.6.1/plugins/com.st.stm32cube.ide.mcu.externaltools.gnu-tools-for-stm32.9-2020-q2-update.linux64_1.5.0.202011040924/tools/bin/../lib/gcc/arm-none-eabi/9.3.1/thumb/v7e-m+fp/softfp/crti.o
LOAD /opt/st/stm32cubeide_1.6.1/plugins/com.st.stm32cube.ide.mcu.externaltools.gnu-tools-for-stm32.9-2020-q2-update.linux64_1.5.0.202011040924/tools/bin/../lib/gcc/arm-none-eabi/9.3.1/thumb/v7e-m+fp/softfp/crtbegin.o
LOAD /opt/st/stm32cubeide_1.6.1/plugins/com.st.stm32cube.ide.mcu.externaltools.gnu-tools-for-stm32.9-2020-q2-update.linux64_1.5.0.202011040924/tools/bin/../lib/gcc/arm-none-eabi/9.3.1/../../../../arm-none-eabi/lib/thumb/v7e-m+fp/softfp/crt0.o
LOAD Application/STM32CubeIDE/data_init.o
LOAD Application/STM32CubeIDE/se_key.o
LOAD Application/STM32CubeIDE/startup_stm32wb55xx_cm4.o
LOAD Application/User/hw_ipcc.o
LOAD Application/User/se_cm0.o
LOAD Application/User/se_crypto_bootloader.o
LOAD Application/User/se_low_level.o
LOAD Application/User/stm32wbxx_hal_msp.o
LOAD Application/User/stm32wbxx_it.o
LOAD Drivers/STM32WBxx_HAL_Driver/stm32wbxx_hal_cortex.o
LOAD Drivers/STM32WBxx_HAL_Driver/stm32wbxx_hal_crc.o
LOAD Drivers/STM32WBxx_HAL_Driver/stm32wbxx_hal_crc_ex.o
LOAD Drivers/STM32WBxx_HAL_Driver/stm32wbxx_hal_cryp.o
LOAD Drivers/STM32WBxx_HAL_Driver/stm32wbxx_hal_cryp_ex.o
LOAD Drivers/STM32WBxx_HAL_Driver/stm32wbxx_hal_flash.o
LOAD Drivers/STM32WBxx_HAL_Driver/stm32wbxx_hal_flash_ex.o
LOAD Drivers/STM32WBxx_HAL_Driver/stm32wbxx_hal_pka.o
LOAD Middlewares/STM32_Secure_Engine/se_callgate.o
LOAD Middlewares/STM32_Secure_Engine/se_crypto_common.o
LOAD Middlewares/STM32_Secure_Engine/se_exception.o
LOAD Middlewares/STM32_Secure_Engine/se_fwimg.o
LOAD Middlewares/STM32_Secure_Engine/se_startup.o
LOAD Middlewares/STM32_Secure_Engine/se_user_application.o
LOAD Middlewares/STM32_Secure_Engine/se_utils.o
LOAD Middlewares/STM32_WPAN/shci.o
LOAD Middlewares/STM32_WPAN/shci_tl.o
LOAD Middlewares/STM32_WPAN/shci_tl_if.o
LOAD Middlewares/STM32_WPAN/stm_list.o
LOAD Middlewares/STM32_WPAN/tl_mbox.o
LOAD ../../../../../../../../Middlewares/ST/STM32_Cryptographic/Fw_Crypto/STM32WB/Lib/STM32CryptographicV3.1.3_CM4_GCC.a
START GROUP
LOAD ../../../../../../../../Middlewares/ST/STM32_Cryptographic/Fw_Crypto/STM32WB/Lib/STM32CryptographicV3.1.3_CM4_GCC.a
END GROUP
START GROUP
LOAD /opt/st/stm32cubeide_1.6.1/plugins/com.st.stm32cube.ide.mcu.externaltools.gnu-tools-for-stm32.9-2020-q2-update.linux64_1.5.0.202011040924/tools/bin/../lib/gcc/arm-none-eabi/9.3.1/../../../../arm-none-eabi/lib/thumb/v7e-m+fp/softfp/libc_nano.a
LOAD /opt/st/stm32cubeide_1.6.1/plugins/com.st.stm32cube.ide.mcu.externaltools.gnu-tools-for-stm32.9-2020-q2-update.linux64_1.5.0.202011040924/tools/bin/../lib/gcc/arm-none-eabi/9.3.1/../../../../arm-none-eabi/lib/thumb/v7e-m+fp/softfp/libm.a
END GROUP
START GROUP
LOAD /opt/st/stm32cubeide_1.6.1/plugins/com.st.stm32cube.ide.mcu.externaltools.gnu-tools-for-stm32.9-2020-q2-update.linux64_1.5.0.202011040924/tools/bin/../lib/gcc/arm-none-eabi/9.3.1/thumb/v7e-m+fp/softfp/libgcc.a
LOAD /opt/st/stm32cubeide_1.6.1/plugins/com.st.stm32cube.ide.mcu.externaltools.gnu-tools-for-stm32.9-2020-q2-update.linux64_1.5.0.202011040924/tools/bin/../lib/gcc/arm-none-eabi/9.3.1/../../../../arm-none-eabi/lib/thumb/v7e-m+fp/softfp/libc_nano.a
END GROUP
START GROUP
LOAD /opt/st/stm32cubeide_1.6.1/plugins/com.st.stm32cube.ide.mcu.externaltools.gnu-tools-for-stm32.9-2020-q2-update.linux64_1.5.0.202011040924/tools/bin/../lib/gcc/arm-none-eabi/9.3.1/thumb/v7e-m+fp/softfp/libgcc.a
LOAD /opt/st/stm32cubeide_1.6.1/plugins/com.st.stm32cube.ide.mcu.externaltools.gnu-tools-for-stm32.9-2020-q2-update.linux64_1.5.0.202011040924/tools/bin/../lib/gcc/arm-none-eabi/9.3.1/../../../../arm-none-eabi/lib/thumb/v7e-m+fp/softfp/libc_nano.a
LOAD /opt/st/stm32cubeide_1.6.1/plugins/com.st.stm32cube.ide.mcu.externaltools.gnu-tools-for-stm32.9-2020-q2-update.linux64_1.5.0.202011040924/tools/bin/../lib/gcc/arm-none-eabi/9.3.1/../../../../arm-none-eabi/lib/thumb/v7e-m+fp/softfp/libnosys.a
END GROUP
START GROUP
LOAD /opt/st/stm32cubeide_1.6.1/plugins/com.st.stm32cube.ide.mcu.externaltools.gnu-tools-for-stm32.9-2020-q2-update.linux64_1.5.0.202011040924/tools/bin/../lib/gcc/arm-none-eabi/9.3.1/thumb/v7e-m+fp/softfp/libgcc.a
LOAD /opt/st/stm32cubeide_1.6.1/plugins/com.st.stm32cube.ide.mcu.externaltools.gnu-tools-for-stm32.9-2020-q2-update.linux64_1.5.0.202011040924/tools/bin/../lib/gcc/arm-none-eabi/9.3.1/../../../../arm-none-eabi/lib/thumb/v7e-m+fp/softfp/libc_nano.a
LOAD /opt/st/stm32cubeide_1.6.1/plugins/com.st.stm32cube.ide.mcu.externaltools.gnu-tools-for-stm32.9-2020-q2-update.linux64_1.5.0.202011040924/tools/bin/../lib/gcc/arm-none-eabi/9.3.1/../../../../arm-none-eabi/lib/thumb/v7e-m+fp/softfp/libnosys.a
END GROUP
LOAD /opt/st/stm32cubeide_1.6.1/plugins/com.st.stm32cube.ide.mcu.externaltools.gnu-tools-for-stm32.9-2020-q2-update.linux64_1.5.0.202011040924/tools/bin/../lib/gcc/arm-none-eabi/9.3.1/thumb/v7e-m+fp/softfp/crtend.o
LOAD /opt/st/stm32cubeide_1.6.1/plugins/com.st.stm32cube.ide.mcu.externaltools.gnu-tools-for-stm32.9-2020-q2-update.linux64_1.5.0.202011040924/tools/bin/../lib/gcc/arm-none-eabi/9.3.1/thumb/v7e-m+fp/softfp/crtn.o
                0x0000000000000000                _Min_Heap_Size = 0x0
                0x0000000000000000                _Min_Stack_Size = 0x0
                0x0000000008016000                __ICFEDIT_SWAP_start__ = 0x8016000
                0x0000000008017fff                __ICFEDIT_SWAP_end__ = 0x8017fff
                0x0000000008018000                __ICFEDIT_SLOT_Active_1_start__ = 0x8018000
                0x000000000804bfff                __ICFEDIT_SLOT_Active_1_end__ = 0x804bfff
                0x0000000008018000                __ICFEDIT_SLOT_Active_1_header__ = __ICFEDIT_SLOT_Active_1_start__
                0x000000000804c000                __ICFEDIT_SLOT_Dwl_1_start__ = 0x804c000
                0x000000000807ffff                __ICFEDIT_SLOT_Dwl_1_end__ = 0x807ffff
                0x0000000000000000                __ICFEDIT_SLOT_Active_2_header__ = 0x0
                0x0000000000000000                __ICFEDIT_SLOT_Active_2_start__ = 0x0
                0x0000000000000000                __ICFEDIT_SLOT_Active_2_end__ = 0x0
                0x0000000000000000                __ICFEDIT_SLOT_Active_3_header__ = 0x0
                0x0000000000000000                __ICFEDIT_SLOT_Active_3_start__ = 0x0
                0x0000000000000000                __ICFEDIT_SLOT_Active_3_end__ = 0x0
                0x0000000000000000                __ICFEDIT_SLOT_Dwl_2_start__ = 0x0
                0x0000000000000000                __ICFEDIT_SLOT_Dwl_2_end__ = 0x0
                0x0000000000000000                __ICFEDIT_SLOT_Dwl_3_start__ = 0x0
                0x0000000000000000                __ICFEDIT_SLOT_Dwl_3_end__ = 0x0
                0x0000000000000200                VECTOR_SIZE = 0x200
                0x0000000008000200                __ICFEDIT_SE_Code_region_ROM_start__ = (0x8000000 + VECTOR_SIZE)
                0x0000000008000200                __ICFEDIT_SE_CallGate_region_ROM_start__ = __ICFEDIT_SE_Code_region_ROM_start__
                0x00000000080003ff                __ICFEDIT_SE_CallGate_region_ROM_end__ = (__ICFEDIT_SE_Code_region_ROM_start__ + 0x1ff)
                0x0000000008000400                __ICFEDIT_SE_Key_region_ROM_start__ = (__ICFEDIT_SE_CallGate_region_ROM_end__ + 0x1)
                0x00000000080004ff                __ICFEDIT_SE_Key_region_ROM_end__ = (__ICFEDIT_SE_Key_region_ROM_start__ + 0xff)
                0x0000000008000500                __ICFEDIT_SE_Startup_region_ROM_start__ = (__ICFEDIT_SE_Key_region_ROM_end__ + 0x1)
                0x0000000008000600                __ICFEDIT_SE_Code_nokey_region_ROM_start__ = (__ICFEDIT_SE_Startup_region_ROM_start__ + 0x100)
                0x00000000080035ff                __ICFEDIT_SE_Code_region_ROM_end__ = (__ICFEDIT_SE_Startup_region_ROM_start__ + 0x30ff)
                0x0000000008003600                __ICFEDIT_SE_IF_region_ROM_start__ = (__ICFEDIT_SE_Code_region_ROM_end__ + 0x1)
                0x0000000008003bff                __ICFEDIT_SE_IF_region_ROM_end__ = (__ICFEDIT_SE_IF_region_ROM_start__ + 0x5ff)
                0x0000000008003c00                __ICFEDIT_SB_region_ROM_start__ = (__ICFEDIT_SE_IF_region_ROM_end__ + 0x1)
                0x000000000800ffff                __ICFEDIT_SB_region_ROM_end__ = 0x800ffff
                0x0000000008010000                __ICFEDIT_LOADER_region_ROM_start__ = (__ICFEDIT_SB_region_ROM_end__ + 0x1)
                0x0000000008014fff                __ICFEDIT_LOADER_region_ROM_end__ = 0x8014fff
                0x0000000000000200                SE_Entry_Secure_ROM_Region_Length = ((__ICFEDIT_SE_CallGate_region_ROM_end__ - __ICFEDIT_SE_CallGate_region_ROM_start__) + 0x1)
                0x0000000000000100                SE_Key_region_ROM_Length = ((__ICFEDIT_SE_Key_region_ROM_end__ - __ICFEDIT_SE_Key_region_ROM_start__) + 0x1)
                0x0000000000000100                SE_Startup_region_ROM_Length = (__ICFEDIT_SE_Code_nokey_region_ROM_start__ - __ICFEDIT_SE_Startup_region_ROM_start__)
                0x0000000000003000                SE_ROM_region_Length = ((__ICFEDIT_SE_Code_region_ROM_end__ - __ICFEDIT_SE_Code_nokey_region_ROM_start__) + 0x1)
                0x0000000000000600                SE_IF_region_ROM_Length = ((__ICFEDIT_SE_IF_region_ROM_end__ - __ICFEDIT_SE_IF_region_ROM_start__) + 0x1)
                0x000000000000c400                SB_ROM_region_Length = ((__ICFEDIT_SB_region_ROM_end__ - __ICFEDIT_SB_region_ROM_start__) + 0x1)
                0x0000000000005000                LOADER_ROM_region_Length = ((__ICFEDIT_LOADER_region_ROM_end__ - __ICFEDIT_LOADER_region_ROM_start__) + 0x1)
                0x0000000020000000                __ICFEDIT_SE_region_RAM_start__ = 0x20000000
                0x0000000020000400                __ICFEDIT_SE_region_RAM_stack_top__ = 0x20000400
                0x0000000020000fff                __ICFEDIT_SE_region_RAM_end__ = 0x20000fff
                0x0000000020001000                __ICFEDIT_LOADER_COM_region_RAM_start__ = (__ICFEDIT_SE_region_RAM_end__ + 0x1)
                0x000000002000100f                __ICFEDIT_LOADER_COM_region_RAM_end__ = (__ICFEDIT_LOADER_COM_region_RAM_start__ + 0xf)
                0x0000000020001010                __ICFEDIT_LOADER_region_RAM_start__ = (__ICFEDIT_LOADER_COM_region_RAM_end__ + 0x1)
                0x000000002002ffff                __ICFEDIT_LOADER_region_RAM_end__ = 0x2002ffff
                0x0000000020001010                __ICFEDIT_SB_region_RAM_start__ = (__ICFEDIT_LOADER_COM_region_RAM_end__ + 0x1)
                0x000000002002ffff                __ICFEDIT_SB_region_RAM_end__ = 0x2002ffff
                0x0000000000000c00                SE_RAM_region_Length = ((__ICFEDIT_SE_region_RAM_end__ - __ICFEDIT_SE_region_RAM_stack_top__) + 0x1)
                0x000000000002eff0                LOADER_RAM_region_Length = ((__ICFEDIT_LOADER_region_RAM_end__ - __ICFEDIT_LOADER_region_RAM_start__) + 0x1)
                0x000000000002eff0                SB_RAM_region_Length = ((__ICFEDIT_SB_region_RAM_end__ - __ICFEDIT_SB_region_RAM_start__) + 0x1)

.SE_CallGate_Code
                0x0000000008000200      0x100
                0x0000000008000200        0x1 BYTE 0x0
                0x0000000008000201        0x1 BYTE 0x0
                0x0000000008000202        0x1 BYTE 0x0
                0x0000000008000203        0x1 BYTE 0x0
 *(.SE_CallGate_Code)
 .SE_CallGate_Code
                0x0000000008000204       0xfc Middlewares/STM32_Secure_Engine/se_callgate.o
                0x0000000008000204                SE_CallGate

.SE_Key_Data    0x0000000008000400       0xcc
 *(.SE_Key_Data)
 .SE_Key_Data   0x0000000008000400       0xcc Application/STM32CubeIDE/se_key.o
                0x0000000008000400                SE_ReadKey_1
                0x000000000800042a                SE_ReadKey_1_Pub

.SE_Startup_Code
                0x0000000008000500       0x10
 *se_startup.o(.text .text*)
 .text          0x0000000008000500        0x0 Middlewares/STM32_Secure_Engine/se_startup.o
 .text.SE_CORE_Startup
                0x0000000008000500       0x10 Middlewares/STM32_Secure_Engine/se_startup.o
                0x0000000008000500                SE_CORE_Startup

.text           0x0000000008000600     0x2950
                0x0000000008000600                . = ALIGN (0x8)
 *(.text)
 .text          0x0000000008000600       0x40 /opt/st/stm32cubeide_1.6.1/plugins/com.st.stm32cube.ide.mcu.externaltools.gnu-tools-for-stm32.9-2020-q2-update.linux64_1.5.0.202011040924/tools/bin/../lib/gcc/arm-none-eabi/9.3.1/thumb/v7e-m+fp/softfp/crtbegin.o
 *(.text*)
 .text.LoopCopyDataInit
                0x0000000008000640       0x44 Application/STM32CubeIDE/data_init.o
                0x0000000008000640                LoopCopyDataInit
 .text.LoopFillZerobss
                0x0000000008000684       0x38 Application/STM32CubeIDE/data_init.o
                0x0000000008000684                LoopFillZerobss
 .text.__gcc_data_init
                0x00000000080006bc        0xe Application/STM32CubeIDE/data_init.o
                0x00000000080006bc                __gcc_data_init
 .text.Reset_Handler
                0x00000000080006ca        0x2 Application/STM32CubeIDE/startup_stm32wb55xx_cm4.o
                0x00000000080006ca                Reset_Handler
 .text.Default_Handler
                0x00000000080006cc        0x4 Application/STM32CubeIDE/startup_stm32wb55xx_cm4.o
                0x00000000080006cc                RTC_Alarm_IRQHandler
                0x00000000080006cc                EXTI2_IRQHandler
                0x00000000080006cc                DebugMon_Handler
                0x00000000080006cc                TIM1_CC_IRQHandler
                0x00000000080006cc                TSC_IRQHandler
                0x00000000080006cc                USB_HP_IRQHandler
                0x00000000080006cc                PendSV_Handler
                0x00000000080006cc                EXTI3_IRQHandler
                0x00000000080006cc                LPTIM2_IRQHandler
                0x00000000080006cc                I2C3_ER_IRQHandler
                0x00000000080006cc                EXTI0_IRQHandler
                0x00000000080006cc                FPU_IRQHandler
                0x00000000080006cc                TIM1_UP_TIM16_IRQHandler
                0x00000000080006cc                UsageFault_Handler
                0x00000000080006cc                AES1_IRQHandler
                0x00000000080006cc                SPI1_IRQHandler
                0x00000000080006cc                PWR_SOTF_BLEACT_802ACT_RFPHASE_IRQHandler
                0x00000000080006cc                DMA2_Channel2_IRQHandler
                0x00000000080006cc                DMA1_Channel4_IRQHandler
                0x00000000080006cc                ADC1_IRQHandler
                0x00000000080006cc                PKA_IRQHandler
                0x00000000080006cc                DMA1_Channel7_IRQHandler
                0x00000000080006cc                LCD_IRQHandler
                0x00000000080006cc                DMA2_Channel1_IRQHandler
                0x00000000080006cc                QUADSPI_IRQHandler
                0x00000000080006cc                I2C1_EV_IRQHandler
                0x00000000080006cc                DMAMUX1_OVR_IRQHandler
                0x00000000080006cc                DMA1_Channel6_IRQHandler
                0x00000000080006cc                DMA2_Channel4_IRQHandler
                0x00000000080006cc                RCC_IRQHandler
                0x00000000080006cc                DMA1_Channel1_IRQHandler
                0x00000000080006cc                Default_Handler
                0x00000000080006cc                DMA2_Channel7_IRQHandler
                0x00000000080006cc                EXTI15_10_IRQHandler
                0x00000000080006cc                C2SEV_PWR_C2H_IRQHandler
                0x00000000080006cc                AES2_IRQHandler
                0x00000000080006cc                I2C3_EV_IRQHandler
                0x00000000080006cc                EXTI9_5_IRQHandler
                0x00000000080006cc                RTC_WKUP_IRQHandler
                0x00000000080006cc                PVD_PVM_IRQHandler
                0x00000000080006cc                SPI2_IRQHandler
                0x00000000080006cc                MemManage_Handler
                0x00000000080006cc                SVC_Handler
                0x00000000080006cc                DMA2_Channel5_IRQHandler
                0x00000000080006cc                CRS_IRQHandler
                0x00000000080006cc                DMA1_Channel5_IRQHandler
                0x00000000080006cc                USB_LP_IRQHandler
                0x00000000080006cc                EXTI4_IRQHandler
                0x00000000080006cc                RNG_IRQHandler
                0x00000000080006cc                TIM1_TRG_COM_TIM17_IRQHandler
                0x00000000080006cc                TAMP_STAMP_LSECSS_IRQHandler
                0x00000000080006cc                DMA1_Channel3_IRQHandler
                0x00000000080006cc                COMP_IRQHandler
                0x00000000080006cc                HSEM_IRQHandler
                0x00000000080006cc                WWDG_IRQHandler
                0x00000000080006cc                LPUART1_IRQHandler
                0x00000000080006cc                DMA2_Channel6_IRQHandler
                0x00000000080006cc                TIM2_IRQHandler
                0x00000000080006cc                TIM1_BRK_IRQHandler
                0x00000000080006cc                EXTI1_IRQHandler
                0x00000000080006cc                DMA1_Channel2_IRQHandler
                0x00000000080006cc                FLASH_IRQHandler
                0x00000000080006cc                BusFault_Handler
                0x00000000080006cc                USART1_IRQHandler
                0x00000000080006cc                I2C1_ER_IRQHandler
                0x00000000080006cc                LPTIM1_IRQHandler
                0x00000000080006cc                SAI1_IRQHandler
                0x00000000080006cc                DMA2_Channel3_IRQHandler
 .text.HW_IPCC_Enable
                0x00000000080006d0       0x50 Application/User/hw_ipcc.o
                0x00000000080006d0                HW_IPCC_Enable
 .text.HW_IPCC_Init
                0x0000000008000720       0x40 Application/User/hw_ipcc.o
                0x0000000008000720                HW_IPCC_Init
 .text.HW_IPCC_SYS_Init
                0x0000000008000760       0x10 Application/User/hw_ipcc.o
                0x0000000008000760                HW_IPCC_SYS_Init
 .text.HW_IPCC_SYS_SendCmd
                0x0000000008000770       0x18 Application/User/hw_ipcc.o
                0x0000000008000770                HW_IPCC_SYS_SendCmd
 .text.HW_IPCC_Tx_Handler
                0x0000000008000788       0x84 Application/User/hw_ipcc.o
                0x0000000008000788                HW_IPCC_Tx_Handler
 .text.HW_IPCC_Rx_Handler
                0x000000000800080c       0x50 Application/User/hw_ipcc.o
                0x000000000800080c                HW_IPCC_Rx_Handler
 .text.CM0_Init
                0x000000000800085c       0x88 Application/User/se_cm0.o
                0x000000000800085c                CM0_Init
 .text.CM0_DeInit
                0x00000000080008e4       0x1e Application/User/se_cm0.o
                0x00000000080008e4                CM0_DeInit
 *fill*         0x0000000008000902        0x2 
 .text.shci_notify_asynch_evt
                0x0000000008000904        0xc Application/User/se_cm0.o
                0x0000000008000904                shci_notify_asynch_evt
 .text.shci_cmd_resp_release
                0x0000000008000910        0xc Application/User/se_cm0.o
                0x0000000008000910                shci_cmd_resp_release
 .text.shci_cmd_resp_wait
                0x000000000800091c       0x14 Application/User/se_cm0.o
                0x000000000800091c                shci_cmd_resp_wait
 .text.CM0_Update
                0x0000000008000930      0x114 Application/User/se_cm0.o
                0x0000000008000930                CM0_Update
 .text.SE_CRYPTO_Decrypt_Init
                0x0000000008000a44       0xac Application/User/se_crypto_bootloader.o
                0x0000000008000a44                SE_CRYPTO_Decrypt_Init
 .text.SE_CRYPTO_Decrypt_Append
                0x0000000008000af0       0x3c Application/User/se_crypto_bootloader.o
                0x0000000008000af0                SE_CRYPTO_Decrypt_Append
 .text.SE_CRYPTO_Decrypt_Finish
                0x0000000008000b2c       0x20 Application/User/se_crypto_bootloader.o
                0x0000000008000b2c                SE_CRYPTO_Decrypt_Finish
 .text.SE_CRYPTO_AuthenticateFW_Init
                0x0000000008000b4c       0x30 Application/User/se_crypto_bootloader.o
                0x0000000008000b4c                SE_CRYPTO_AuthenticateFW_Init
 .text.SE_CRYPTO_AuthenticateFW_Append
                0x0000000008000b7c       0x28 Application/User/se_crypto_bootloader.o
                0x0000000008000b7c                SE_CRYPTO_AuthenticateFW_Append
 .text.SE_CRYPTO_AuthenticateFW_Finish
                0x0000000008000ba4       0x28 Application/User/se_crypto_bootloader.o
                0x0000000008000ba4                SE_CRYPTO_AuthenticateFW_Finish
 .text.SE_CRYPTO_Authenticate_Metadata
                0x0000000008000bcc      0x18c Application/User/se_crypto_bootloader.o
                0x0000000008000bcc                SE_CRYPTO_Authenticate_Metadata
 .text.SE_CRYPTO_Lock_CKS_Keys
                0x0000000008000d58       0x2a Application/User/se_crypto_bootloader.o
                0x0000000008000d58                SE_CRYPTO_Lock_CKS_Keys
 *fill*         0x0000000008000d82        0x2 
 .text.__NVIC_SystemReset
                0x0000000008000d84       0x24 Application/User/se_low_level.o
 .text.SE_LL_GetPage
                0x0000000008000da8       0x28 Application/User/se_low_level.o
 .text.SE_LL_CRC_Config
                0x0000000008000dd0       0x38 Application/User/se_low_level.o
                0x0000000008000dd0                SE_LL_CRC_Config
 .text.SE_LL_FLASH_Erase
                0x0000000008000e08       0x54 Application/User/se_low_level.o
                0x0000000008000e08                SE_LL_FLASH_Erase
 .text.SE_LL_FLASH_Write
                0x0000000008000e5c       0x5c Application/User/se_low_level.o
                0x0000000008000e5c                SE_LL_FLASH_Write
 .text.SE_LL_FLASH_Read
                0x0000000008000eb8       0x74 Application/User/se_low_level.o
                0x0000000008000eb8                SE_LL_FLASH_Read
 .text.SE_LL_Buffer_in_ram
                0x0000000008000f2c       0x30 Application/User/se_low_level.o
                0x0000000008000f2c                SE_LL_Buffer_in_ram
 .text.SE_LL_Buffer_in_SBSFU_ram
                0x0000000008000f5c       0x30 Application/User/se_low_level.o
                0x0000000008000f5c                SE_LL_Buffer_in_SBSFU_ram
 .text.SE_LL_Buffer_part_of_SE_ram
                0x0000000008000f8c       0x38 Application/User/se_low_level.o
                0x0000000008000f8c                SE_LL_Buffer_part_of_SE_ram
 .text.NMI_Handler
                0x0000000008000fc4       0x78 Application/User/se_low_level.o
                0x0000000008000fc4                NMI_Handler
 .text.HardFault_Handler
                0x000000000800103c        0x4 Application/User/se_low_level.o
                0x000000000800103c                HardFault_Handler
 .text.SE_LL_CORE_Cleanup
                0x0000000008001040        0x2 Application/User/se_low_level.o
                0x0000000008001040                SE_LL_CORE_Cleanup
 *fill*         0x0000000008001042        0x2 
 .text.SE_LL_Lock_Keys
                0x0000000008001044        0x8 Application/User/se_low_level.o
                0x0000000008001044                SE_LL_Lock_Keys
 .text.HAL_CRYP_MspInit
                0x000000000800104c       0x28 Application/User/stm32wbxx_hal_msp.o
                0x000000000800104c                HAL_CRYP_MspInit
 .text.HAL_CRYP_MspDeInit
                0x0000000008001074       0x1c Application/User/stm32wbxx_hal_msp.o
                0x0000000008001074                HAL_CRYP_MspDeInit
 .text.HAL_PKA_MspInit
                0x0000000008001090       0x28 Application/User/stm32wbxx_hal_msp.o
                0x0000000008001090                HAL_PKA_MspInit
 .text.HAL_PKA_MspDeInit
                0x00000000080010b8       0x2c Application/User/stm32wbxx_hal_msp.o
                0x00000000080010b8                HAL_PKA_MspDeInit
 .text.SysTick_Handler
                0x00000000080010e4        0x2 Application/User/stm32wbxx_it.o
                0x00000000080010e4                SysTick_Handler
 .text.IPCC_C1_TX_IRQHandler
                0x00000000080010e6        0x4 Application/User/stm32wbxx_it.o
                0x00000000080010e6                IPCC_C1_TX_IRQHandler
 .text.IPCC_C1_RX_IRQHandler
                0x00000000080010ea        0x4 Application/User/stm32wbxx_it.o
                0x00000000080010ea                IPCC_C1_RX_IRQHandler
 *fill*         0x00000000080010ee        0x2 
 .text.HAL_NVIC_EnableIRQ
                0x00000000080010f0       0x1c Drivers/STM32WBxx_HAL_Driver/stm32wbxx_hal_cortex.o
                0x00000000080010f0                HAL_NVIC_EnableIRQ
 .text.HAL_NVIC_DisableIRQ
                0x000000000800110c       0x28 Drivers/STM32WBxx_HAL_Driver/stm32wbxx_hal_cortex.o
                0x000000000800110c                HAL_NVIC_DisableIRQ
 .text.HAL_CRC_MspInit
                0x0000000008001134        0x2 Drivers/STM32WBxx_HAL_Driver/stm32wbxx_hal_crc.o
                0x0000000008001134                HAL_CRC_MspInit
 *fill*         0x0000000008001136        0x2 
 .text.HAL_CRC_Init
                0x0000000008001138       0x74 Drivers/STM32WBxx_HAL_Driver/stm32wbxx_hal_crc.o
                0x0000000008001138                HAL_CRC_Init
 .text.HAL_CRCEx_Polynomial_Set
                0x00000000080011ac       0x42 Drivers/STM32WBxx_HAL_Driver/stm32wbxx_hal_crc_ex.o
                0x00000000080011ac                HAL_CRCEx_Polynomial_Set
 .text.CRYP_SetKey
                0x00000000080011ee       0x42 Drivers/STM32WBxx_HAL_Driver/stm32wbxx_hal_cryp.o
 .text.CRYP_WaitOnCCFlag
                0x0000000008001230       0x2e Drivers/STM32WBxx_HAL_Driver/stm32wbxx_hal_cryp.o
 *fill*         0x000000000800125e        0x2 
 .text.CRYP_GCMCCM_SetHeaderPhase
                0x0000000008001260      0x1f0 Drivers/STM32WBxx_HAL_Driver/stm32wbxx_hal_cryp.o
 .text.HAL_CRYP_Init
                0x0000000008001450       0x46 Drivers/STM32WBxx_HAL_Driver/stm32wbxx_hal_cryp.o
                0x0000000008001450                HAL_CRYP_Init
 .text.HAL_CRYP_DeInit
                0x0000000008001496       0x2e Drivers/STM32WBxx_HAL_Driver/stm32wbxx_hal_cryp.o
                0x0000000008001496                HAL_CRYP_DeInit
 .text.HAL_CRYP_ErrorCallback
                0x00000000080014c4        0x2 Drivers/STM32WBxx_HAL_Driver/stm32wbxx_hal_cryp.o
                0x00000000080014c4                HAL_CRYP_ErrorCallback
 .text.CRYP_AES_ProcessData
                0x00000000080014c6       0xd2 Drivers/STM32WBxx_HAL_Driver/stm32wbxx_hal_cryp.o
 .text.CRYP_AESCCM_Process
                0x0000000008001598      0x1cc Drivers/STM32WBxx_HAL_Driver/stm32wbxx_hal_cryp.o
 .text.CRYP_AESGCM_Process
                0x0000000008001764      0x1dc Drivers/STM32WBxx_HAL_Driver/stm32wbxx_hal_cryp.o
 .text.HAL_CRYP_Decrypt
                0x0000000008001940      0x1a0 Drivers/STM32WBxx_HAL_Driver/stm32wbxx_hal_cryp.o
                0x0000000008001940                HAL_CRYP_Decrypt
 .text.HAL_FLASH_Unlock
                0x0000000008001ae0       0x24 Drivers/STM32WBxx_HAL_Driver/stm32wbxx_hal_flash.o
                0x0000000008001ae0                HAL_FLASH_Unlock
 .text.HAL_FLASH_Lock
                0x0000000008001b04       0x18 Drivers/STM32WBxx_HAL_Driver/stm32wbxx_hal_flash.o
                0x0000000008001b04                HAL_FLASH_Lock
 .text.FLASH_WaitForLastOperation
                0x0000000008001b1c       0x60 Drivers/STM32WBxx_HAL_Driver/stm32wbxx_hal_flash.o
                0x0000000008001b1c                FLASH_WaitForLastOperation
 .text.HAL_FLASH_Program
                0x0000000008001b7c       0x70 Drivers/STM32WBxx_HAL_Driver/stm32wbxx_hal_flash.o
                0x0000000008001b7c                HAL_FLASH_Program
 .text.FLASH_PageErase
                0x0000000008001bec       0x1c Drivers/STM32WBxx_HAL_Driver/stm32wbxx_hal_flash_ex.o
                0x0000000008001bec                FLASH_PageErase
 .text.HAL_FLASHEx_Erase
                0x0000000008001c08       0xd0 Drivers/STM32WBxx_HAL_Driver/stm32wbxx_hal_flash_ex.o
                0x0000000008001c08                HAL_FLASHEx_Erase
 .text.HAL_PKA_Init
                0x0000000008001cd8       0x2c Drivers/STM32WBxx_HAL_Driver/stm32wbxx_hal_pka.o
                0x0000000008001cd8                HAL_PKA_Init
 .text.HAL_PKA_DeInit
                0x0000000008001d04       0x28 Drivers/STM32WBxx_HAL_Driver/stm32wbxx_hal_pka.o
                0x0000000008001d04                HAL_PKA_DeInit
 .text.HAL_PKA_ECDSAVerif_IsValidSignature
                0x0000000008001d2c        0xe Drivers/STM32WBxx_HAL_Driver/stm32wbxx_hal_pka.o
                0x0000000008001d2c                HAL_PKA_ECDSAVerif_IsValidSignature
 .text.PKA_PollEndOfOperation
                0x0000000008001d3a       0x2a Drivers/STM32WBxx_HAL_Driver/stm32wbxx_hal_pka.o
                0x0000000008001d3a                PKA_PollEndOfOperation
 .text.PKA_CheckError
                0x0000000008001d64       0x26 Drivers/STM32WBxx_HAL_Driver/stm32wbxx_hal_pka.o
                0x0000000008001d64                PKA_CheckError
 .text.PKA_GetOptBitSize_u8
                0x0000000008001d8a        0xc Drivers/STM32WBxx_HAL_Driver/stm32wbxx_hal_pka.o
                0x0000000008001d8a                PKA_GetOptBitSize_u8
 .text.PKA_Memcpy_u8_to_u32
                0x0000000008001d96       0x84 Drivers/STM32WBxx_HAL_Driver/stm32wbxx_hal_pka.o
                0x0000000008001d96                PKA_Memcpy_u8_to_u32
 .text.PKA_Process
                0x0000000008001e1a       0x86 Drivers/STM32WBxx_HAL_Driver/stm32wbxx_hal_pka.o
                0x0000000008001e1a                PKA_Process
 .text.PKA_ECDSAVerif_Set
                0x0000000008001ea0      0x138 Drivers/STM32WBxx_HAL_Driver/stm32wbxx_hal_pka.o
                0x0000000008001ea0                PKA_ECDSAVerif_Set
 .text.HAL_PKA_ECDSAVerif
                0x0000000008001fd8       0x1a Drivers/STM32WBxx_HAL_Driver/stm32wbxx_hal_pka.o
                0x0000000008001fd8                HAL_PKA_ECDSAVerif
 *fill*         0x0000000008001ff2        0x2 
 .text.SE_CallGateService
                0x0000000008001ff4      0x4f0 Middlewares/STM32_Secure_Engine/se_callgate.o
                0x0000000008001ff4                SE_CallGateService
 .text.__NVIC_SystemReset
                0x00000000080024e4       0x24 Middlewares/STM32_Secure_Engine/se_callgate.o
 .text.SE_NMI_ExceptionHandler
                0x0000000008002508       0x24 Middlewares/STM32_Secure_Engine/se_exception.o
                0x0000000008002508                SE_NMI_ExceptionHandler
 .text.SE_IMG_Write
                0x000000000800252c       0x2c Middlewares/STM32_Secure_Engine/se_fwimg.o
                0x000000000800252c                SE_IMG_Write
 .text.SE_IMG_Read
                0x0000000008002558       0x2c Middlewares/STM32_Secure_Engine/se_fwimg.o
                0x0000000008002558                SE_IMG_Read
 .text.SE_IMG_Erase
                0x0000000008002584       0x30 Middlewares/STM32_Secure_Engine/se_fwimg.o
                0x0000000008002584                SE_IMG_Erase
 .text.SE_APPLI_GetActiveFwInfo
                0x00000000080025b4       0x3c Middlewares/STM32_Secure_Engine/se_user_application.o
                0x00000000080025b4                SE_APPLI_GetActiveFwInfo
 .text.SE_SetSystemCoreClock
                0x00000000080025f0        0xc Middlewares/STM32_Secure_Engine/se_utils.o
                0x00000000080025f0                SE_SetSystemCoreClock
 .text.HAL_GetTick
                0x00000000080025fc       0x44 Middlewares/STM32_Secure_Engine/se_utils.o
                0x00000000080025fc                HAL_GetTick
 .text.HAL_Delay
                0x0000000008002640       0x1c Middlewares/STM32_Secure_Engine/se_utils.o
                0x0000000008002640                HAL_Delay
 .text.SHCI_C2_FUS_GetState
                0x000000000800265c       0x22 Middlewares/STM32_WPAN/shci.o
                0x000000000800265c                SHCI_C2_FUS_GetState
 .text.SHCI_C2_FUS_FwUpgrade
                0x000000000800267e       0x28 Middlewares/STM32_WPAN/shci.o
                0x000000000800267e                SHCI_C2_FUS_FwUpgrade
 .text.SHCI_C2_FUS_LoadUsrKey
                0x00000000080026a6       0x1e Middlewares/STM32_WPAN/shci.o
                0x00000000080026a6                SHCI_C2_FUS_LoadUsrKey
 .text.SHCI_C2_FUS_StartWs
                0x00000000080026c4       0x1a Middlewares/STM32_WPAN/shci.o
                0x00000000080026c4                SHCI_C2_FUS_StartWs
 .text.SHCI_C2_FUS_LockUsrKey
                0x00000000080026de       0x1e Middlewares/STM32_WPAN/shci.o
                0x00000000080026de                SHCI_C2_FUS_LockUsrKey
 .text.SHCI_C2_Reinit
                0x00000000080026fc       0x1a Middlewares/STM32_WPAN/shci.o
                0x00000000080026fc                SHCI_C2_Reinit
 *fill*         0x0000000008002716        0x2 
 .text.TlUserEvtReceived
                0x0000000008002718       0x18 Middlewares/STM32_WPAN/shci_tl.o
 .text.Cmd_SetStatus.constprop.0
                0x0000000008002730       0x18 Middlewares/STM32_WPAN/shci_tl.o
 .text.shci_init
                0x0000000008002748       0x4c Middlewares/STM32_WPAN/shci_tl.o
                0x0000000008002748                shci_init
 .text.shci_send
                0x0000000008002794       0x64 Middlewares/STM32_WPAN/shci_tl.o
                0x0000000008002794                shci_send
 .text.TlCmdEvtReceived
                0x00000000080027f8        0xa Middlewares/STM32_WPAN/shci_tl.o
 *fill*         0x0000000008002802        0x2 
 .text.shci_register_io_bus
                0x0000000008002804       0x14 Middlewares/STM32_WPAN/shci_tl_if.o
                0x0000000008002804                shci_register_io_bus
 .text.LST_init_head
                0x0000000008002818        0x6 Middlewares/STM32_WPAN/stm_list.o
                0x0000000008002818                LST_init_head
 .text.LST_is_empty
                0x000000000800281e       0x14 Middlewares/STM32_WPAN/stm_list.o
                0x000000000800281e                LST_is_empty
 .text.LST_insert_tail
                0x0000000008002832       0x18 Middlewares/STM32_WPAN/stm_list.o
                0x0000000008002832                LST_insert_tail
 .text.LST_remove_node
                0x000000000800284a       0x16 Middlewares/STM32_WPAN/stm_list.o
                0x000000000800284a                LST_remove_node
 .text.LST_remove_head
                0x0000000008002860       0x18 Middlewares/STM32_WPAN/stm_list.o
                0x0000000008002860                LST_remove_head
 .text.TL_Enable
                0x0000000008002878        0x4 Middlewares/STM32_WPAN/tl_mbox.o
                0x0000000008002878                TL_Enable
 .text.TL_Init  0x000000000800287c       0x48 Middlewares/STM32_WPAN/tl_mbox.o
                0x000000000800287c                TL_Init
 .text.HW_IPCC_BLE_RxEvtNot
                0x00000000080028c4       0x2c Middlewares/STM32_WPAN/tl_mbox.o
                0x00000000080028c4                HW_IPCC_BLE_RxEvtNot
 .text.HW_IPCC_BLE_AclDataAckNot
                0x00000000080028f0        0xc Middlewares/STM32_WPAN/tl_mbox.o
                0x00000000080028f0                HW_IPCC_BLE_AclDataAckNot
 .text.TL_SYS_Init
                0x00000000080028fc       0x34 Middlewares/STM32_WPAN/tl_mbox.o
                0x00000000080028fc                TL_SYS_Init
 .text.TL_SYS_SendCmd
                0x0000000008002930       0x1c Middlewares/STM32_WPAN/tl_mbox.o
                0x0000000008002930                TL_SYS_SendCmd
 .text.HW_IPCC_SYS_CmdEvtNot
                0x000000000800294c       0x18 Middlewares/STM32_WPAN/tl_mbox.o
                0x000000000800294c                HW_IPCC_SYS_CmdEvtNot
 .text.HW_IPCC_SYS_EvtNot
                0x0000000008002964       0x2c Middlewares/STM32_WPAN/tl_mbox.o
                0x0000000008002964                HW_IPCC_SYS_EvtNot
 .text.TL_MM_Init
                0x0000000008002990       0x40 Middlewares/STM32_WPAN/tl_mbox.o
                0x0000000008002990                TL_MM_Init
 .text.TL_TRACES_EvtReceived
                0x00000000080029d0        0x2 Middlewares/STM32_WPAN/tl_mbox.o
                0x00000000080029d0                TL_TRACES_EvtReceived
 *fill*         0x00000000080029d2        0x2 
 .text.HW_IPCC_TRACES_EvtNot
                0x00000000080029d4       0x24 Middlewares/STM32_WPAN/tl_mbox.o
                0x00000000080029d4                HW_IPCC_TRACES_EvtNot
 .text.SHA256Transform
                0x00000000080029f8      0x270 ../../../../../../../../Middlewares/ST/STM32_Cryptographic/Fw_Crypto/STM32WB/Lib/STM32CryptographicV3.1.3_CM4_GCC.a(crypto.o)
 .text.SHA256Update
                0x0000000008002c68       0x90 ../../../../../../../../Middlewares/ST/STM32_Cryptographic/Fw_Crypto/STM32WB/Lib/STM32CryptographicV3.1.3_CM4_GCC.a(crypto.o)
                0x0000000008002c68                SHA256Update
 .text.SHA256_Append
                0x0000000008002cf8       0x26 ../../../../../../../../Middlewares/ST/STM32_Cryptographic/Fw_Crypto/STM32WB/Lib/STM32CryptographicV3.1.3_CM4_GCC.a(crypto.o)
                0x0000000008002cf8                SHA256_Append
 *fill*         0x0000000008002d1e        0x2 
 .text.SHA256Init
                0x0000000008002d20       0x50 ../../../../../../../../Middlewares/ST/STM32_Cryptographic/Fw_Crypto/STM32WB/Lib/STM32CryptographicV3.1.3_CM4_GCC.a(crypto.o)
                0x0000000008002d20                SHA256Init
 .text.SHA256_Init
                0x0000000008002d70       0x1a ../../../../../../../../Middlewares/ST/STM32_Cryptographic/Fw_Crypto/STM32WB/Lib/STM32CryptographicV3.1.3_CM4_GCC.a(crypto.o)
                0x0000000008002d70                SHA256_Init
 .text.SHA256Final
                0x0000000008002d8a      0x11a ../../../../../../../../Middlewares/ST/STM32_Cryptographic/Fw_Crypto/STM32WB/Lib/STM32CryptographicV3.1.3_CM4_GCC.a(crypto.o)
                0x0000000008002d8a                SHA256Final
 .text.SHA256_Finish
                0x0000000008002ea4       0x4c ../../../../../../../../Middlewares/ST/STM32_Cryptographic/Fw_Crypto/STM32WB/Lib/STM32CryptographicV3.1.3_CM4_GCC.a(crypto.o)
                0x0000000008002ea4                SHA256_Finish
 .text.memcmp   0x0000000008002ef0       0x1c /opt/st/stm32cubeide_1.6.1/plugins/com.st.stm32cube.ide.mcu.externaltools.gnu-tools-for-stm32.9-2020-q2-update.linux64_1.5.0.202011040924/tools/bin/../lib/gcc/arm-none-eabi/9.3.1/../../../../arm-none-eabi/lib/thumb/v7e-m+fp/softfp/libc_nano.a(lib_a-memcmp.o)
                0x0000000008002ef0                memcmp
 .text.memcpy   0x0000000008002f0c       0x1c /opt/st/stm32cubeide_1.6.1/plugins/com.st.stm32cube.ide.mcu.externaltools.gnu-tools-for-stm32.9-2020-q2-update.linux64_1.5.0.202011040924/tools/bin/../lib/gcc/arm-none-eabi/9.3.1/../../../../arm-none-eabi/lib/thumb/v7e-m+fp/softfp/libc_nano.a(lib_a-memcpy-stub.o)
                0x0000000008002f0c                memcpy
 .text.memset   0x0000000008002f28       0x10 /opt/st/stm32cubeide_1.6.1/plugins/com.st.stm32cube.ide.mcu.externaltools.gnu-tools-for-stm32.9-2020-q2-update.linux64_1.5.0.202011040924/tools/bin/../lib/gcc/arm-none-eabi/9.3.1/../../../../arm-none-eabi/lib/thumb/v7e-m+fp/softfp/libc_nano.a(lib_a-memset.o)
                0x0000000008002f28                memset
 *(.glue_7)
 .glue_7        0x0000000008002f38        0x0 linker stubs
 *(.glue_7t)
 .glue_7t       0x0000000008002f38        0x0 linker stubs
 *(.eh_frame)
 .eh_frame      0x0000000008002f38        0x0 /opt/st/stm32cubeide_1.6.1/plugins/com.st.stm32cube.ide.mcu.externaltools.gnu-tools-for-stm32.9-2020-q2-update.linux64_1.5.0.202011040924/tools/bin/../lib/gcc/arm-none-eabi/9.3.1/thumb/v7e-m+fp/softfp/crtbegin.o
 *(.init)
 .init          0x0000000008002f38        0x4 /opt/st/stm32cubeide_1.6.1/plugins/com.st.stm32cube.ide.mcu.externaltools.gnu-tools-for-stm32.9-2020-q2-update.linux64_1.5.0.202011040924/tools/bin/../lib/gcc/arm-none-eabi/9.3.1/thumb/v7e-m+fp/softfp/crti.o
                0x0000000008002f38                _init
 .init          0x0000000008002f3c        0x8 /opt/st/stm32cubeide_1.6.1/plugins/com.st.stm32cube.ide.mcu.externaltools.gnu-tools-for-stm32.9-2020-q2-update.linux64_1.5.0.202011040924/tools/bin/../lib/gcc/arm-none-eabi/9.3.1/thumb/v7e-m+fp/softfp/crtn.o
 *(.fini)
 .fini          0x0000000008002f44        0x4 /opt/st/stm32cubeide_1.6.1/plugins/com.st.stm32cube.ide.mcu.externaltools.gnu-tools-for-stm32.9-2020-q2-update.linux64_1.5.0.202011040924/tools/bin/../lib/gcc/arm-none-eabi/9.3.1/thumb/v7e-m+fp/softfp/crti.o
                0x0000000008002f44                _fini
 .fini          0x0000000008002f48        0x8 /opt/st/stm32cubeide_1.6.1/plugins/com.st.stm32cube.ide.mcu.externaltools.gnu-tools-for-stm32.9-2020-q2-update.linux64_1.5.0.202011040924/tools/bin/../lib/gcc/arm-none-eabi/9.3.1/thumb/v7e-m+fp/softfp/crtn.o
                0x0000000008002f50                . = ALIGN (0x8)
                0x0000000008002f50                _etext = .

.vfp11_veneer   0x0000000008002f50        0x0
 .vfp11_veneer  0x0000000008002f50        0x0 linker stubs

.v4_bx          0x0000000008002f50        0x0
 .v4_bx         0x0000000008002f50        0x0 linker stubs

.iplt           0x0000000008002f50        0x0
 .iplt          0x0000000008002f50        0x0 /opt/st/stm32cubeide_1.6.1/plugins/com.st.stm32cube.ide.mcu.externaltools.gnu-tools-for-stm32.9-2020-q2-update.linux64_1.5.0.202011040924/tools/bin/../lib/gcc/arm-none-eabi/9.3.1/thumb/v7e-m+fp/softfp/crtbegin.o

.RamFunc        0x0000000008002f50       0x30
 .RamFunc       0x0000000008002f50       0x30 Drivers/STM32WBxx_HAL_Driver/stm32wbxx_hal_flash.o

.isr_vector     0x0000000008002f80      0x1c0
                0x0000000008003000                . = ALIGN (0x200)
 *fill*         0x0000000008002f80       0x80 
 *(.isr_vector)
 .isr_vector    0x0000000008003000      0x13c Application/STM32CubeIDE/startup_stm32wb55xx_cm4.o
                0x0000000008003000                g_pfnVectors
                0x0000000008003140                . = ALIGN (0x8)
 *fill*         0x000000000800313c        0x4 

.rodata         0x0000000008003140      0x238
                0x0000000008003140                . = ALIGN (0x8)
 *(.rodata)
 .rodata        0x0000000008003140       0xa0 Application/User/se_crypto_bootloader.o
 .rodata        0x00000000080031e0       0x60 Application/User/se_low_level.o
                0x00000000080031e0                SlotEndAdd
                0x0000000008003200                SlotStartAdd
                0x0000000008003220                SlotHeaderAdd
 .rodata        0x0000000008003240       0x30 Drivers/STM32WBxx_HAL_Driver/stm32wbxx_hal_cryp.o
 *(.rodata*)
 .rodata.str1.1
                0x0000000008003270        0x5 Application/User/se_crypto_bootloader.o
 *fill*         0x0000000008003275        0x3 
 .rodata.K256   0x0000000008003278      0x100 ../../../../../../../../Middlewares/ST/STM32_Cryptographic/Fw_Crypto/STM32WB/Lib/STM32CryptographicV3.1.3_CM4_GCC.a(crypto.o)
                0x0000000008003278                K256
                0x0000000008003378                . = ALIGN (0x8)

.rel.dyn        0x0000000008003378        0x0
 .rel.iplt      0x0000000008003378        0x0 /opt/st/stm32cubeide_1.6.1/plugins/com.st.stm32cube.ide.mcu.externaltools.gnu-tools-for-stm32.9-2020-q2-update.linux64_1.5.0.202011040924/tools/bin/../lib/gcc/arm-none-eabi/9.3.1/thumb/v7e-m+fp/softfp/crtbegin.o

.ARM.extab      0x0000000008003378        0x0
                0x0000000008003378                . = ALIGN (0x8)
 *(.ARM.extab* .gnu.linkonce.armextab.*)
                0x0000000008003378                . = ALIGN (0x8)

.ARM            0x0000000008003378        0x0
                0x0000000008003378                . = ALIGN (0x8)
                0x0000000008003378                __exidx_start = .
 *(.ARM.exidx*)
                0x0000000008003378                __exidx_end = .
                0x0000000008003378                . = ALIGN (0x8)

.preinit_array  0x0000000008003378        0x0
                0x0000000008003378                . = ALIGN (0x8)
                0x0000000008003378                PROVIDE (__preinit_array_start = .)
 *(.preinit_array*)
                0x0000000008003378                PROVIDE (__preinit_array_end = .)
                0x0000000008003378                . = ALIGN (0x8)

.init_array     0x0000000008003378        0x8
                0x0000000008003378                . = ALIGN (0x8)
                0x0000000008003378                PROVIDE (__init_array_start = .)
 *(SORT_BY_NAME(.init_array.*))
 *(.init_array*)
 .init_array    0x0000000008003378        0x4 /opt/st/stm32cubeide_1.6.1/plugins/com.st.stm32cube.ide.mcu.externaltools.gnu-tools-for-stm32.9-2020-q2-update.linux64_1.5.0.202011040924/tools/bin/../lib/gcc/arm-none-eabi/9.3.1/thumb/v7e-m+fp/softfp/crtbegin.o
                0x000000000800337c                PROVIDE (__init_array_end = .)
                0x0000000008003380                . = ALIGN (0x8)
 *fill*         0x000000000800337c        0x4 

.fini_array     0x0000000008003380        0x8
                0x0000000008003380                . = ALIGN (0x8)
                [!provide]                        PROVIDE (__fini_array_start = .)
 *(SORT_BY_NAME(.fini_array.*))
 *(.fini_array*)
 .fini_array    0x0000000008003380        0x4 /opt/st/stm32cubeide_1.6.1/plugins/com.st.stm32cube.ide.mcu.externaltools.gnu-tools-for-stm32.9-2020-q2-update.linux64_1.5.0.202011040924/tools/bin/../lib/gcc/arm-none-eabi/9.3.1/thumb/v7e-m+fp/softfp/crtbegin.o
                [!provide]                        PROVIDE (__fini_array_end = .)
                0x0000000008003388                . = ALIGN (0x8)
 *fill*         0x0000000008003384        0x4 
                0x0000000008003388                _sidata = LOADADDR (.data)

.data           0x0000000020000400        0x8 load address 0x0000000008003388
                0x0000000020000400                . = ALIGN (0x8)
                0x0000000020000400                _sdata = .
 *(.data)
 .data          0x0000000020000400        0x1 Application/User/se_cm0.o
 *fill*         0x0000000020000401        0x3 
 .data          0x0000000020000404        0x4 Middlewares/STM32_Secure_Engine/se_callgate.o
 *(.data*)
                0x0000000020000408                . = ALIGN (0x8)
                0x0000000020000408                _edata = .

.igot.plt       0x0000000020000408        0x0 load address 0x0000000008003390
 .igot.plt      0x0000000020000408        0x0 /opt/st/stm32cubeide_1.6.1/plugins/com.st.stm32cube.ide.mcu.externaltools.gnu-tools-for-stm32.9-2020-q2-update.linux64_1.5.0.202011040924/tools/bin/../lib/gcc/arm-none-eabi/9.3.1/thumb/v7e-m+fp/softfp/crtbegin.o

SYSTEM_DRIVER_CONTEXT
                0x0000000020000408       0x11 load address 0x0000000008003390
 SYSTEM_DRIVER_CONTEXT
                0x0000000020000408       0x11 Middlewares/STM32_WPAN/shci_tl.o
                0x0000000020000418                SHCI_TL_UserEventFlow
                0x000000002000041c                . = ALIGN (0x4)

.bss            0x000000002000041c      0x1e8 load address 0x00000000080033a1
                0x000000002000041c                _sbss = .
                0x000000002000041c                __bss_start__ = _sbss
 *(.bss)
 .bss           0x000000002000041c       0x1c /opt/st/stm32cubeide_1.6.1/plugins/com.st.stm32cube.ide.mcu.externaltools.gnu-tools-for-stm32.9-2020-q2-update.linux64_1.5.0.202011040924/tools/bin/../lib/gcc/arm-none-eabi/9.3.1/thumb/v7e-m+fp/softfp/crtbegin.o
 .bss           0x0000000020000438        0x4 Application/User/hw_ipcc.o
 .bss           0x000000002000043c        0x1 Application/User/se_cm0.o
 *fill*         0x000000002000043d        0x3 
 .bss           0x0000000020000440      0x130 Application/User/se_crypto_bootloader.o
 .bss           0x0000000020000570       0x28 Application/User/se_low_level.o
 .bss           0x0000000020000598       0x18 Drivers/STM32WBxx_HAL_Driver/stm32wbxx_hal_flash.o
                0x0000000020000598                pFlash
 .bss           0x00000000200005b0       0x10 Middlewares/STM32_Secure_Engine/se_utils.o
 .bss           0x00000000200005c0       0x25 Middlewares/STM32_WPAN/shci_tl.o
 *fill*         0x00000000200005e5        0x3 
 .bss           0x00000000200005e8       0x18 Middlewares/STM32_WPAN/tl_mbox.o
 *(.bss*)
 *(COMMON)
 COMMON         0x0000000020000600        0x4 Middlewares/STM32_Secure_Engine/se_callgate.o
                0x0000000020000600                AppliVectorsAddr
                0x0000000020000604                . = ALIGN (0x4)
                0x0000000020000604                _ebss = .
                0x0000000020000604                __bss_end__ = _ebss

/DISCARD/
 libc.a(*)
 libm.a(*)
 libgcc.a(*)

.ARM.attributes
                0x0000000000000000       0x2e
 *(.ARM.attributes)
 .ARM.attributes
                0x0000000000000000       0x1e /opt/st/stm32cubeide_1.6.1/plugins/com.st.stm32cube.ide.mcu.externaltools.gnu-tools-for-stm32.9-2020-q2-update.linux64_1.5.0.202011040924/tools/bin/../lib/gcc/arm-none-eabi/9.3.1/thumb/v7e-m+fp/softfp/crti.o
 .ARM.attributes
                0x000000000000001e       0x32 /opt/st/stm32cubeide_1.6.1/plugins/com.st.stm32cube.ide.mcu.externaltools.gnu-tools-for-stm32.9-2020-q2-update.linux64_1.5.0.202011040924/tools/bin/../lib/gcc/arm-none-eabi/9.3.1/thumb/v7e-m+fp/softfp/crtbegin.o
 .ARM.attributes
                0x0000000000000050       0x32 Application/STM32CubeIDE/data_init.o
 .ARM.attributes
                0x0000000000000082       0x20 Application/STM32CubeIDE/se_key.o
 .ARM.attributes
                0x00000000000000a2       0x21 Application/STM32CubeIDE/startup_stm32wb55xx_cm4.o
 .ARM.attributes
                0x00000000000000c3       0x32 Application/User/hw_ipcc.o
 .ARM.attributes
                0x00000000000000f5       0x32 Application/User/se_cm0.o
 .ARM.attributes
                0x0000000000000127       0x32 Application/User/se_crypto_bootloader.o
 .ARM.attributes
                0x0000000000000159       0x32 Application/User/se_low_level.o
 .ARM.attributes
                0x000000000000018b       0x32 Application/User/stm32wbxx_hal_msp.o
 .ARM.attributes
                0x00000000000001bd       0x32 Application/User/stm32wbxx_it.o
 .ARM.attributes
                0x00000000000001ef       0x32 Drivers/STM32WBxx_HAL_Driver/stm32wbxx_hal_cortex.o
 .ARM.attributes
                0x0000000000000221       0x32 Drivers/STM32WBxx_HAL_Driver/stm32wbxx_hal_crc.o
 .ARM.attributes
                0x0000000000000253       0x32 Drivers/STM32WBxx_HAL_Driver/stm32wbxx_hal_crc_ex.o
 .ARM.attributes
                0x0000000000000285       0x32 Drivers/STM32WBxx_HAL_Driver/stm32wbxx_hal_cryp.o
 .ARM.attributes
                0x00000000000002b7       0x32 Drivers/STM32WBxx_HAL_Driver/stm32wbxx_hal_flash.o
 .ARM.attributes
                0x00000000000002e9       0x32 Drivers/STM32WBxx_HAL_Driver/stm32wbxx_hal_flash_ex.o
 .ARM.attributes
                0x000000000000031b       0x32 Drivers/STM32WBxx_HAL_Driver/stm32wbxx_hal_pka.o
 .ARM.attributes
                0x000000000000034d       0x32 Middlewares/STM32_Secure_Engine/se_callgate.o
 .ARM.attributes
                0x000000000000037f       0x32 Middlewares/STM32_Secure_Engine/se_exception.o
 .ARM.attributes
                0x00000000000003b1       0x32 Middlewares/STM32_Secure_Engine/se_fwimg.o
 .ARM.attributes
                0x00000000000003e3       0x32 Middlewares/STM32_Secure_Engine/se_startup.o
 .ARM.attributes
                0x0000000000000415       0x32 Middlewares/STM32_Secure_Engine/se_user_application.o
 .ARM.attributes
                0x0000000000000447       0x32 Middlewares/STM32_Secure_Engine/se_utils.o
 .ARM.attributes
                0x0000000000000479       0x32 Middlewares/STM32_WPAN/shci.o
 .ARM.attributes
                0x00000000000004ab       0x32 Middlewares/STM32_WPAN/shci_tl.o
 .ARM.attributes
                0x00000000000004dd       0x32 Middlewares/STM32_WPAN/shci_tl_if.o
 .ARM.attributes
                0x000000000000050f       0x32 Middlewares/STM32_WPAN/stm_list.o
 .ARM.attributes
                0x0000000000000541       0x32 Middlewares/STM32_WPAN/tl_mbox.o
 .ARM.attributes
                0x0000000000000573       0x33 ../../../../../../../../Middlewares/ST/STM32_Cryptographic/Fw_Crypto/STM32WB/Lib/STM32CryptographicV3.1.3_CM4_GCC.a(crypto.o)
 .ARM.attributes
                0x00000000000005a6       0x32 /opt/st/stm32cubeide_1.6.1/plugins/com.st.stm32cube.ide.mcu.externaltools.gnu-tools-for-stm32.9-2020-q2-update.linux64_1.5.0.202011040924/tools/bin/../lib/gcc/arm-none-eabi/9.3.1/../../../../arm-none-eabi/lib/thumb/v7e-m+fp/softfp/libc_nano.a(lib_a-memcmp.o)
 .ARM.attributes
                0x00000000000005d8       0x32 /opt/st/stm32cubeide_1.6.1/plugins/com.st.stm32cube.ide.mcu.externaltools.gnu-tools-for-stm32.9-2020-q2-update.linux64_1.5.0.202011040924/tools/bin/../lib/gcc/arm-none-eabi/9.3.1/../../../../arm-none-eabi/lib/thumb/v7e-m+fp/softfp/libc_nano.a(lib_a-memcpy-stub.o)
 .ARM.attributes
                0x000000000000060a       0x32 /opt/st/stm32cubeide_1.6.1/plugins/com.st.stm32cube.ide.mcu.externaltools.gnu-tools-for-stm32.9-2020-q2-update.linux64_1.5.0.202011040924/tools/bin/../lib/gcc/arm-none-eabi/9.3.1/../../../../arm-none-eabi/lib/thumb/v7e-m+fp/softfp/libc_nano.a(lib_a-memset.o)
 .ARM.attributes
                0x000000000000063c       0x1e /opt/st/stm32cubeide_1.6.1/plugins/com.st.stm32cube.ide.mcu.externaltools.gnu-tools-for-stm32.9-2020-q2-update.linux64_1.5.0.202011040924/tools/bin/../lib/gcc/arm-none-eabi/9.3.1/thumb/v7e-m+fp/softfp/crtn.o

MAPPING_TABLE   0x0000000020030000       0x28
 *(MAPPING_TABLE)
 MAPPING_TABLE  0x0000000020030000       0x28 Middlewares/STM32_WPAN/tl_mbox.o

MB_MEM1         0x0000000020030028       0xac
 *(MB_MEM1)
 MB_MEM1        0x0000000020030028       0xac Middlewares/STM32_WPAN/tl_mbox.o

MB_MEM2         0x00000000200300d4      0x324
 *(MB_MEM2)
 MB_MEM2        0x00000000200300d4      0x324 Application/User/se_cm0.o
OUTPUT(SECoreBin.elf elf32-littlearm)
LOAD linker stubs
LOAD /opt/st/stm32cubeide_1.6.1/plugins/com.st.stm32cube.ide.mcu.externaltools.gnu-tools-for-stm32.9-2020-q2-update.linux64_1.5.0.202011040924/tools/bin/../lib/gcc/arm-none-eabi/9.3.1/../../../../arm-none-eabi/lib/thumb/v7e-m+fp/softfp/libc.a
LOAD /opt/st/stm32cubeide_1.6.1/plugins/com.st.stm32cube.ide.mcu.externaltools.gnu-tools-for-stm32.9-2020-q2-update.linux64_1.5.0.202011040924/tools/bin/../lib/gcc/arm-none-eabi/9.3.1/../../../../arm-none-eabi/lib/thumb/v7e-m+fp/softfp/libm.a
LOAD /opt/st/stm32cubeide_1.6.1/plugins/com.st.stm32cube.ide.mcu.externaltools.gnu-tools-for-stm32.9-2020-q2-update.linux64_1.5.0.202011040924/tools/bin/../lib/gcc/arm-none-eabi/9.3.1/thumb/v7e-m+fp/softfp/libgcc.a

.debug_info     0x0000000000000000    0x1ea99
 .debug_info    0x0000000000000000      0x199 Application/STM32CubeIDE/data_init.o
 .debug_info    0x0000000000000199       0x26 Application/STM32CubeIDE/se_key.o
 .debug_info    0x00000000000001bf       0x22 Application/STM32CubeIDE/startup_stm32wb55xx_cm4.o
 .debug_info    0x00000000000001e1     0x1f32 Application/User/hw_ipcc.o
 .debug_info    0x0000000000002113     0x1ecb Application/User/se_cm0.o
 .debug_info    0x0000000000003fde     0x2a02 Application/User/se_crypto_bootloader.o
 .debug_info    0x00000000000069e0     0x2034 Application/User/se_low_level.o
 .debug_info    0x0000000000008a14     0x11d6 Application/User/stm32wbxx_hal_msp.o
 .debug_info    0x0000000000009bea       0x94 Application/User/stm32wbxx_it.o
 .debug_info    0x0000000000009c7e     0x115d Drivers/STM32WBxx_HAL_Driver/stm32wbxx_hal_cortex.o
 .debug_info    0x000000000000addb      0x79b Drivers/STM32WBxx_HAL_Driver/stm32wbxx_hal_crc.o
 .debug_info    0x000000000000b576      0x52f Drivers/STM32WBxx_HAL_Driver/stm32wbxx_hal_crc_ex.o
 .debug_info    0x000000000000baa5     0x2495 Drivers/STM32WBxx_HAL_Driver/stm32wbxx_hal_cryp.o
 .debug_info    0x000000000000df3a      0x9e0 Drivers/STM32WBxx_HAL_Driver/stm32wbxx_hal_flash.o
 .debug_info    0x000000000000e91a      0xf9a Drivers/STM32WBxx_HAL_Driver/stm32wbxx_hal_flash_ex.o
 .debug_info    0x000000000000f8b4     0x33f2 Drivers/STM32WBxx_HAL_Driver/stm32wbxx_hal_pka.o
 .debug_info    0x0000000000012ca6     0x1dfc Middlewares/STM32_Secure_Engine/se_callgate.o
 .debug_info    0x0000000000014aa2      0x6a1 Middlewares/STM32_Secure_Engine/se_exception.o
 .debug_info    0x0000000000015143      0xfaf Middlewares/STM32_Secure_Engine/se_fwimg.o
 .debug_info    0x00000000000160f2       0xe6 Middlewares/STM32_Secure_Engine/se_startup.o
 .debug_info    0x00000000000161d8      0xf5a Middlewares/STM32_Secure_Engine/se_user_application.o
 .debug_info    0x0000000000017132      0x5b1 Middlewares/STM32_Secure_Engine/se_utils.o
 .debug_info    0x00000000000176e3     0x2944 Middlewares/STM32_WPAN/shci.o
 .debug_info    0x000000000001a027     0x1271 Middlewares/STM32_WPAN/shci_tl.o
 .debug_info    0x000000000001b298      0xa69 Middlewares/STM32_WPAN/shci_tl_if.o
 .debug_info    0x000000000001bd01     0x1377 Middlewares/STM32_WPAN/stm_list.o
 .debug_info    0x000000000001d078     0x1a21 Middlewares/STM32_WPAN/tl_mbox.o

.debug_abbrev   0x0000000000000000     0x448c
 .debug_abbrev  0x0000000000000000       0xd7 Application/STM32CubeIDE/data_init.o
 .debug_abbrev  0x00000000000000d7       0x14 Application/STM32CubeIDE/se_key.o
 .debug_abbrev  0x00000000000000eb       0x12 Application/STM32CubeIDE/startup_stm32wb55xx_cm4.o
 .debug_abbrev  0x00000000000000fd      0x44c Application/User/hw_ipcc.o
 .debug_abbrev  0x0000000000000549      0x467 Application/User/se_cm0.o
 .debug_abbrev  0x00000000000009b0      0x444 Application/User/se_crypto_bootloader.o
 .debug_abbrev  0x0000000000000df4      0x4af Application/User/se_low_level.o
 .debug_abbrev  0x00000000000012a3      0x22c Application/User/stm32wbxx_hal_msp.o
 .debug_abbrev  0x00000000000014cf       0x6e Application/User/stm32wbxx_it.o
 .debug_abbrev  0x000000000000153d      0x3a5 Drivers/STM32WBxx_HAL_Driver/stm32wbxx_hal_cortex.o
 .debug_abbrev  0x00000000000018e2      0x234 Drivers/STM32WBxx_HAL_Driver/stm32wbxx_hal_crc.o
 .debug_abbrev  0x0000000000001b16      0x15f Drivers/STM32WBxx_HAL_Driver/stm32wbxx_hal_crc_ex.o
 .debug_abbrev  0x0000000000001c75      0x37d Drivers/STM32WBxx_HAL_Driver/stm32wbxx_hal_cryp.o
 .debug_abbrev  0x0000000000001ff2      0x379 Drivers/STM32WBxx_HAL_Driver/stm32wbxx_hal_flash.o
 .debug_abbrev  0x000000000000236b      0x349 Drivers/STM32WBxx_HAL_Driver/stm32wbxx_hal_flash_ex.o
 .debug_abbrev  0x00000000000026b4      0x386 Drivers/STM32WBxx_HAL_Driver/stm32wbxx_hal_pka.o
 .debug_abbrev  0x0000000000002a3a      0x3c0 Middlewares/STM32_Secure_Engine/se_callgate.o
 .debug_abbrev  0x0000000000002dfa      0x16b Middlewares/STM32_Secure_Engine/se_exception.o
 .debug_abbrev  0x0000000000002f65      0x221 Middlewares/STM32_Secure_Engine/se_fwimg.o
 .debug_abbrev  0x0000000000003186       0xbc Middlewares/STM32_Secure_Engine/se_startup.o
 .debug_abbrev  0x0000000000003242      0x23f Middlewares/STM32_Secure_Engine/se_user_application.o
 .debug_abbrev  0x0000000000003481      0x1cc Middlewares/STM32_Secure_Engine/se_utils.o
 .debug_abbrev  0x000000000000364d      0x2ab Middlewares/STM32_WPAN/shci.o
 .debug_abbrev  0x00000000000038f8      0x379 Middlewares/STM32_WPAN/shci_tl.o
 .debug_abbrev  0x0000000000003c71      0x1b0 Middlewares/STM32_WPAN/shci_tl_if.o
 .debug_abbrev  0x0000000000003e21      0x2f7 Middlewares/STM32_WPAN/stm_list.o
 .debug_abbrev  0x0000000000004118      0x374 Middlewares/STM32_WPAN/tl_mbox.o

.debug_aranges  0x0000000000000000      0xbe0
 .debug_aranges
                0x0000000000000000       0x30 Application/STM32CubeIDE/data_init.o
 .debug_aranges
                0x0000000000000030       0x20 Application/STM32CubeIDE/se_key.o
 .debug_aranges
                0x0000000000000050       0x28 Application/STM32CubeIDE/startup_stm32wb55xx_cm4.o
 .debug_aranges
                0x0000000000000078       0x78 Application/User/hw_ipcc.o
 .debug_aranges
                0x00000000000000f0       0x48 Application/User/se_cm0.o
 .debug_aranges
                0x0000000000000138       0x78 Application/User/se_crypto_bootloader.o
 .debug_aranges
                0x00000000000001b0       0xa8 Application/User/se_low_level.o
 .debug_aranges
                0x0000000000000258       0x38 Application/User/stm32wbxx_hal_msp.o
 .debug_aranges
                0x0000000000000290       0x30 Application/User/stm32wbxx_it.o
 .debug_aranges
                0x00000000000002c0       0xa0 Drivers/STM32WBxx_HAL_Driver/stm32wbxx_hal_cortex.o
 .debug_aranges
                0x0000000000000360       0x58 Drivers/STM32WBxx_HAL_Driver/stm32wbxx_hal_crc.o
 .debug_aranges
                0x00000000000003b8       0x30 Drivers/STM32WBxx_HAL_Driver/stm32wbxx_hal_crc_ex.o
 .debug_aranges
                0x00000000000003e8      0x110 Drivers/STM32WBxx_HAL_Driver/stm32wbxx_hal_cryp.o
 .debug_aranges
                0x00000000000004f8       0x78 Drivers/STM32WBxx_HAL_Driver/stm32wbxx_hal_flash.o
 .debug_aranges
                0x0000000000000570       0x68 Drivers/STM32WBxx_HAL_Driver/stm32wbxx_hal_flash_ex.o
 .debug_aranges
                0x00000000000005d8      0x270 Drivers/STM32WBxx_HAL_Driver/stm32wbxx_hal_pka.o
 .debug_aranges
                0x0000000000000848       0x30 Middlewares/STM32_Secure_Engine/se_callgate.o
 .debug_aranges
                0x0000000000000878       0x20 Middlewares/STM32_Secure_Engine/se_exception.o
 .debug_aranges
                0x0000000000000898       0x30 Middlewares/STM32_Secure_Engine/se_fwimg.o
 .debug_aranges
                0x00000000000008c8       0x20 Middlewares/STM32_Secure_Engine/se_startup.o
 .debug_aranges
                0x00000000000008e8       0x20 Middlewares/STM32_Secure_Engine/se_user_application.o
 .debug_aranges
                0x0000000000000908       0x30 Middlewares/STM32_Secure_Engine/se_utils.o
 .debug_aranges
                0x0000000000000938      0x110 Middlewares/STM32_WPAN/shci.o
 .debug_aranges
                0x0000000000000a48       0x60 Middlewares/STM32_WPAN/shci_tl.o
 .debug_aranges
                0x0000000000000aa8       0x20 Middlewares/STM32_WPAN/shci_tl_if.o
 .debug_aranges
                0x0000000000000ac8       0x78 Middlewares/STM32_WPAN/stm_list.o
 .debug_aranges
                0x0000000000000b40       0xa0 Middlewares/STM32_WPAN/tl_mbox.o

.debug_ranges   0x0000000000000000      0xfd0
 .debug_ranges  0x0000000000000000       0x58 Application/STM32CubeIDE/data_init.o
 .debug_ranges  0x0000000000000058       0x20 Application/STM32CubeIDE/startup_stm32wb55xx_cm4.o
 .debug_ranges  0x0000000000000078      0x128 Application/User/hw_ipcc.o
 .debug_ranges  0x00000000000001a0       0xf8 Application/User/se_cm0.o
 .debug_ranges  0x0000000000000298       0x98 Application/User/se_crypto_bootloader.o
 .debug_ranges  0x0000000000000330       0xb0 Application/User/se_low_level.o
 .debug_ranges  0x00000000000003e0       0x28 Application/User/stm32wbxx_hal_msp.o
 .debug_ranges  0x0000000000000408       0x20 Application/User/stm32wbxx_it.o
 .debug_ranges  0x0000000000000428      0x148 Drivers/STM32WBxx_HAL_Driver/stm32wbxx_hal_cortex.o
 .debug_ranges  0x0000000000000570       0x48 Drivers/STM32WBxx_HAL_Driver/stm32wbxx_hal_crc.o
 .debug_ranges  0x00000000000005b8       0x20 Drivers/STM32WBxx_HAL_Driver/stm32wbxx_hal_crc_ex.o
 .debug_ranges  0x00000000000005d8      0x210 Drivers/STM32WBxx_HAL_Driver/stm32wbxx_hal_cryp.o
 .debug_ranges  0x00000000000007e8       0x68 Drivers/STM32WBxx_HAL_Driver/stm32wbxx_hal_flash.o
 .debug_ranges  0x0000000000000850       0xd8 Drivers/STM32WBxx_HAL_Driver/stm32wbxx_hal_flash_ex.o
 .debug_ranges  0x0000000000000928      0x350 Drivers/STM32WBxx_HAL_Driver/stm32wbxx_hal_pka.o
 .debug_ranges  0x0000000000000c78       0x20 Middlewares/STM32_Secure_Engine/se_callgate.o
 .debug_ranges  0x0000000000000c98       0x10 Middlewares/STM32_Secure_Engine/se_exception.o
 .debug_ranges  0x0000000000000ca8       0x20 Middlewares/STM32_Secure_Engine/se_fwimg.o
 .debug_ranges  0x0000000000000cc8       0x10 Middlewares/STM32_Secure_Engine/se_startup.o
 .debug_ranges  0x0000000000000cd8       0x10 Middlewares/STM32_Secure_Engine/se_user_application.o
 .debug_ranges  0x0000000000000ce8       0x20 Middlewares/STM32_Secure_Engine/se_utils.o
 .debug_ranges  0x0000000000000d08      0x100 Middlewares/STM32_WPAN/shci.o
 .debug_ranges  0x0000000000000e08       0x90 Middlewares/STM32_WPAN/shci_tl.o
 .debug_ranges  0x0000000000000e98       0x10 Middlewares/STM32_WPAN/shci_tl_if.o
 .debug_ranges  0x0000000000000ea8       0x98 Middlewares/STM32_WPAN/stm_list.o
 .debug_ranges  0x0000000000000f40       0x90 Middlewares/STM32_WPAN/tl_mbox.o

.debug_macro    0x0000000000000000    0x2a9b4
 .debug_macro   0x0000000000000000       0x20 Application/STM32CubeIDE/data_init.o
 .debug_macro   0x0000000000000020      0xab4 Application/STM32CubeIDE/data_init.o
 .debug_macro   0x0000000000000ad4      0x34e Application/STM32CubeIDE/data_init.o
 .debug_macro   0x0000000000000e22      0x55f Application/User/hw_ipcc.o
 .debug_macro   0x0000000000001381       0x22 Application/User/hw_ipcc.o
 .debug_macro   0x00000000000013a3       0x8e Application/User/hw_ipcc.o
 .debug_macro   0x0000000000001431       0x51 Application/User/hw_ipcc.o
 .debug_macro   0x0000000000001482      0x103 Application/User/hw_ipcc.o
 .debug_macro   0x0000000000001585       0x6a Application/User/hw_ipcc.o
 .debug_macro   0x00000000000015ef      0x1df Application/User/hw_ipcc.o
 .debug_macro   0x00000000000017ce       0x52 Application/User/hw_ipcc.o
 .debug_macro   0x0000000000001820       0x18 Application/User/hw_ipcc.o
 .debug_macro   0x0000000000001838       0x3c Application/User/hw_ipcc.o
 .debug_macro   0x0000000000001874       0x34 Application/User/hw_ipcc.o
 .debug_macro   0x00000000000018a8      0x174 Application/User/hw_ipcc.o
 .debug_macro   0x0000000000001a1c       0x16 Application/User/hw_ipcc.o
 .debug_macro   0x0000000000001a32       0x43 Application/User/hw_ipcc.o
 .debug_macro   0x0000000000001a75       0x34 Application/User/hw_ipcc.o
 .debug_macro   0x0000000000001aa9       0x10 Application/User/hw_ipcc.o
 .debug_macro   0x0000000000001ab9       0x58 Application/User/hw_ipcc.o
 .debug_macro   0x0000000000001b11       0x71 Application/User/hw_ipcc.o
 .debug_macro   0x0000000000001b82       0x1c Application/User/hw_ipcc.o
 .debug_macro   0x0000000000001b9e      0x12a Application/User/hw_ipcc.o
 .debug_macro   0x0000000000001cc8      0x339 Application/User/hw_ipcc.o
 .debug_macro   0x0000000000002001       0x10 Application/User/hw_ipcc.o
 .debug_macro   0x0000000000002011       0x35 Application/User/hw_ipcc.o
 .debug_macro   0x0000000000002046       0x20 Application/User/hw_ipcc.o
 .debug_macro   0x0000000000002066       0x1c Application/User/hw_ipcc.o
 .debug_macro   0x0000000000002082       0x10 Application/User/hw_ipcc.o
 .debug_macro   0x0000000000002092       0x10 Application/User/hw_ipcc.o
 .debug_macro   0x00000000000020a2       0x1c Application/User/hw_ipcc.o
 .debug_macro   0x00000000000020be       0x52 Application/User/hw_ipcc.o
 .debug_macro   0x0000000000002110       0x22 Application/User/hw_ipcc.o
 .debug_macro   0x0000000000002132       0x10 Application/User/hw_ipcc.o
 .debug_macro   0x0000000000002142       0x40 Application/User/hw_ipcc.o
 .debug_macro   0x0000000000002182       0xd5 Application/User/hw_ipcc.o
 .debug_macro   0x0000000000002257       0x1c Application/User/hw_ipcc.o
 .debug_macro   0x0000000000002273       0x3d Application/User/hw_ipcc.o
 .debug_macro   0x00000000000022b0       0x16 Application/User/hw_ipcc.o
 .debug_macro   0x00000000000022c6      0x145 Application/User/hw_ipcc.o
 .debug_macro   0x000000000000240b       0x16 Application/User/hw_ipcc.o
 .debug_macro   0x0000000000002421       0x16 Application/User/hw_ipcc.o
 .debug_macro   0x0000000000002437       0x29 Application/User/hw_ipcc.o
 .debug_macro   0x0000000000002460       0x4c Application/User/hw_ipcc.o
 .debug_macro   0x00000000000024ac      0x175 Application/User/hw_ipcc.o
 .debug_macro   0x0000000000002621       0x2e Application/User/hw_ipcc.o
 .debug_macro   0x000000000000264f       0x2e Application/User/hw_ipcc.o
 .debug_macro   0x000000000000267d       0x1c Application/User/hw_ipcc.o
 .debug_macro   0x0000000000002699       0x22 Application/User/hw_ipcc.o
 .debug_macro   0x00000000000026bb       0xd9 Application/User/hw_ipcc.o
 .debug_macro   0x0000000000002794     0x102d Application/User/hw_ipcc.o
 .debug_macro   0x00000000000037c1      0x11f Application/User/hw_ipcc.o
 .debug_macro   0x00000000000038e0    0x12acd Application/User/hw_ipcc.o
 .debug_macro   0x00000000000163ad       0x42 Application/User/hw_ipcc.o
 .debug_macro   0x00000000000163ef      0x166 Application/User/hw_ipcc.o
 .debug_macro   0x0000000000016555     0x347d Application/User/hw_ipcc.o
 .debug_macro   0x00000000000199d2       0x56 Application/User/hw_ipcc.o
 .debug_macro   0x0000000000019a28      0x3f5 Application/User/hw_ipcc.o
 .debug_macro   0x0000000000019e1d      0x286 Application/User/hw_ipcc.o
 .debug_macro   0x000000000001a0a3      0x30d Application/User/hw_ipcc.o
 .debug_macro   0x000000000001a3b0      0x17e Application/User/hw_ipcc.o
 .debug_macro   0x000000000001a52e       0x43 Application/User/hw_ipcc.o
 .debug_macro   0x000000000001a571      0xc98 Application/User/hw_ipcc.o
 .debug_macro   0x000000000001b209      0x5b4 Application/User/hw_ipcc.o
 .debug_macro   0x000000000001b7bd      0x1ca Application/User/hw_ipcc.o
 .debug_macro   0x000000000001b987      0x236 Application/User/hw_ipcc.o
 .debug_macro   0x000000000001bbbd       0xd5 Application/User/hw_ipcc.o
 .debug_macro   0x000000000001bc92       0x4c Application/User/hw_ipcc.o
 .debug_macro   0x000000000001bcde      0x14c Application/User/hw_ipcc.o
 .debug_macro   0x000000000001be2a       0x27 Application/User/hw_ipcc.o
 .debug_macro   0x000000000001be51      0x24a Application/User/hw_ipcc.o
 .debug_macro   0x000000000001c09b      0x57b Application/User/hw_ipcc.o
 .debug_macro   0x000000000001c616       0x1c Application/User/hw_ipcc.o
 .debug_macro   0x000000000001c632      0x100 Application/User/hw_ipcc.o
 .debug_macro   0x000000000001c732      0x137 Application/User/hw_ipcc.o
 .debug_macro   0x000000000001c869      0x1ce Application/User/hw_ipcc.o
 .debug_macro   0x000000000001ca37      0x22c Application/User/hw_ipcc.o
 .debug_macro   0x000000000001cc63       0x55 Application/User/hw_ipcc.o
 .debug_macro   0x000000000001ccb8       0xa5 Application/User/hw_ipcc.o
 .debug_macro   0x000000000001cd5d       0x4a Application/User/hw_ipcc.o
 .debug_macro   0x000000000001cda7       0x85 Application/User/hw_ipcc.o
 .debug_macro   0x000000000001ce2c      0x10f Application/User/hw_ipcc.o
 .debug_macro   0x000000000001cf3b      0x381 Application/User/hw_ipcc.o
 .debug_macro   0x000000000001d2bc      0x13e Application/User/hw_ipcc.o
 .debug_macro   0x000000000001d3fa      0x141 Application/User/hw_ipcc.o
 .debug_macro   0x000000000001d53b      0x500 Application/User/hw_ipcc.o
 .debug_macro   0x000000000001da3b      0x874 Application/User/hw_ipcc.o
 .debug_macro   0x000000000001e2af      0x259 Application/User/hw_ipcc.o
 .debug_macro   0x000000000001e508     0x1b24 Application/User/hw_ipcc.o
 .debug_macro   0x000000000002002c       0xe4 Application/User/hw_ipcc.o
 .debug_macro   0x0000000000020110      0x5dc Application/User/hw_ipcc.o
 .debug_macro   0x00000000000206ec      0x33d Application/User/hw_ipcc.o
 .debug_macro   0x0000000000020a29      0x4e5 Application/User/hw_ipcc.o
 .debug_macro   0x0000000000020f0e       0xdd Application/User/hw_ipcc.o
 .debug_macro   0x0000000000020feb      0x2fe Application/User/hw_ipcc.o
 .debug_macro   0x00000000000212e9      0x67e Application/User/hw_ipcc.o
 .debug_macro   0x0000000000021967       0xa6 Application/User/hw_ipcc.o
 .debug_macro   0x0000000000021a0d      0x34b Application/User/hw_ipcc.o
 .debug_macro   0x0000000000021d58       0xb9 Application/User/hw_ipcc.o
 .debug_macro   0x0000000000021e11      0x557 Application/User/hw_ipcc.o
 .debug_macro   0x0000000000022368      0x433 Application/User/hw_ipcc.o
 .debug_macro   0x000000000002279b       0x82 Application/User/hw_ipcc.o
 .debug_macro   0x000000000002281d      0x1a7 Application/User/hw_ipcc.o
 .debug_macro   0x00000000000229c4       0x45 Application/User/hw_ipcc.o
 .debug_macro   0x0000000000022a09       0xf5 Application/User/hw_ipcc.o
 .debug_macro   0x0000000000022afe      0x14e Application/User/hw_ipcc.o
 .debug_macro   0x0000000000022c4c      0x45b Application/User/hw_ipcc.o
 .debug_macro   0x00000000000230a7      0x1ff Application/User/hw_ipcc.o
 .debug_macro   0x00000000000232a6      0x1ff Application/User/hw_ipcc.o
 .debug_macro   0x00000000000234a5       0xa0 Application/User/hw_ipcc.o
 .debug_macro   0x0000000000023545       0x1c Application/User/hw_ipcc.o
 .debug_macro   0x0000000000023561      0x13a Application/User/hw_ipcc.o
 .debug_macro   0x000000000002369b       0xac Application/User/hw_ipcc.o
 .debug_macro   0x0000000000023747      0x59a Application/User/se_cm0.o
 .debug_macro   0x0000000000023ce1       0xc7 Application/User/se_cm0.o
 .debug_macro   0x0000000000023da8       0xa6 Application/User/se_cm0.o
 .debug_macro   0x0000000000023e4e       0xb2 Application/User/se_cm0.o
 .debug_macro   0x0000000000023f00      0x30b Application/User/se_cm0.o
 .debug_macro   0x000000000002420b       0x28 Application/User/se_cm0.o
 .debug_macro   0x0000000000024233       0x28 Application/User/se_cm0.o
 .debug_macro   0x000000000002425b       0x28 Application/User/se_cm0.o
 .debug_macro   0x0000000000024283       0xf3 Application/User/se_cm0.o
 .debug_macro   0x0000000000024376      0x900 Application/User/se_crypto_bootloader.o
 .debug_macro   0x0000000000024c76       0x4c Application/User/se_crypto_bootloader.o
 .debug_macro   0x0000000000024cc2       0x94 Application/User/se_crypto_bootloader.o
 .debug_macro   0x0000000000024d56       0x57 Application/User/se_crypto_bootloader.o
 .debug_macro   0x0000000000024dad       0x22 Application/User/se_crypto_bootloader.o
 .debug_macro   0x0000000000024dcf      0x148 Application/User/se_crypto_bootloader.o
 .debug_macro   0x0000000000024f17       0x46 Application/User/se_crypto_bootloader.o
 .debug_macro   0x0000000000024f5d       0x77 Application/User/se_crypto_bootloader.o
 .debug_macro   0x0000000000024fd4      0x213 Application/User/se_crypto_bootloader.o
 .debug_macro   0x00000000000251e7       0x82 Application/User/se_crypto_bootloader.o
 .debug_macro   0x0000000000025269       0x6a Application/User/se_crypto_bootloader.o
 .debug_macro   0x00000000000252d3       0x3a Application/User/se_crypto_bootloader.o
 .debug_macro   0x000000000002530d       0x16 Application/User/se_crypto_bootloader.o
 .debug_macro   0x0000000000025323       0x16 Application/User/se_crypto_bootloader.o
 .debug_macro   0x0000000000025339       0x16 Application/User/se_crypto_bootloader.o
 .debug_macro   0x000000000002534f       0x10 Application/User/se_crypto_bootloader.o
 .debug_macro   0x000000000002535f       0x10 Application/User/se_crypto_bootloader.o
 .debug_macro   0x000000000002536f       0x10 Application/User/se_crypto_bootloader.o
 .debug_macro   0x000000000002537f       0x10 Application/User/se_crypto_bootloader.o
 .debug_macro   0x000000000002538f       0x10 Application/User/se_crypto_bootloader.o
 .debug_macro   0x000000000002539f       0x10 Application/User/se_crypto_bootloader.o
 .debug_macro   0x00000000000253af       0x34 Application/User/se_crypto_bootloader.o
 .debug_macro   0x00000000000253e3       0x10 Application/User/se_crypto_bootloader.o
 .debug_macro   0x00000000000253f3       0x3a Application/User/se_crypto_bootloader.o
 .debug_macro   0x000000000002542d       0x16 Application/User/se_crypto_bootloader.o
 .debug_macro   0x0000000000025443       0x1c Application/User/se_crypto_bootloader.o
 .debug_macro   0x000000000002545f       0x64 Application/User/se_crypto_bootloader.o
 .debug_macro   0x00000000000254c3       0x10 Application/User/se_crypto_bootloader.o
 .debug_macro   0x00000000000254d3       0xb6 Application/User/se_crypto_bootloader.o
 .debug_macro   0x0000000000025589       0x52 Application/User/se_crypto_bootloader.o
 .debug_macro   0x00000000000255db       0x50 Application/User/se_crypto_bootloader.o
 .debug_macro   0x000000000002562b       0x1c Application/User/se_crypto_bootloader.o
 .debug_macro   0x0000000000025647      0x41f Application/User/se_low_level.o
 .debug_macro   0x0000000000025a66       0x5e Application/User/se_low_level.o
 .debug_macro   0x0000000000025ac4       0xdf Application/User/se_low_level.o
 .debug_macro   0x0000000000025ba3       0x5c Application/User/se_low_level.o
 .debug_macro   0x0000000000025bff      0x333 Application/User/se_low_level.o
 .debug_macro   0x0000000000025f32      0x33d Application/User/stm32wbxx_hal_msp.o
 .debug_macro   0x000000000002626f       0x25 Application/User/stm32wbxx_it.o
 .debug_macro   0x0000000000026294      0x2d8 Drivers/STM32WBxx_HAL_Driver/stm32wbxx_hal_cortex.o
 .debug_macro   0x000000000002656c      0x2d8 Drivers/STM32WBxx_HAL_Driver/stm32wbxx_hal_crc.o
 .debug_macro   0x0000000000026844      0x2d8 Drivers/STM32WBxx_HAL_Driver/stm32wbxx_hal_crc_ex.o
 .debug_macro   0x0000000000026b1c      0x357 Drivers/STM32WBxx_HAL_Driver/stm32wbxx_hal_cryp.o
 .debug_macro   0x0000000000026e73      0x2de Drivers/STM32WBxx_HAL_Driver/stm32wbxx_hal_flash.o
 .debug_macro   0x0000000000027151      0x2d8 Drivers/STM32WBxx_HAL_Driver/stm32wbxx_hal_flash_ex.o
 .debug_macro   0x0000000000027429      0x2f5 Drivers/STM32WBxx_HAL_Driver/stm32wbxx_hal_pka.o
 .debug_macro   0x000000000002771e      0x938 Middlewares/STM32_Secure_Engine/se_callgate.o
 .debug_macro   0x0000000000028056       0x58 Middlewares/STM32_Secure_Engine/se_callgate.o
 .debug_macro   0x00000000000280ae      0x10e Middlewares/STM32_Secure_Engine/se_callgate.o
 .debug_macro   0x00000000000281bc       0x8d Middlewares/STM32_Secure_Engine/se_callgate.o
 .debug_macro   0x0000000000028249       0x94 Middlewares/STM32_Secure_Engine/se_callgate.o
 .debug_macro   0x00000000000282dd       0x16 Middlewares/STM32_Secure_Engine/se_callgate.o
 .debug_macro   0x00000000000282f3       0x16 Middlewares/STM32_Secure_Engine/se_callgate.o
 .debug_macro   0x0000000000028309       0x34 Middlewares/STM32_Secure_Engine/se_callgate.o
 .debug_macro   0x000000000002833d      0x34f Middlewares/STM32_Secure_Engine/se_exception.o
 .debug_macro   0x000000000002868c      0x423 Middlewares/STM32_Secure_Engine/se_fwimg.o
 .debug_macro   0x0000000000028aaf       0xa1 Middlewares/STM32_Secure_Engine/se_startup.o
 .debug_macro   0x0000000000028b50      0x419 Middlewares/STM32_Secure_Engine/se_user_application.o
 .debug_macro   0x0000000000028f69      0x34f Middlewares/STM32_Secure_Engine/se_utils.o
 .debug_macro   0x00000000000292b8      0x4e1 Middlewares/STM32_WPAN/shci.o
 .debug_macro   0x0000000000029799       0xac Middlewares/STM32_WPAN/shci.o
 .debug_macro   0x0000000000029845      0x278 Middlewares/STM32_WPAN/shci_tl.o
 .debug_macro   0x0000000000029abd      0x26e Middlewares/STM32_WPAN/shci_tl_if.o
 .debug_macro   0x0000000000029d2b      0x54e Middlewares/STM32_WPAN/stm_list.o
 .debug_macro   0x000000000002a279      0x12e Middlewares/STM32_WPAN/stm_list.o
 .debug_macro   0x000000000002a3a7      0x569 Middlewares/STM32_WPAN/tl_mbox.o
 .debug_macro   0x000000000002a910       0x1c Middlewares/STM32_WPAN/tl_mbox.o
 .debug_macro   0x000000000002a92c       0x88 Middlewares/STM32_WPAN/tl_mbox.o

.debug_line     0x0000000000000000    0x1c083
 .debug_line    0x0000000000000000      0x2ac Application/STM32CubeIDE/data_init.o
 .debug_line    0x00000000000002ac      0x108 Application/STM32CubeIDE/se_key.o
 .debug_line    0x00000000000003b4       0xf6 Application/STM32CubeIDE/startup_stm32wb55xx_cm4.o
 .debug_line    0x00000000000004aa     0x129e Application/User/hw_ipcc.o
 .debug_line    0x0000000000001748     0x1299 Application/User/se_cm0.o
 .debug_line    0x00000000000029e1     0x2979 Application/User/se_crypto_bootloader.o
 .debug_line    0x000000000000535a     0x12a6 Application/User/se_low_level.o
 .debug_line    0x0000000000006600      0xbcc Application/User/stm32wbxx_hal_msp.o
 .debug_line    0x00000000000071cc      0x175 Application/User/stm32wbxx_it.o
 .debug_line    0x0000000000007341      0xf06 Drivers/STM32WBxx_HAL_Driver/stm32wbxx_hal_cortex.o
 .debug_line    0x0000000000008247      0xd26 Drivers/STM32WBxx_HAL_Driver/stm32wbxx_hal_crc.o
 .debug_line    0x0000000000008f6d      0xa66 Drivers/STM32WBxx_HAL_Driver/stm32wbxx_hal_crc_ex.o
 .debug_line    0x00000000000099d3     0x409f Drivers/STM32WBxx_HAL_Driver/stm32wbxx_hal_cryp.o
 .debug_line    0x000000000000da72      0xf13 Drivers/STM32WBxx_HAL_Driver/stm32wbxx_hal_flash.o
 .debug_line    0x000000000000e985     0x1108 Drivers/STM32WBxx_HAL_Driver/stm32wbxx_hal_flash_ex.o
 .debug_line    0x000000000000fa8d     0x1d6a Drivers/STM32WBxx_HAL_Driver/stm32wbxx_hal_pka.o
 .debug_line    0x00000000000117f7     0x2bcf Middlewares/STM32_Secure_Engine/se_callgate.o
 .debug_line    0x00000000000143c6      0xb07 Middlewares/STM32_Secure_Engine/se_exception.o
 .debug_line    0x0000000000014ecd      0xd57 Middlewares/STM32_Secure_Engine/se_fwimg.o
 .debug_line    0x0000000000015c24      0x453 Middlewares/STM32_Secure_Engine/se_startup.o
 .debug_line    0x0000000000016077      0xc6a Middlewares/STM32_Secure_Engine/se_user_application.o
 .debug_line    0x0000000000016ce1      0xb80 Middlewares/STM32_Secure_Engine/se_utils.o
 .debug_line    0x0000000000017861     0x13a5 Middlewares/STM32_WPAN/shci.o
 .debug_line    0x0000000000018c06      0x9a5 Middlewares/STM32_WPAN/shci_tl.o
 .debug_line    0x00000000000195ab      0x6db Middlewares/STM32_WPAN/shci_tl_if.o
 .debug_line    0x0000000000019c86     0x122f Middlewares/STM32_WPAN/stm_list.o
 .debug_line    0x000000000001aeb5     0x11ce Middlewares/STM32_WPAN/tl_mbox.o

.debug_str      0x0000000000000000   0x100089
 .debug_str     0x0000000000000000     0x38a0 Application/STM32CubeIDE/data_init.o
                                       0x3a11 (size before relaxing)
 .debug_str     0x00000000000038a0       0xb4 Application/STM32CubeIDE/se_key.o
                                        0x17d (size before relaxing)
 .debug_str     0x0000000000003954       0xb7 Application/STM32CubeIDE/startup_stm32wb55xx_cm4.o
                                        0x18e (size before relaxing)
 .debug_str     0x0000000000003a0b    0xf078d Application/User/hw_ipcc.o
                                      0xf4a69 (size before relaxing)
 .debug_str     0x00000000000f4198     0x3379 Application/User/se_cm0.o
                                      0xf7829 (size before relaxing)
 .debug_str     0x00000000000f7511     0x3ada Application/User/se_crypto_bootloader.o
                                      0xfaacd (size before relaxing)
 .debug_str     0x00000000000fafeb      0x561 Application/User/se_low_level.o
                                      0xeead7 (size before relaxing)
 .debug_str     0x00000000000fb54c      0x173 Application/User/stm32wbxx_hal_msp.o
                                      0xeb874 (size before relaxing)
 .debug_str     0x00000000000fb6bf       0xf1 Application/User/stm32wbxx_it.o
                                       0x2f6c (size before relaxing)
 .debug_str     0x00000000000fb7b0      0x3af Drivers/STM32WBxx_HAL_Driver/stm32wbxx_hal_cortex.o
                                      0xea1b4 (size before relaxing)
 .debug_str     0x00000000000fbb5f      0x112 Drivers/STM32WBxx_HAL_Driver/stm32wbxx_hal_crc.o
                                      0xe9ae1 (size before relaxing)
 .debug_str     0x00000000000fbc71       0xad Drivers/STM32WBxx_HAL_Driver/stm32wbxx_hal_crc_ex.o
                                      0xe9a9b (size before relaxing)
 .debug_str     0x00000000000fbd1e      0x72d Drivers/STM32WBxx_HAL_Driver/stm32wbxx_hal_cryp.o
                                      0xea4a6 (size before relaxing)
 .debug_str     0x00000000000fc44b      0x22d Drivers/STM32WBxx_HAL_Driver/stm32wbxx_hal_flash.o
                                      0xe9b87 (size before relaxing)
 .debug_str     0x00000000000fc678      0x4b7 Drivers/STM32WBxx_HAL_Driver/stm32wbxx_hal_flash_ex.o
                                      0xe9df4 (size before relaxing)
 .debug_str     0x00000000000fcb2f      0x978 Drivers/STM32WBxx_HAL_Driver/stm32wbxx_hal_pka.o
                                      0xea39b (size before relaxing)
 .debug_str     0x00000000000fd4a7      0x9f1 Middlewares/STM32_Secure_Engine/se_callgate.o
                                      0xfa6a4 (size before relaxing)
 .debug_str     0x00000000000fde98       0x7e Middlewares/STM32_Secure_Engine/se_exception.o
                                      0xeb088 (size before relaxing)
 .debug_str     0x00000000000fdf16       0x9a Middlewares/STM32_Secure_Engine/se_fwimg.o
                                      0xee2c4 (size before relaxing)
 .debug_str     0x00000000000fdfb0       0x8c Middlewares/STM32_Secure_Engine/se_startup.o
                                       0x41e8 (size before relaxing)
 .debug_str     0x00000000000fe03c       0xa1 Middlewares/STM32_Secure_Engine/se_user_application.o
                                      0xee381 (size before relaxing)
 .debug_str     0x00000000000fe0dd       0xb0 Middlewares/STM32_Secure_Engine/se_utils.o
                                      0xeb073 (size before relaxing)
 .debug_str     0x00000000000fe18d     0x138b Middlewares/STM32_WPAN/shci.o
                                      0xf16c2 (size before relaxing)
 .debug_str     0x00000000000ff518      0x37e Middlewares/STM32_WPAN/shci_tl.o
                                       0x98ff (size before relaxing)
 .debug_str     0x00000000000ff896       0x94 Middlewares/STM32_WPAN/shci_tl_if.o
                                       0x9475 (size before relaxing)
 .debug_str     0x00000000000ff92a      0x129 Middlewares/STM32_WPAN/stm_list.o
                                      0xf3a83 (size before relaxing)
 .debug_str     0x00000000000ffa53      0x636 Middlewares/STM32_WPAN/tl_mbox.o
                                      0xf4dca (size before relaxing)

.comment        0x0000000000000000       0xd2
 .comment       0x0000000000000000       0x53 Application/STM32CubeIDE/data_init.o
                                         0x54 (size before relaxing)
 .comment       0x0000000000000053       0x54 Application/User/hw_ipcc.o
 .comment       0x0000000000000053       0x54 Application/User/se_cm0.o
 .comment       0x0000000000000053       0x54 Application/User/se_crypto_bootloader.o
 .comment       0x0000000000000053       0x54 Application/User/se_low_level.o
 .comment       0x0000000000000053       0x54 Application/User/stm32wbxx_hal_msp.o
 .comment       0x0000000000000053       0x54 Application/User/stm32wbxx_it.o
 .comment       0x0000000000000053       0x54 Drivers/STM32WBxx_HAL_Driver/stm32wbxx_hal_cortex.o
 .comment       0x0000000000000053       0x54 Drivers/STM32WBxx_HAL_Driver/stm32wbxx_hal_crc.o
 .comment       0x0000000000000053       0x54 Drivers/STM32WBxx_HAL_Driver/stm32wbxx_hal_crc_ex.o
 .comment       0x0000000000000053       0x54 Drivers/STM32WBxx_HAL_Driver/stm32wbxx_hal_cryp.o
 .comment       0x0000000000000053       0x54 Drivers/STM32WBxx_HAL_Driver/stm32wbxx_hal_flash.o
 .comment       0x0000000000000053       0x54 Drivers/STM32WBxx_HAL_Driver/stm32wbxx_hal_flash_ex.o
 .comment       0x0000000000000053       0x54 Drivers/STM32WBxx_HAL_Driver/stm32wbxx_hal_pka.o
 .comment       0x0000000000000053       0x54 Middlewares/STM32_Secure_Engine/se_callgate.o
 .comment       0x0000000000000053       0x54 Middlewares/STM32_Secure_Engine/se_exception.o
 .comment       0x0000000000000053       0x54 Middlewares/STM32_Secure_Engine/se_fwimg.o
 .comment       0x0000000000000053       0x54 Middlewares/STM32_Secure_Engine/se_startup.o
 .comment       0x0000000000000053       0x54 Middlewares/STM32_Secure_Engine/se_user_application.o
 .comment       0x0000000000000053       0x54 Middlewares/STM32_Secure_Engine/se_utils.o
 .comment       0x0000000000000053       0x54 Middlewares/STM32_WPAN/shci.o
 .comment       0x0000000000000053       0x54 Middlewares/STM32_WPAN/shci_tl.o
 .comment       0x0000000000000053       0x54 Middlewares/STM32_WPAN/shci_tl_if.o
 .comment       0x0000000000000053       0x54 Middlewares/STM32_WPAN/stm_list.o
 .comment       0x0000000000000053       0x54 Middlewares/STM32_WPAN/tl_mbox.o
 .comment       0x0000000000000053       0x7f ../../../../../../../../Middlewares/ST/STM32_Cryptographic/Fw_Crypto/STM32WB/Lib/STM32CryptographicV3.1.3_CM4_GCC.a(crypto.o)
                                         0x80 (size before relaxing)

.debug_frame    0x0000000000000000     0x2014
 .debug_frame   0x0000000000000000       0x64 Application/STM32CubeIDE/data_init.o
 .debug_frame   0x0000000000000064      0x140 Application/User/hw_ipcc.o
 .debug_frame   0x00000000000001a4       0xa0 Application/User/se_cm0.o
 .debug_frame   0x0000000000000244      0x130 Application/User/se_crypto_bootloader.o
 .debug_frame   0x0000000000000374      0x1a0 Application/User/se_low_level.o
 .debug_frame   0x0000000000000514       0x60 Application/User/stm32wbxx_hal_msp.o
 .debug_frame   0x0000000000000574       0x40 Application/User/stm32wbxx_it.o
 .debug_frame   0x00000000000005b4      0x148 Drivers/STM32WBxx_HAL_Driver/stm32wbxx_hal_cortex.o
 .debug_frame   0x00000000000006fc       0xf0 Drivers/STM32WBxx_HAL_Driver/stm32wbxx_hal_crc.o
 .debug_frame   0x00000000000007ec       0x48 Drivers/STM32WBxx_HAL_Driver/stm32wbxx_hal_crc_ex.o
 .debug_frame   0x0000000000000834      0x460 Drivers/STM32WBxx_HAL_Driver/stm32wbxx_hal_cryp.o
 .debug_frame   0x0000000000000c94      0x128 Drivers/STM32WBxx_HAL_Driver/stm32wbxx_hal_flash.o
 .debug_frame   0x0000000000000dbc       0xdc Drivers/STM32WBxx_HAL_Driver/stm32wbxx_hal_flash_ex.o
 .debug_frame   0x0000000000000e98      0x888 Drivers/STM32WBxx_HAL_Driver/stm32wbxx_hal_pka.o
 .debug_frame   0x0000000000001720       0x84 Middlewares/STM32_Secure_Engine/se_callgate.o
 .debug_frame   0x00000000000017a4       0x20 Middlewares/STM32_Secure_Engine/se_exception.o
 .debug_frame   0x00000000000017c4       0x78 Middlewares/STM32_Secure_Engine/se_fwimg.o
 .debug_frame   0x000000000000183c       0x28 Middlewares/STM32_Secure_Engine/se_startup.o
 .debug_frame   0x0000000000001864       0x34 Middlewares/STM32_Secure_Engine/se_user_application.o
 .debug_frame   0x0000000000001898       0x54 Middlewares/STM32_Secure_Engine/se_utils.o
 .debug_frame   0x00000000000018ec      0x30c Middlewares/STM32_WPAN/shci.o
 .debug_frame   0x0000000000001bf8       0xf4 Middlewares/STM32_WPAN/shci_tl.o
 .debug_frame   0x0000000000001cec       0x20 Middlewares/STM32_WPAN/shci_tl_if.o
 .debug_frame   0x0000000000001d0c       0xe0 Middlewares/STM32_WPAN/stm_list.o
 .debug_frame   0x0000000000001dec      0x1b4 Middlewares/STM32_WPAN/tl_mbox.o
 .debug_frame   0x0000000000001fa0       0x2c /opt/st/stm32cubeide_1.6.1/plugins/com.st.stm32cube.ide.mcu.externaltools.gnu-tools-for-stm32.9-2020-q2-update.linux64_1.5.0.202011040924/tools/bin/../lib/gcc/arm-none-eabi/9.3.1/../../../../arm-none-eabi/lib/thumb/v7e-m+fp/softfp/libc_nano.a(lib_a-memcmp.o)
 .debug_frame   0x0000000000001fcc       0x28 /opt/st/stm32cubeide_1.6.1/plugins/com.st.stm32cube.ide.mcu.externaltools.gnu-tools-for-stm32.9-2020-q2-update.linux64_1.5.0.202011040924/tools/bin/../lib/gcc/arm-none-eabi/9.3.1/../../../../arm-none-eabi/lib/thumb/v7e-m+fp/softfp/libc_nano.a(lib_a-memcpy-stub.o)
 .debug_frame   0x0000000000001ff4       0x20 /opt/st/stm32cubeide_1.6.1/plugins/com.st.stm32cube.ide.mcu.externaltools.gnu-tools-for-stm32.9-2020-q2-update.linux64_1.5.0.202011040924/tools/bin/../lib/gcc/arm-none-eabi/9.3.1/../../../../arm-none-eabi/lib/thumb/v7e-m+fp/softfp/libc_nano.a(lib_a-memset.o)

.debug_loc      0x0000000000000000     0xab85
 .debug_loc     0x0000000000000000      0x58a Application/User/hw_ipcc.o
 .debug_loc     0x000000000000058a      0x1f9 Application/User/se_cm0.o
 .debug_loc     0x0000000000000783      0xa23 Application/User/se_crypto_bootloader.o
 .debug_loc     0x00000000000011a6      0xbca Application/User/se_low_level.o
 .debug_loc     0x0000000000001d70       0x90 Application/User/stm32wbxx_hal_msp.o
 .debug_loc     0x0000000000001e00      0x57b Drivers/STM32WBxx_HAL_Driver/stm32wbxx_hal_cortex.o
 .debug_loc     0x000000000000237b      0x586 Drivers/STM32WBxx_HAL_Driver/stm32wbxx_hal_crc.o
 .debug_loc     0x0000000000002901      0x1a0 Drivers/STM32WBxx_HAL_Driver/stm32wbxx_hal_crc_ex.o
 .debug_loc     0x0000000000002aa1     0x30e7 Drivers/STM32WBxx_HAL_Driver/stm32wbxx_hal_cryp.o
 .debug_loc     0x0000000000005b88      0x4c3 Drivers/STM32WBxx_HAL_Driver/stm32wbxx_hal_flash.o
 .debug_loc     0x000000000000604b      0x7b6 Drivers/STM32WBxx_HAL_Driver/stm32wbxx_hal_flash_ex.o