Archive member included to satisfy reference by file (symbol)

/opt/st/stm32cubeide_1.6.1/plugins/com.st.stm32cube.ide.mcu.externaltools.gnu-tools-for-stm32.9-2020-q2-update.linux64_1.5.0.202011040924/tools/bin/../lib/gcc/arm-none-eabi/9.3.1/../../../../arm-none-eabi/lib/thumb/v7e-m+fp/hard/libc_nano.a(lib_a-errno.o)
                              Application/Core/syscalls.o (__errno)
/opt/st/stm32cubeide_1.6.1/plugins/com.st.stm32cube.ide.mcu.externaltools.gnu-tools-for-stm32.9-2020-q2-update.linux64_1.5.0.202011040924/tools/bin/../lib/gcc/arm-none-eabi/9.3.1/../../../../arm-none-eabi/lib/thumb/v7e-m+fp/hard/libc_nano.a(lib_a-exit.o)
                              /opt/st/stm32cubeide_1.6.1/plugins/com.st.stm32cube.ide.mcu.externaltools.gnu-tools-for-stm32.9-2020-q2-update.linux64_1.5.0.202011040924/tools/bin/../lib/gcc/arm-none-eabi/9.3.1/../../../../arm-none-eabi/lib/thumb/v7e-m+fp/hard/crt0.o (exit)
/opt/st/stm32cubeide_1.6.1/plugins/com.st.stm32cube.ide.mcu.externaltools.gnu-tools-for-stm32.9-2020-q2-update.linux64_1.5.0.202011040924/tools/bin/../lib/gcc/arm-none-eabi/9.3.1/../../../../arm-none-eabi/lib/thumb/v7e-m+fp/hard/libc_nano.a(lib_a-impure.o)
                              /opt/st/stm32cubeide_1.6.1/plugins/com.st.stm32cube.ide.mcu.externaltools.gnu-tools-for-stm32.9-2020-q2-update.linux64_1.5.0.202011040924/tools/bin/../lib/gcc/arm-none-eabi/9.3.1/../../../../arm-none-eabi/lib/thumb/v7e-m+fp/hard/libc_nano.a(lib_a-exit.o) (_global_impure_ptr)
/opt/st/stm32cubeide_1.6.1/plugins/com.st.stm32cube.ide.mcu.externaltools.gnu-tools-for-stm32.9-2020-q2-update.linux64_1.5.0.202011040924/tools/bin/../lib/gcc/arm-none-eabi/9.3.1/../../../../arm-none-eabi/lib/thumb/v7e-m+fp/hard/libc_nano.a(lib_a-init.o)
                              /opt/st/stm32cubeide_1.6.1/plugins/com.st.stm32cube.ide.mcu.externaltools.gnu-tools-for-stm32.9-2020-q2-update.linux64_1.5.0.202011040924/tools/bin/../lib/gcc/arm-none-eabi/9.3.1/../../../../arm-none-eabi/lib/thumb/v7e-m+fp/hard/crt0.o (__libc_init_array)
/opt/st/stm32cubeide_1.6.1/plugins/com.st.stm32cube.ide.mcu.externaltools.gnu-tools-for-stm32.9-2020-q2-update.linux64_1.5.0.202011040924/tools/bin/../lib/gcc/arm-none-eabi/9.3.1/../../../../arm-none-eabi/lib/thumb/v7e-m+fp/hard/libc_nano.a(lib_a-memcmp.o)
                              Middlewares/STM32_WPAN/ble/core/osal.o (memcmp)
/opt/st/stm32cubeide_1.6.1/plugins/com.st.stm32cube.ide.mcu.externaltools.gnu-tools-for-stm32.9-2020-q2-update.linux64_1.5.0.202011040924/tools/bin/../lib/gcc/arm-none-eabi/9.3.1/../../../../arm-none-eabi/lib/thumb/v7e-m+fp/hard/libc_nano.a(lib_a-memcpy-stub.o)
                              Application/STM32_WPAN/app/otas_app.o (memcpy)
/opt/st/stm32cubeide_1.6.1/plugins/com.st.stm32cube.ide.mcu.externaltools.gnu-tools-for-stm32.9-2020-q2-update.linux64_1.5.0.202011040924/tools/bin/../lib/gcc/arm-none-eabi/9.3.1/../../../../arm-none-eabi/lib/thumb/v7e-m+fp/hard/libc_nano.a(lib_a-memset.o)
                              /opt/st/stm32cubeide_1.6.1/plugins/com.st.stm32cube.ide.mcu.externaltools.gnu-tools-for-stm32.9-2020-q2-update.linux64_1.5.0.202011040924/tools/bin/../lib/gcc/arm-none-eabi/9.3.1/../../../../arm-none-eabi/lib/thumb/v7e-m+fp/hard/crt0.o (memset)
/opt/st/stm32cubeide_1.6.1/plugins/com.st.stm32cube.ide.mcu.externaltools.gnu-tools-for-stm32.9-2020-q2-update.linux64_1.5.0.202011040924/tools/bin/../lib/gcc/arm-none-eabi/9.3.1/../../../../arm-none-eabi/lib/thumb/v7e-m+fp/hard/libc_nano.a(lib_a-printf.o)
                              Middlewares/STM32_WPAN/utilities/dbg_trace.o (printf)
/opt/st/stm32cubeide_1.6.1/plugins/com.st.stm32cube.ide.mcu.externaltools.gnu-tools-for-stm32.9-2020-q2-update.linux64_1.5.0.202011040924/tools/bin/../lib/gcc/arm-none-eabi/9.3.1/../../../../arm-none-eabi/lib/thumb/v7e-m+fp/hard/libc_nano.a(lib_a-strrchr.o)
                              Middlewares/STM32_WPAN/utilities/dbg_trace.o (strrchr)
/opt/st/stm32cubeide_1.6.1/plugins/com.st.stm32cube.ide.mcu.externaltools.gnu-tools-for-stm32.9-2020-q2-update.linux64_1.5.0.202011040924/tools/bin/../lib/gcc/arm-none-eabi/9.3.1/../../../../arm-none-eabi/lib/thumb/v7e-m+fp/hard/libc_nano.a(lib_a-vprintf.o)
                              Middlewares/STM32_WPAN/utilities/dbg_trace.o (vprintf)
/opt/st/stm32cubeide_1.6.1/plugins/com.st.stm32cube.ide.mcu.externaltools.gnu-tools-for-stm32.9-2020-q2-update.linux64_1.5.0.202011040924/tools/bin/../lib/gcc/arm-none-eabi/9.3.1/../../../../arm-none-eabi/lib/thumb/v7e-m+fp/hard/libc_nano.a(lib_a-findfp.o)
                              /opt/st/stm32cubeide_1.6.1/plugins/com.st.stm32cube.ide.mcu.externaltools.gnu-tools-for-stm32.9-2020-q2-update.linux64_1.5.0.202011040924/tools/bin/../lib/gcc/arm-none-eabi/9.3.1/../../../../arm-none-eabi/lib/thumb/v7e-m+fp/hard/libc_nano.a(lib_a-printf.o) (__sinit)
[...]
Memory Configuration

Name             Origin             Length             Attributes
SE_Entry_Secure_ROM_Region 0x0000000008000200 0x0000000000000200 xr
SE_Key_region_ROM 0x0000000008000400 0x0000000000000100 xr
SE_Startup_region_ROM 0x0000000008000500 0x0000000000000100 xr
SE_ROM_region    0x0000000008000600 0x0000000000003700 xr
SE_IF_region_ROM 0x0000000008003d00 0x0000000000000600 xr
SB_ROM_region    0x0000000008004300 0x000000000000bd00 xr
LOADER_ROM_region 0x0000000008010000 0x0000000000005000 xr
SE_RAM_region    0x0000000020000400 0x0000000000000c00 xrw
LOADER_RAM_region 0x0000000020001010 0x000000000002eff0 xrw
SB_RAM_region    0x0000000020001010 0x000000000002eff0 xrw
RAM_SHARED       0x0000000020030000 0x0000000000002800 rw
*default*        0x0000000000000000 0xffffffffffffffff

Linker script and memory map

LOAD /opt/st/stm32cubeide_1.6.1/plugins/com.st.stm32cube.ide.mcu.externaltools.gnu-tools-for-stm32.9-2020-q2-update.linux64_1.5.0.202011040924/tools/bin/../lib/gcc/arm-none-eabi/9.3.1/thumb/v7e-m+fp/hard/crti.o
LOAD /opt/st/stm32cubeide_1.6.1/plugins/com.st.stm32cube.ide.mcu.externaltools.gnu-tools-for-stm32.9-2020-q2-update.linux64_1.5.0.202011040924/tools/bin/../lib/gcc/arm-none-eabi/9.3.1/thumb/v7e-m+fp/hard/crtbegin.o
LOAD /opt/st/stm32cubeide_1.6.1/plugins/com.st.stm32cube.ide.mcu.externaltools.gnu-tools-for-stm32.9-2020-q2-update.linux64_1.5.0.202011040924/tools/bin/../lib/gcc/arm-none-eabi/9.3.1/../../../../arm-none-eabi/lib/thumb/v7e-m+fp/hard/crt0.o
LOAD Application/Core/app_debug.o
LOAD Application/Core/app_entry.o
LOAD Application/Core/flash_driver.o
LOAD Application/Core/hw_timerserver.o
LOAD Application/Core/hw_uart.o
LOAD Application/Core/main.o
LOAD Application/Core/stm32_lpm_if.o
LOAD Application/Core/stm32wbxx_it.o
LOAD Application/Core/syscalls.o
LOAD Application/Core/sysmem.o
LOAD Application/STM32_WPAN/app/app_ble.o
LOAD Application/STM32_WPAN/app/otas_app.o
LOAD Application/STM32_WPAN/target/hw_ipcc.o
LOAD Application/Startup/startup_stm32wb55rgvx.o
LOAD Drivers/BSP/P-NUCLEO-WB55.Nucleo/stm32wbxx_nucleo.o
LOAD Drivers/CMSIS/system_stm32wbxx.o
LOAD Drivers/STM32WBxx_HAL_Driver/stm32wbxx_hal.o
LOAD Drivers/STM32WBxx_HAL_Driver/stm32wbxx_hal_adc.o
LOAD Drivers/STM32WBxx_HAL_Driver/stm32wbxx_hal_adc_ex.o
LOAD Drivers/STM32WBxx_HAL_Driver/stm32wbxx_hal_cortex.o
LOAD Drivers/STM32WBxx_HAL_Driver/stm32wbxx_hal_dma.o
LOAD Drivers/STM32WBxx_HAL_Driver/stm32wbxx_hal_flash.o
LOAD Drivers/STM32WBxx_HAL_Driver/stm32wbxx_hal_flash_ex.o
LOAD Drivers/STM32WBxx_HAL_Driver/stm32wbxx_hal_gpio.o
LOAD Drivers/STM32WBxx_HAL_Driver/stm32wbxx_hal_pwr.o
LOAD Drivers/STM32WBxx_HAL_Driver/stm32wbxx_hal_pwr_ex.o
LOAD Drivers/STM32WBxx_HAL_Driver/stm32wbxx_hal_rcc.o
LOAD Drivers/STM32WBxx_HAL_Driver/stm32wbxx_hal_rcc_ex.o
LOAD Drivers/STM32WBxx_HAL_Driver/stm32wbxx_hal_rtc.o
LOAD Drivers/STM32WBxx_HAL_Driver/stm32wbxx_hal_rtc_ex.o
LOAD Drivers/STM32WBxx_HAL_Driver/stm32wbxx_hal_spi.o
LOAD Drivers/STM32WBxx_HAL_Driver/stm32wbxx_hal_spi_ex.o
LOAD Drivers/STM32WBxx_HAL_Driver/stm32wbxx_hal_uart.o
LOAD Drivers/STM32WBxx_HAL_Driver/stm32wbxx_hal_uart_ex.o
LOAD Middlewares/STM32_WPAN/ble/blesvc/otas_stm.o
LOAD Middlewares/STM32_WPAN/ble/blesvc/svc_ctl.o
LOAD Middlewares/STM32_WPAN/ble/core/ble_gap_aci.o
LOAD Middlewares/STM32_WPAN/ble/core/ble_gatt_aci.o
LOAD Middlewares/STM32_WPAN/ble/core/ble_hal_aci.o
LOAD Middlewares/STM32_WPAN/ble/core/ble_hci_le.o
LOAD Middlewares/STM32_WPAN/ble/core/ble_l2cap_aci.o
LOAD Middlewares/STM32_WPAN/ble/core/osal.o
LOAD Middlewares/STM32_WPAN/interface/patterns/ble_thread/shci/shci.o
LOAD Middlewares/STM32_WPAN/interface/patterns/ble_thread/tl/hci_tl.o
LOAD Middlewares/STM32_WPAN/interface/patterns/ble_thread/tl/hci_tl_if.o
LOAD Middlewares/STM32_WPAN/interface/patterns/ble_thread/tl/shci_tl.o
LOAD Middlewares/STM32_WPAN/interface/patterns/ble_thread/tl/shci_tl_if.o
LOAD Middlewares/STM32_WPAN/interface/patterns/ble_thread/tl/tl_mbox.o
LOAD Middlewares/STM32_WPAN/utilities/dbg_trace.o
LOAD Middlewares/STM32_WPAN/utilities/otp.o
LOAD Middlewares/STM32_WPAN/utilities/stm_list.o
LOAD Middlewares/STM32_WPAN/utilities/stm_queue.o
LOAD Utilities/stm32_lpm.o
LOAD Utilities/stm32_seq.o
START GROUP
LOAD /opt/st/stm32cubeide_1.6.1/plugins/com.st.stm32cube.ide.mcu.externaltools.gnu-tools-for-stm32.9-2020-q2-update.linux64_1.5.0.202011040924/tools/bin/../lib/gcc/arm-none-eabi/9.3.1/../../../../arm-none-eabi/lib/thumb/v7e-m+fp/hard/libc_nano.a
LOAD /opt/st/stm32cubeide_1.6.1/plugins/com.st.stm32cube.ide.mcu.externaltools.gnu-tools-for-stm32.9-2020-q2-update.linux64_1.5.0.202011040924/tools/bin/../lib/gcc/arm-none-eabi/9.3.1/../../../../arm-none-eabi/lib/thumb/v7e-m+fp/hard/libm.a
END GROUP
START GROUP
LOAD /opt/st/stm32cubeide_1.6.1/plugins/com.st.stm32cube.ide.mcu.externaltools.gnu-tools-for-stm32.9-2020-q2-update.linux64_1.5.0.202011040924/tools/bin/../lib/gcc/arm-none-eabi/9.3.1/thumb/v7e-m+fp/hard/libgcc.a
LOAD /opt/st/stm32cubeide_1.6.1/plugins/com.st.stm32cube.ide.mcu.externaltools.gnu-tools-for-stm32.9-2020-q2-update.linux64_1.5.0.202011040924/tools/bin/../lib/gcc/arm-none-eabi/9.3.1/../../../../arm-none-eabi/lib/thumb/v7e-m+fp/hard/libc_nano.a
END GROUP
START GROUP
LOAD /opt/st/stm32cubeide_1.6.1/plugins/com.st.stm32cube.ide.mcu.externaltools.gnu-tools-for-stm32.9-2020-q2-update.linux64_1.5.0.202011040924/tools/bin/../lib/gcc/arm-none-eabi/9.3.1/thumb/v7e-m+fp/hard/libgcc.a
LOAD /opt/st/stm32cubeide_1.6.1/plugins/com.st.stm32cube.ide.mcu.externaltools.gnu-tools-for-stm32.9-2020-q2-update.linux64_1.5.0.202011040924/tools/bin/../lib/gcc/arm-none-eabi/9.3.1/../../../../arm-none-eabi/lib/thumb/v7e-m+fp/hard/libc_nano.a
LOAD /opt/st/stm32cubeide_1.6.1/plugins/com.st.stm32cube.ide.mcu.externaltools.gnu-tools-for-stm32.9-2020-q2-update.linux64_1.5.0.202011040924/tools/bin/../lib/gcc/arm-none-eabi/9.3.1/../../../../arm-none-eabi/lib/thumb/v7e-m+fp/hard/libnosys.a
END GROUP
START GROUP
LOAD /opt/st/stm32cubeide_1.6.1/plugins/com.st.stm32cube.ide.mcu.externaltools.gnu-tools-for-stm32.9-2020-q2-update.linux64_1.5.0.202011040924/tools/bin/../lib/gcc/arm-none-eabi/9.3.1/thumb/v7e-m+fp/hard/libgcc.a
LOAD /opt/st/stm32cubeide_1.6.1/plugins/com.st.stm32cube.ide.mcu.externaltools.gnu-tools-for-stm32.9-2020-q2-update.linux64_1.5.0.202011040924/tools/bin/../lib/gcc/arm-none-eabi/9.3.1/../../../../arm-none-eabi/lib/thumb/v7e-m+fp/hard/libc_nano.a
LOAD /opt/st/stm32cubeide_1.6.1/plugins/com.st.stm32cube.ide.mcu.externaltools.gnu-tools-for-stm32.9-2020-q2-update.linux64_1.5.0.202011040924/tools/bin/../lib/gcc/arm-none-eabi/9.3.1/../../../../arm-none-eabi/lib/thumb/v7e-m+fp/hard/libnosys.a
END GROUP
LOAD /opt/st/stm32cubeide_1.6.1/plugins/com.st.stm32cube.ide.mcu.externaltools.gnu-tools-for-stm32.9-2020-q2-update.linux64_1.5.0.202011040924/tools/bin/../lib/gcc/arm-none-eabi/9.3.1/thumb/v7e-m+fp/hard/crtend.o
LOAD /opt/st/stm32cubeide_1.6.1/plugins/com.st.stm32cube.ide.mcu.externaltools.gnu-tools-for-stm32.9-2020-q2-update.linux64_1.5.0.202011040924/tools/bin/../lib/gcc/arm-none-eabi/9.3.1/thumb/v7e-m+fp/hard/crtn.o
                0x0000000020030000                _estack = 0x20030000
                0x0000000000000100                _Min_Heap_Size = 0x100
                0x0000000000001000                _Min_Stack_Size = 0x1000
                0x0000000008016000                __ICFEDIT_SWAP_start__ = 0x8016000
                0x0000000008017fff                __ICFEDIT_SWAP_end__ = 0x8017fff
                0x0000000008018000                __ICFEDIT_SLOT_Active_1_start__ = 0x8018000
                0x000000000804bfff                __ICFEDIT_SLOT_Active_1_end__ = 0x804bfff
                0x0000000008018000                __ICFEDIT_SLOT_Active_1_header__ = __ICFEDIT_SLOT_Active_1_start__
                0x000000000804c000                __ICFEDIT_SLOT_Dwl_1_start__ = 0x804c000
                0x000000000807ffff                __ICFEDIT_SLOT_Dwl_1_end__ = 0x807ffff
                0x0000000000000000                __ICFEDIT_SLOT_Active_2_header__ = 0x0
                0x0000000000000000                __ICFEDIT_SLOT_Active_2_start__ = 0x0
                0x0000000000000000                __ICFEDIT_SLOT_Active_2_end__ = 0x0
                0x0000000000000000                __ICFEDIT_SLOT_Active_3_header__ = 0x0
                0x0000000000000000                __ICFEDIT_SLOT_Active_3_start__ = 0x0
                0x0000000000000000                __ICFEDIT_SLOT_Active_3_end__ = 0x0
                0x0000000000000000                __ICFEDIT_SLOT_Dwl_2_start__ = 0x0
                0x0000000000000000                __ICFEDIT_SLOT_Dwl_2_end__ = 0x0
                0x0000000000000000                __ICFEDIT_SLOT_Dwl_3_start__ = 0x0
                0x0000000000000000                __ICFEDIT_SLOT_Dwl_3_end__ = 0x0
                0x0000000000000200                VECTOR_SIZE = 0x200
                0x0000000008000200                __ICFEDIT_SE_Code_region_ROM_start__ = (0x8000000 + VECTOR_SIZE)
                0x0000000008000200                __ICFEDIT_SE_CallGate_region_ROM_start__ = __ICFEDIT_SE_Code_region_ROM_start__
                0x00000000080003ff                __ICFEDIT_SE_CallGate_region_ROM_end__ = (__ICFEDIT_SE_Code_region_ROM_start__ + 0x1ff)
                0x0000000008000400                __ICFEDIT_SE_Key_region_ROM_start__ = (__ICFEDIT_SE_CallGate_region_ROM_end__ + 0x1)
                0x00000000080004ff                __ICFEDIT_SE_Key_region_ROM_end__ = (__ICFEDIT_SE_Key_region_ROM_start__ + 0xff)
                0x0000000008000500                __ICFEDIT_SE_Startup_region_ROM_start__ = (__ICFEDIT_SE_Key_region_ROM_end__ + 0x1)
                0x0000000008000600                __ICFEDIT_SE_Code_nokey_region_ROM_start__ = (__ICFEDIT_SE_Startup_region_ROM_start__ + 0x100)
                0x0000000008003cff                __ICFEDIT_SE_Code_region_ROM_end__ = (__ICFEDIT_SE_Startup_region_ROM_start__ + 0x37ff)
                0x0000000008003d00                __ICFEDIT_SE_IF_region_ROM_start__ = (__ICFEDIT_SE_Code_region_ROM_end__ + 0x1)
                0x00000000080042ff                __ICFEDIT_SE_IF_region_ROM_end__ = (__ICFEDIT_SE_IF_region_ROM_start__ + 0x5ff)
                0x0000000008004300                __ICFEDIT_SB_region_ROM_start__ = (__ICFEDIT_SE_IF_region_ROM_end__ + 0x1)
                0x000000000800ffff                __ICFEDIT_SB_region_ROM_end__ = 0x800ffff
                0x0000000008010000                __ICFEDIT_LOADER_region_ROM_start__ = (__ICFEDIT_SB_region_ROM_end__ + 0x1)
                0x0000000008014fff                __ICFEDIT_LOADER_region_ROM_end__ = 0x8014fff
                0x0000000000000200                SE_Entry_Secure_ROM_Region_Length = ((__ICFEDIT_SE_CallGate_region_ROM_end__ - __ICFEDIT_SE_CallGate_region_ROM_start__) + 0x1)
                0x0000000000000100                SE_Key_region_ROM_Length = ((__ICFEDIT_SE_Key_region_ROM_end__ - __ICFEDIT_SE_Key_region_ROM_start__) + 0x1)
                0x0000000000000100                SE_Startup_region_ROM_Length = (__ICFEDIT_SE_Code_nokey_region_ROM_start__ - __ICFEDIT_SE_Startup_region_ROM_start__)
                0x0000000000003700                SE_ROM_region_Length = ((__ICFEDIT_SE_Code_region_ROM_end__ - __ICFEDIT_SE_Code_nokey_region_ROM_start__) + 0x1)
                0x0000000000000600                SE_IF_region_ROM_Length = ((__ICFEDIT_SE_IF_region_ROM_end__ - __ICFEDIT_SE_IF_region_ROM_start__) + 0x1)
                0x000000000000bd00                SB_ROM_region_Length = ((__ICFEDIT_SB_region_ROM_end__ - __ICFEDIT_SB_region_ROM_start__) + 0x1)
                0x0000000000005000                LOADER_ROM_region_Length = ((__ICFEDIT_LOADER_region_ROM_end__ - __ICFEDIT_LOADER_region_ROM_start__) + 0x1)
                0x0000000020000000                __ICFEDIT_SE_region_RAM_start__ = 0x20000000
                0x0000000020000400                __ICFEDIT_SE_region_RAM_stack_top__ = 0x20000400
                0x0000000020000fff                __ICFEDIT_SE_region_RAM_end__ = 0x20000fff
                0x0000000020001000                __ICFEDIT_LOADER_COM_region_RAM_start__ = (__ICFEDIT_SE_region_RAM_end__ + 0x1)
                0x000000002000100f                __ICFEDIT_LOADER_COM_region_RAM_end__ = (__ICFEDIT_LOADER_COM_region_RAM_start__ + 0xf)
                0x0000000020001010                __ICFEDIT_LOADER_region_RAM_start__ = (__ICFEDIT_LOADER_COM_region_RAM_end__ + 0x1)
                0x000000002002ffff                __ICFEDIT_LOADER_region_RAM_end__ = 0x2002ffff
                0x0000000020001010                __ICFEDIT_SB_region_RAM_start__ = (__ICFEDIT_LOADER_COM_region_RAM_end__ + 0x1)
                0x000000002002ffff                __ICFEDIT_SB_region_RAM_end__ = 0x2002ffff
                0x0000000000000c00                SE_RAM_region_Length = ((__ICFEDIT_SE_region_RAM_end__ - __ICFEDIT_SE_region_RAM_stack_top__) + 0x1)
                0x000000000002eff0                LOADER_RAM_region_Length = ((__ICFEDIT_LOADER_region_RAM_end__ - __ICFEDIT_LOADER_region_RAM_start__) + 0x1)
                0x000000000002eff0                SB_RAM_region_Length = ((__ICFEDIT_SB_region_RAM_end__ - __ICFEDIT_SB_region_RAM_start__) + 0x1)
                0x0000000008010000                __ICFEDIT_intvec_start__ = __ICFEDIT_LOADER_region_ROM_start__

.isr_vector     0x0000000008010000      0x13c
                0x0000000008010000                . = ALIGN (0x200)
 *(.isr_vector)
 .isr_vector    0x0000000008010000      0x13c Application/Startup/startup_stm32wb55rgvx.o
                0x0000000008010000                g_pfnVectors
                0x000000000801013c                . = ALIGN (0x4)

.text           0x000000000801013c     0x3d0c
                0x000000000801013c                . = ALIGN (0x4)
 *(.text)
 .text          0x000000000801013c       0x40 /opt/st/stm32cubeide_1.6.1/plugins/com.st.stm32cube.ide.mcu.externaltools.gnu-tools-for-stm32.9-2020-q2-update.linux64_1.5.0.202011040924/tools/bin/../lib/gcc/arm-none-eabi/9.3.1/thumb/v7e-m+fp/hard/crtbegin.o
 .text          0x000000000801017c       0x30 /opt/st/stm32cubeide_1.6.1/plugins/com.st.stm32cube.ide.mcu.externaltools.gnu-tools-for-stm32.9-2020-q2-update.linux64_1.5.0.202011040924/tools/bin/../lib/gcc/arm-none-eabi/9.3.1/thumb/v7e-m+fp/hard/libgcc.a(_aeabi_uldivmod.o)
                0x000000000801017c                __aeabi_uldivmod
 .text          0x00000000080101ac      0x2c4 /opt/st/stm32cubeide_1.6.1/plugins/com.st.stm32cube.ide.mcu.externaltools.gnu-tools-for-stm32.9-2020-q2-update.linux64_1.5.0.202011040924/tools/bin/../lib/gcc/arm-none-eabi/9.3.1/thumb/v7e-m+fp/hard/libgcc.a(_udivmoddi4.o)
                0x00000000080101ac                __udivmoddi4
 .text          0x0000000008010470        0x4 /opt/st/stm32cubeide_1.6.1/plugins/com.st.stm32cube.ide.mcu.externaltools.gnu-tools-for-stm32.9-2020-q2-update.linux64_1.5.0.202011040924/tools/bin/../lib/gcc/arm-none-eabi/9.3.1/thumb/v7e-m+fp/hard/libgcc.a(_dvmd_tls.o)
                0x0000000008010470                __aeabi_ldiv0
                0x0000000008010470                __aeabi_idiv0
 *(.text*)
 .text.LL_AHB2_GRP1_EnableClock
                0x0000000008010474       0x18 Application/Core/app_debug.o
 .text.LL_C2_AHB2_GRP1_EnableClock
                0x000000000801048c       0x1e Application/Core/app_debug.o
 *fill*         0x00000000080104aa        0x2 
 .text.APPD_Init
                0x00000000080104ac       0xf0 Application/Core/app_debug.o
                0x00000000080104ac                APPD_Init
 .text.APPD_EnableCPU2
                0x000000000801059c       0x38 Application/Core/app_debug.o
                0x000000000801059c                APPD_EnableCPU2
 .text.DbgOutputInit
                0x00000000080105d4        0x6 Application/Core/app_debug.o
                0x00000000080105d4                DbgOutputInit
 *fill*         0x00000000080105da        0x2 
 .text.__NVIC_SystemReset
                0x00000000080105dc       0x24 Application/Core/app_entry.o
 .text.APPE_SysStatusNot
                0x0000000008010600        0x2 Application/Core/app_entry.o
 *fill*         0x0000000008010602        0x2 
 .text.APPE_SysUserEvtRx
                0x0000000008010604       0xb4 Application/Core/app_entry.o
 .text.APPE_Init
                0x00000000080106b8       0xbc Application/Core/app_entry.o
                0x00000000080106b8                APPE_Init
 .text.UTIL_SEQ_Idle
                0x0000000008010774        0x2 Application/Core/app_entry.o
                0x0000000008010774                UTIL_SEQ_Idle
 *fill*         0x0000000008010776        0x2 
 .text.UTIL_SEQ_PostIdle
                0x0000000008010778       0x10 Application/Core/app_entry.o
                0x0000000008010778                UTIL_SEQ_PostIdle
 .text.UTIL_SEQ_EvtIdle
                0x0000000008010788        0x8 Application/Core/app_entry.o
                0x0000000008010788                UTIL_SEQ_EvtIdle
 .text.shci_notify_asynch_evt
                0x0000000008010790        0x8 Application/Core/app_entry.o
                0x0000000008010790                shci_notify_asynch_evt
 .text.shci_cmd_resp_release
                0x0000000008010798        0x6 Application/Core/app_entry.o
                0x0000000008010798                shci_cmd_resp_release
 .text.shci_cmd_resp_wait
                0x000000000801079e        0x6 Application/Core/app_entry.o
                0x000000000801079e                shci_cmd_resp_wait
 .text.FD_WaitForSemAvailable
                0x00000000080107a4        0x4 Application/Core/flash_driver.o
                0x00000000080107a4                FD_WaitForSemAvailable
 .text.ProcessSingleFlashOperation
                0x00000000080107a8       0xac Application/Core/flash_driver.o
 .text.FD_EraseSingleSector
                0x0000000008010854        0xc Application/Core/flash_driver.o
                0x0000000008010854                FD_EraseSingleSector
 .text.FD_EraseSectors
                0x0000000008010860       0x5c Application/Core/flash_driver.o
                0x0000000008010860                FD_EraseSectors
 .text.FD_WriteSingleData
                0x00000000080108bc        0x8 Application/Core/flash_driver.o
                0x00000000080108bc                FD_WriteSingleData
 .text.FD_WriteData
                0x00000000080108c4       0x5c Application/Core/flash_driver.o
                0x00000000080108c4                FD_WriteData
 .text.ReadRtcSsrValue
                0x0000000008010920       0x1c Application/Core/hw_timerserver.o
 .text.UnlinkTimer
                0x000000000801093c       0x6c Application/Core/hw_timerserver.o
 .text.ReturnTimeElapsed
                0x00000000080109a8       0x50 Application/Core/hw_timerserver.o
 .text.RescheduleTimerList
                0x00000000080109f8      0x118 Application/Core/hw_timerserver.o
 .text.HW_TS_Init
                0x0000000008010b10      0x128 Application/Core/hw_timerserver.o
                0x0000000008010b10                HW_TS_Init
 .text.HW_TS_Stop
                0x0000000008010c38       0xb0 Application/Core/hw_timerserver.o
                0x0000000008010c38                HW_TS_Stop
 .text.HW_TS_Start
                0x0000000008010ce8      0x148 Application/Core/hw_timerserver.o
                0x0000000008010ce8                HW_TS_Start
 .text.HW_TS_RTC_Int_AppNot
                0x0000000008010e30        0x2 Application/Core/hw_timerserver.o
                0x0000000008010e30                HW_TS_RTC_Int_AppNot
 *fill*         0x0000000008010e32        0x2 
 .text.HW_TS_RTC_Wakeup_Handler
                0x0000000008010e34       0xc0 Application/Core/hw_timerserver.o
                0x0000000008010e34                HW_TS_RTC_Wakeup_Handler
 .text.LL_AHB2_GRP1_EnableClock
                0x0000000008010ef4       0x18 Application/Core/hw_uart.o
 .text.HW_UART_Init
                0x0000000008010f0c       0x34 Application/Core/hw_uart.o
                0x0000000008010f0c                HW_UART_Init
 .text.HW_UART_Interrupt_Handler
                0x0000000008010f40       0x10 Application/Core/hw_uart.o
                0x0000000008010f40                HW_UART_Interrupt_Handler
 .text.HW_UART_DMA_Interrupt_Handler
                0x0000000008010f50       0x10 Application/Core/hw_uart.o
                0x0000000008010f50                HW_UART_DMA_Interrupt_Handler
 .text.HAL_UART_MspInit
                0x0000000008010f60      0x124 Application/Core/hw_uart.o
                0x0000000008010f60                HAL_UART_MspInit
 .text.HAL_UART_TxCpltCallback
                0x0000000008011084       0x1c Application/Core/hw_uart.o
                0x0000000008011084                HAL_UART_TxCpltCallback
 .text.startup.main
                0x00000000080110a0      0x134 Application/Core/main.o
                0x00000000080110a0                main
 .text.HAL_Delay
                0x00000000080111d4       0x34 Application/Core/main.o
                0x00000000080111d4                HAL_Delay
 .text.Error_Handler
                0x0000000008011208        0x2 Application/Core/main.o
                0x0000000008011208                Error_Handler
 .text.NMI_Handler
                0x000000000801120a        0x2 Application/Core/stm32wbxx_it.o
                0x000000000801120a                NMI_Handler
 .text.HardFault_Handler
                0x000000000801120c        0x2 Application/Core/stm32wbxx_it.o
                0x000000000801120c                HardFault_Handler
 .text.SVC_Handler
                0x000000000801120e        0x2 Application/Core/stm32wbxx_it.o
                0x000000000801120e                SVC_Handler
 .text.DebugMon_Handler
                0x0000000008011210        0x2 Application/Core/stm32wbxx_it.o
                0x0000000008011210                DebugMon_Handler
 .text.PendSV_Handler
                0x0000000008011212        0x2 Application/Core/stm32wbxx_it.o
                0x0000000008011212                PendSV_Handler
 .text.SysTick_Handler
                0x0000000008011214        0x4 Application/Core/stm32wbxx_it.o
                0x0000000008011214                SysTick_Handler
 .text.USART1_IRQHandler
                0x0000000008011218        0x6 Application/Core/stm32wbxx_it.o
                0x0000000008011218                USART1_IRQHandler
 .text.DMA2_Channel4_IRQHandler
                0x000000000801121e        0x6 Application/Core/stm32wbxx_it.o
                0x000000000801121e                DMA2_Channel4_IRQHandler
 .text.RTC_WKUP_IRQHandler
                0x0000000008011224        0x4 Application/Core/stm32wbxx_it.o
                0x0000000008011224                RTC_WKUP_IRQHandler
 .text.IPCC_C1_TX_IRQHandler
                0x0000000008011228        0x4 Application/Core/stm32wbxx_it.o
                0x0000000008011228                IPCC_C1_TX_IRQHandler
 .text.IPCC_C1_RX_IRQHandler
                0x000000000801122c        0x4 Application/Core/stm32wbxx_it.o
                0x000000000801122c                IPCC_C1_RX_IRQHandler
 .text.BLE_UserEvtRx
                0x0000000008011230       0x16 Application/STM32_WPAN/app/app_ble.o
 .text.BLE_StatusNot
                0x0000000008011246       0x12 Application/STM32_WPAN/app/app_ble.o
 .text.Adv_Request
                0x0000000008011258       0x38 Application/STM32_WPAN/app/app_ble.o
 .text.BleGetBdAddress
                0x0000000008011290       0x44 Application/STM32_WPAN/app/app_ble.o
 .text.APP_BLE_Init
                0x00000000080112d4      0x1ac Application/STM32_WPAN/app/app_ble.o
                0x00000000080112d4                APP_BLE_Init
 .text.SVCCTL_App_Notification
                0x0000000008011480       0x10 Application/STM32_WPAN/app/app_ble.o
                0x0000000008011480                SVCCTL_App_Notification
 .text.hci_notify_asynch_evt
                0x0000000008011490       0x14 Application/STM32_WPAN/app/app_ble.o
                0x0000000008011490                hci_notify_asynch_evt
 .text.hci_cmd_resp_release
                0x00000000080114a4        0x6 Application/STM32_WPAN/app/app_ble.o
                0x00000000080114a4                hci_cmd_resp_release
 .text.hci_cmd_resp_wait
                0x00000000080114aa        0x6 Application/STM32_WPAN/app/app_ble.o
                0x00000000080114aa                hci_cmd_resp_wait
 .text.__NVIC_SystemReset
                0x00000000080114b0       0x24 Application/STM32_WPAN/app/otas_app.o
 .text.OTAS_STM_Notification
                0x00000000080114d4      0x158 Application/STM32_WPAN/app/otas_app.o
                0x00000000080114d4                OTAS_STM_Notification
 .text.HW_IPCC_Enable
                0x000000000801162c       0x50 Application/STM32_WPAN/target/hw_ipcc.o
                0x000000000801162c                HW_IPCC_Enable
 .text.HW_IPCC_Init
                0x000000000801167c       0x40 Application/STM32_WPAN/target/hw_ipcc.o
                0x000000000801167c                HW_IPCC_Init
 .text.HW_IPCC_BLE_Init
                0x00000000080116bc       0x10 Application/STM32_WPAN/target/hw_ipcc.o
                0x00000000080116bc                HW_IPCC_BLE_Init
 .text.HW_IPCC_BLE_SendCmd
                0x00000000080116cc       0x10 Application/STM32_WPAN/target/hw_ipcc.o
                0x00000000080116cc                HW_IPCC_BLE_SendCmd
 .text.HW_IPCC_SYS_Init
                0x00000000080116dc       0x10 Application/STM32_WPAN/target/hw_ipcc.o
                0x00000000080116dc                HW_IPCC_SYS_Init
 .text.HW_IPCC_SYS_SendCmd
                0x00000000080116ec       0x18 Application/STM32_WPAN/target/hw_ipcc.o
                0x00000000080116ec                HW_IPCC_SYS_SendCmd
 .text.HW_IPCC_Tx_Handler
                0x0000000008011704       0x84 Application/STM32_WPAN/target/hw_ipcc.o
                0x0000000008011704                HW_IPCC_Tx_Handler
 .text.HW_IPCC_MM_SendFreeBuf
                0x0000000008011788       0x2c Application/STM32_WPAN/target/hw_ipcc.o
                0x0000000008011788                HW_IPCC_MM_SendFreeBuf
 .text.HW_IPCC_TRACES_Init
                0x00000000080117b4       0x10 Application/STM32_WPAN/target/hw_ipcc.o
                0x00000000080117b4                HW_IPCC_TRACES_Init
 .text.HW_IPCC_Rx_Handler
                0x00000000080117c4       0x50 Application/STM32_WPAN/target/hw_ipcc.o
                0x00000000080117c4                HW_IPCC_Rx_Handler
 .text.data_initializers
                0x0000000008011814       0x18 Application/Startup/startup_stm32wb55rgvx.o
 .text.Reset_Handler
                0x000000000801182c       0x54 Application/Startup/startup_stm32wb55rgvx.o
                0x000000000801182c                Reset_Handler
 .text.Default_Handler
                0x0000000008011880        0x2 Application/Startup/startup_stm32wb55rgvx.o
                0x0000000008011880                RTC_Alarm_IRQHandler
                0x0000000008011880                EXTI2_IRQHandler
                0x0000000008011880                TIM1_CC_IRQHandler
                0x0000000008011880                TSC_IRQHandler
                0x0000000008011880                USB_HP_IRQHandler
                0x0000000008011880                EXTI3_IRQHandler
                0x0000000008011880                LPTIM2_IRQHandler
                0x0000000008011880                I2C3_ER_IRQHandler
                0x0000000008011880                EXTI0_IRQHandler
                0x0000000008011880                FPU_IRQHandler
                0x0000000008011880                TIM1_UP_TIM16_IRQHandler
                0x0000000008011880                UsageFault_Handler
                0x0000000008011880                AES1_IRQHandler
                0x0000000008011880                SPI1_IRQHandler
                0x0000000008011880                PWR_SOTF_BLEACT_802ACT_RFPHASE_IRQHandler
                0x0000000008011880                DMA2_Channel2_IRQHandler
                0x0000000008011880                DMA1_Channel4_IRQHandler
                0x0000000008011880                ADC1_IRQHandler
                0x0000000008011880                PKA_IRQHandler
                0x0000000008011880                DMA1_Channel7_IRQHandler
                0x0000000008011880                LCD_IRQHandler
                0x0000000008011880                DMA2_Channel1_IRQHandler
                0x0000000008011880                QUADSPI_IRQHandler
                0x0000000008011880                I2C1_EV_IRQHandler
                0x0000000008011880                DMAMUX1_OVR_IRQHandler
                0x0000000008011880                DMA1_Channel6_IRQHandler
                0x0000000008011880                RCC_IRQHandler
                0x0000000008011880                DMA1_Channel1_IRQHandler
                0x0000000008011880                Default_Handler
                0x0000000008011880                DMA2_Channel7_IRQHandler
                0x0000000008011880                EXTI15_10_IRQHandler
                0x0000000008011880                C2SEV_PWR_C2H_IRQHandler
                0x0000000008011880                AES2_IRQHandler
                0x0000000008011880                I2C3_EV_IRQHandler
                0x0000000008011880                EXTI9_5_IRQHandler
                0x0000000008011880                PVD_PVM_IRQHandler
                0x0000000008011880                SPI2_IRQHandler
                0x0000000008011880                MemManage_Handler
                0x0000000008011880                DMA2_Channel5_IRQHandler
                0x0000000008011880                CRS_IRQHandler
                0x0000000008011880                DMA1_Channel5_IRQHandler
                0x0000000008011880                USB_LP_IRQHandler
                0x0000000008011880                EXTI4_IRQHandler
                0x0000000008011880                RNG_IRQHandler
                0x0000000008011880                TIM1_TRG_COM_TIM17_IRQHandler
                0x0000000008011880                TAMP_STAMP_LSECSS_IRQHandler
                0x0000000008011880                DMA1_Channel3_IRQHandler
                0x0000000008011880                COMP_IRQHandler
                0x0000000008011880                HSEM_IRQHandler
                0x0000000008011880                WWDG_IRQHandler
                0x0000000008011880                LPUART1_IRQHandler
                0x0000000008011880                DMA2_Channel6_IRQHandler
                0x0000000008011880                TIM2_IRQHandler
                0x0000000008011880                TIM1_BRK_IRQHandler
                0x0000000008011880                EXTI1_IRQHandler
                0x0000000008011880                DMA1_Channel2_IRQHandler
                0x0000000008011880                FLASH_IRQHandler
                0x0000000008011880                BusFault_Handler
                0x0000000008011880                I2C1_ER_IRQHandler
                0x0000000008011880                LPTIM1_IRQHandler
                0x0000000008011880                SAI1_IRQHandler
                0x0000000008011880                DMA2_Channel3_IRQHandler
 .text.LL_AHB2_GRP1_EnableClock
                0x0000000008011882       0x18 Drivers/BSP/P-NUCLEO-WB55.Nucleo/stm32wbxx_nucleo.o
 *fill*         0x000000000801189a        0x2 
 .text.BSP_LED_Init
                0x000000000801189c       0x50 Drivers/BSP/P-NUCLEO-WB55.Nucleo/stm32wbxx_nucleo.o
                0x000000000801189c                BSP_LED_Init
 .text.BSP_LED_On
                0x00000000080118ec       0x1c Drivers/BSP/P-NUCLEO-WB55.Nucleo/stm32wbxx_nucleo.o
                0x00000000080118ec                BSP_LED_On
 .text.BSP_LED_Off
                0x0000000008011908       0x1c Drivers/BSP/P-NUCLEO-WB55.Nucleo/stm32wbxx_nucleo.o
                0x0000000008011908                BSP_LED_Off
 .text.BSP_PB_Init
                0x0000000008011924       0x94 Drivers/BSP/P-NUCLEO-WB55.Nucleo/stm32wbxx_nucleo.o
                0x0000000008011924                BSP_PB_Init
 .text.SystemInit
                0x00000000080119b8       0xbc Drivers/CMSIS/system_stm32wbxx.o
                0x00000000080119b8                SystemInit
 .text.HAL_MspInit
                0x0000000008011a74        0x2 Drivers/STM32WBxx_HAL_Driver/stm32wbxx_hal.o
                0x0000000008011a74                HAL_MspInit
 *fill*         0x0000000008011a76        0x2 
 .text.HAL_InitTick
                0x0000000008011a78       0x4c Drivers/STM32WBxx_HAL_Driver/stm32wbxx_hal.o
                0x0000000008011a78                HAL_InitTick
 .text.HAL_Init
                0x0000000008011ac4       0x1e Drivers/STM32WBxx_HAL_Driver/stm32wbxx_hal.o
                0x0000000008011ac4                HAL_Init
 *fill*         0x0000000008011ae2        0x2 
 .text.HAL_IncTick
                0x0000000008011ae4       0x18 Drivers/STM32WBxx_HAL_Driver/stm32wbxx_hal.o
                0x0000000008011ae4                HAL_IncTick
 .text.HAL_GetTick
                0x0000000008011afc        0xc Drivers/STM32WBxx_HAL_Driver/stm32wbxx_hal.o
                0x0000000008011afc                HAL_GetTick
 .text.HAL_GetTickFreq
                0x0000000008011b08        0xc Drivers/STM32WBxx_HAL_Driver/stm32wbxx_hal.o
                0x0000000008011b08                HAL_GetTickFreq
 .text.HAL_DBGMCU_EnableDBGSleepMode
                0x0000000008011b14       0x10 Drivers/STM32WBxx_HAL_Driver/stm32wbxx_hal.o
                0x0000000008011b14                HAL_DBGMCU_EnableDBGSleepMode
 .text.HAL_DBGMCU_EnableDBGStopMode
                0x0000000008011b24       0x10 Drivers/STM32WBxx_HAL_Driver/stm32wbxx_hal.o
                0x0000000008011b24                HAL_DBGMCU_EnableDBGStopMode
 .text.HAL_NVIC_SetPriorityGrouping
                0x0000000008011b34       0x24 Drivers/STM32WBxx_HAL_Driver/stm32wbxx_hal_cortex.o
                0x0000000008011b34                HAL_NVIC_SetPriorityGrouping
 .text.HAL_NVIC_SetPriority
                0x0000000008011b58       0x64 Drivers/STM32WBxx_HAL_Driver/stm32wbxx_hal_cortex.o
                0x0000000008011b58                HAL_NVIC_SetPriority
 .text.HAL_NVIC_EnableIRQ
                0x0000000008011bbc       0x1c Drivers/STM32WBxx_HAL_Driver/stm32wbxx_hal_cortex.o
                0x0000000008011bbc                HAL_NVIC_EnableIRQ
 .text.HAL_NVIC_DisableIRQ
                0x0000000008011bd8       0x28 Drivers/STM32WBxx_HAL_Driver/stm32wbxx_hal_cortex.o
                0x0000000008011bd8                HAL_NVIC_DisableIRQ
 .text.HAL_SYSTICK_Config
                0x0000000008011c00       0x2c Drivers/STM32WBxx_HAL_Driver/stm32wbxx_hal_cortex.o
                0x0000000008011c00                HAL_SYSTICK_Config
 .text.HAL_NVIC_SetPendingIRQ
                0x0000000008011c2c       0x20 Drivers/STM32WBxx_HAL_Driver/stm32wbxx_hal_cortex.o
                0x0000000008011c2c                HAL_NVIC_SetPendingIRQ
 .text.HAL_NVIC_ClearPendingIRQ
                0x0000000008011c4c       0x20 Drivers/STM32WBxx_HAL_Driver/stm32wbxx_hal_cortex.o
                0x0000000008011c4c                HAL_NVIC_ClearPendingIRQ
 .text.DMA_CalcDMAMUXChannelBaseAndMask
                0x0000000008011c6c       0x48 Drivers/STM32WBxx_HAL_Driver/stm32wbxx_hal_dma.o
 .text.HAL_DMA_Init
                0x0000000008011cb4       0xe0 Drivers/STM32WBxx_HAL_Driver/stm32wbxx_hal_dma.o
                0x0000000008011cb4                HAL_DMA_Init
 .text.HAL_DMA_Abort
                0x0000000008011d94       0x6a Drivers/STM32WBxx_HAL_Driver/stm32wbxx_hal_dma.o
                0x0000000008011d94                HAL_DMA_Abort
 .text.HAL_DMA_Abort_IT
                0x0000000008011dfe       0x6e Drivers/STM32WBxx_HAL_Driver/stm32wbxx_hal_dma.o
                0x0000000008011dfe                HAL_DMA_Abort_IT
 .text.HAL_DMA_IRQHandler
                0x0000000008011e6c       0x94 Drivers/STM32WBxx_HAL_Driver/stm32wbxx_hal_dma.o
                0x0000000008011e6c                HAL_DMA_IRQHandler
 .text.HAL_FLASH_Unlock
                0x0000000008011f00       0x24 Drivers/STM32WBxx_HAL_Driver/stm32wbxx_hal_flash.o
                0x0000000008011f00                HAL_FLASH_Unlock
 .text.HAL_FLASH_Lock
                0x0000000008011f24       0x18 Drivers/STM32WBxx_HAL_Driver/stm32wbxx_hal_flash.o
                0x0000000008011f24                HAL_FLASH_Lock
 .text.FLASH_WaitForLastOperation
                0x0000000008011f3c       0x60 Drivers/STM32WBxx_HAL_Driver/stm32wbxx_hal_flash.o
                0x0000000008011f3c                FLASH_WaitForLastOperation
 .text.HAL_FLASH_Program
                0x0000000008011f9c       0x70 Drivers/STM32WBxx_HAL_Driver/stm32wbxx_hal_flash.o
                0x0000000008011f9c                HAL_FLASH_Program
 .text.FLASH_PageErase
                0x000000000801200c       0x1c Drivers/STM32WBxx_HAL_Driver/stm32wbxx_hal_flash_ex.o
                0x000000000801200c                FLASH_PageErase
 .text.HAL_FLASHEx_Erase
                0x0000000008012028       0xd0 Drivers/STM32WBxx_HAL_Driver/stm32wbxx_hal_flash_ex.o
                0x0000000008012028                HAL_FLASHEx_Erase
 .text.HAL_GPIO_Init
                0x00000000080120f8      0x16c Drivers/STM32WBxx_HAL_Driver/stm32wbxx_hal_gpio.o
                0x00000000080120f8                HAL_GPIO_Init
 .text.HAL_GPIO_WritePin
                0x0000000008012264        0xa Drivers/STM32WBxx_HAL_Driver/stm32wbxx_hal_gpio.o
                0x0000000008012264                HAL_GPIO_WritePin
 *fill*         0x000000000801226e        0x2 
 .text.HAL_PWR_EnableBkUpAccess
                0x0000000008012270       0x10 Drivers/STM32WBxx_HAL_Driver/stm32wbxx_hal_pwr.o
                0x0000000008012270                HAL_PWR_EnableBkUpAccess
 .text.HAL_PWR_EnterSLEEPMode
                0x0000000008012280       0x40 Drivers/STM32WBxx_HAL_Driver/stm32wbxx_hal_pwr.o
                0x0000000008012280                HAL_PWR_EnterSLEEPMode
 .text.HAL_PWREx_EnableLowPowerRunMode
                0x00000000080122c0       0x10 Drivers/STM32WBxx_HAL_Driver/stm32wbxx_hal_pwr_ex.o
                0x00000000080122c0                HAL_PWREx_EnableLowPowerRunMode
 .text.HAL_PWREx_DisableLowPowerRunMode
                0x00000000080122d0       0x44 Drivers/STM32WBxx_HAL_Driver/stm32wbxx_hal_pwr_ex.o
                0x00000000080122d0                HAL_PWREx_DisableLowPowerRunMode
 .text.HAL_RCC_GetSysClockFreq
                0x0000000008012314       0xa4 Drivers/STM32WBxx_HAL_Driver/stm32wbxx_hal_rcc.o
                0x0000000008012314                HAL_RCC_GetSysClockFreq
 .text.HAL_RCC_GetHCLKFreq
                0x00000000080123b8       0x20 Drivers/STM32WBxx_HAL_Driver/stm32wbxx_hal_rcc.o
                0x00000000080123b8                HAL_RCC_GetHCLKFreq
 .text.HAL_RCC_GetPCLK1Freq
                0x00000000080123d8       0x24 Drivers/STM32WBxx_HAL_Driver/stm32wbxx_hal_rcc.o
                0x00000000080123d8                HAL_RCC_GetPCLK1Freq
 .text.HAL_RCC_GetPCLK2Freq
                0x00000000080123fc       0x24 Drivers/STM32WBxx_HAL_Driver/stm32wbxx_hal_rcc.o
                0x00000000080123fc                HAL_RCC_GetPCLK2Freq
 .text.HAL_RTC_MspInit
                0x0000000008012420        0x2 Drivers/STM32WBxx_HAL_Driver/stm32wbxx_hal_rtc.o
                0x0000000008012420                HAL_RTC_MspInit
 .text.HAL_RTC_WaitForSynchro
                0x0000000008012422       0x30 Drivers/STM32WBxx_HAL_Driver/stm32wbxx_hal_rtc.o
                0x0000000008012422                HAL_RTC_WaitForSynchro
 .text.RTC_EnterInitMode
                0x0000000008012452       0x34 Drivers/STM32WBxx_HAL_Driver/stm32wbxx_hal_rtc.o
                0x0000000008012452                RTC_EnterInitMode
 .text.HAL_RTC_Init
                0x0000000008012486       0xb8 Drivers/STM32WBxx_HAL_Driver/stm32wbxx_hal_rtc.o
                0x0000000008012486                HAL_RTC_Init
 .text.UART_EndRxTransfer
                0x000000000801253e       0x32 Drivers/STM32WBxx_HAL_Driver/stm32wbxx_hal_uart.o
 .text.HAL_UART_ErrorCallback
                0x0000000008012570        0x2 Drivers/STM32WBxx_HAL_Driver/stm32wbxx_hal_uart.o
                0x0000000008012570                HAL_UART_ErrorCallback
 .text.UART_DMAAbortOnError
                0x0000000008012572       0x14 Drivers/STM32WBxx_HAL_Driver/stm32wbxx_hal_uart.o
 .text.HAL_UARTEx_RxEventCallback
                0x0000000008012586        0x2 Drivers/STM32WBxx_HAL_Driver/stm32wbxx_hal_uart.o
                0x0000000008012586                HAL_UARTEx_RxEventCallback
 .text.HAL_UART_IRQHandler
                0x0000000008012588      0x278 Drivers/STM32WBxx_HAL_Driver/stm32wbxx_hal_uart.o
                0x0000000008012588                HAL_UART_IRQHandler
 .text.UART_SetConfig
                0x0000000008012800      0x1f8 Drivers/STM32WBxx_HAL_Driver/stm32wbxx_hal_uart.o
                0x0000000008012800                UART_SetConfig
 .text.UART_AdvFeatureConfig
                0x00000000080129f8       0xa8 Drivers/STM32WBxx_HAL_Driver/stm32wbxx_hal_uart.o
                0x00000000080129f8                UART_AdvFeatureConfig
 .text.UART_WaitOnFlagUntilTimeout
                0x0000000008012aa0       0x94 Drivers/STM32WBxx_HAL_Driver/stm32wbxx_hal_uart.o
                0x0000000008012aa0                UART_WaitOnFlagUntilTimeout
 .text.UART_CheckIdleState
                0x0000000008012b34       0x6a Drivers/STM32WBxx_HAL_Driver/stm32wbxx_hal_uart.o
                0x0000000008012b34                UART_CheckIdleState
 .text.HAL_UART_Init
                0x0000000008012b9e       0x60 Drivers/STM32WBxx_HAL_Driver/stm32wbxx_hal_uart.o
                0x0000000008012b9e                HAL_UART_Init
 .text.HAL_UARTEx_WakeupCallback
                0x0000000008012bfe        0x2 Drivers/STM32WBxx_HAL_Driver/stm32wbxx_hal_uart_ex.o
                0x0000000008012bfe                HAL_UARTEx_WakeupCallback
 .text.HAL_UARTEx_RxFifoFullCallback
                0x0000000008012c00        0x2 Drivers/STM32WBxx_HAL_Driver/stm32wbxx_hal_uart_ex.o
                0x0000000008012c00                HAL_UARTEx_RxFifoFullCallback
 .text.HAL_UARTEx_TxFifoEmptyCallback
                0x0000000008012c02        0x2 Drivers/STM32WBxx_HAL_Driver/stm32wbxx_hal_uart_ex.o
                0x0000000008012c02                HAL_UARTEx_TxFifoEmptyCallback
 .text.OTAS_Event_Handler
                0x0000000008012c04       0xb8 Middlewares/STM32_WPAN/ble/blesvc/otas_stm.o
 .text.OTAS_STM_Init
                0x0000000008012cbc       0xa0 Middlewares/STM32_WPAN/ble/blesvc/otas_stm.o
                0x0000000008012cbc                OTAS_STM_Init
 .text.OTAS_STM_UpdateChar
                0x0000000008012d5c       0x20 Middlewares/STM32_WPAN/ble/blesvc/otas_stm.o
                0x0000000008012d5c                OTAS_STM_UpdateChar
 .text.BAS_Init
                0x0000000008012d7c        0x2 Middlewares/STM32_WPAN/ble/blesvc/svc_ctl.o
                0x0000000008012d7c                BAS_Init
 .text.BLS_Init
                0x0000000008012d7e        0x2 Middlewares/STM32_WPAN/ble/blesvc/svc_ctl.o
                0x0000000008012d7e                BLS_Init
 .text.CRS_STM_Init
                0x0000000008012d80        0x2 Middlewares/STM32_WPAN/ble/blesvc/svc_ctl.o
                0x0000000008012d80                CRS_STM_Init
 .text.DIS_Init
                0x0000000008012d82        0x2 Middlewares/STM32_WPAN/ble/blesvc/svc_ctl.o
                0x0000000008012d82                DIS_Init
 .text.EDS_STM_Init
                0x0000000008012d84        0x2 Middlewares/STM32_WPAN/ble/blesvc/svc_ctl.o
                0x0000000008012d84                EDS_STM_Init
 .text.HIDS_Init
                0x0000000008012d86        0x2 Middlewares/STM32_WPAN/ble/blesvc/svc_ctl.o
                0x0000000008012d86                HIDS_Init
 .text.HRS_Init
                0x0000000008012d88        0x2 Middlewares/STM32_WPAN/ble/blesvc/svc_ctl.o
                0x0000000008012d88                HRS_Init
 .text.HTS_Init
                0x0000000008012d8a        0x2 Middlewares/STM32_WPAN/ble/blesvc/svc_ctl.o
                0x0000000008012d8a                HTS_Init
 .text.IAS_Init
                0x0000000008012d8c        0x2 Middlewares/STM32_WPAN/ble/blesvc/svc_ctl.o
                0x0000000008012d8c                IAS_Init
 .text.LLS_Init
                0x0000000008012d8e        0x2 Middlewares/STM32_WPAN/ble/blesvc/svc_ctl.o
                0x0000000008012d8e                LLS_Init
 .text.TPS_Init
                0x0000000008012d90        0x2 Middlewares/STM32_WPAN/ble/blesvc/svc_ctl.o
                0x0000000008012d90                TPS_Init
 .text.MOTENV_STM_Init
                0x0000000008012d92        0x2 Middlewares/STM32_WPAN/ble/blesvc/svc_ctl.o
                0x0000000008012d92                MOTENV_STM_Init
 .text.P2PS_STM_Init
                0x0000000008012d94        0x2 Middlewares/STM32_WPAN/ble/blesvc/svc_ctl.o
                0x0000000008012d94                P2PS_STM_Init
 .text.MESH_Init
                0x0000000008012d96        0x2 Middlewares/STM32_WPAN/ble/blesvc/svc_ctl.o
                0x0000000008012d96                MESH_Init
 .text.BVOPUS_STM_Init
                0x0000000008012d98        0x2 Middlewares/STM32_WPAN/ble/blesvc/svc_ctl.o
                0x0000000008012d98                BVOPUS_STM_Init
 .text.SVCCTL_InitCustomSvc
                0x0000000008012d9a        0x2 Middlewares/STM32_WPAN/ble/blesvc/svc_ctl.o
                0x0000000008012d9a                SVCCTL_InitCustomSvc
 .text.SVCCTL_SvcInit
                0x0000000008012d9c       0x48 Middlewares/STM32_WPAN/ble/blesvc/svc_ctl.o
                0x0000000008012d9c                SVCCTL_SvcInit
 .text.SVCCTL_Init
                0x0000000008012de4       0x18 Middlewares/STM32_WPAN/ble/blesvc/svc_ctl.o
                0x0000000008012de4                SVCCTL_Init
 .text.SVCCTL_RegisterSvcHandler
                0x0000000008012dfc       0x14 Middlewares/STM32_WPAN/ble/blesvc/svc_ctl.o
                0x0000000008012dfc                SVCCTL_RegisterSvcHandler
 .text.SVCCTL_UserEvtRx
                0x0000000008012e10       0x48 Middlewares/STM32_WPAN/ble/blesvc/svc_ctl.o
                0x0000000008012e10                SVCCTL_UserEvtRx
 .text.aci_gap_set_discoverable
                0x0000000008012e58       0xb0 Middlewares/STM32_WPAN/ble/core/ble_gap_aci.o
                0x0000000008012e58                aci_gap_set_discoverable
 .text.aci_gap_set_io_capability
                0x0000000008012f08       0x44 Middlewares/STM32_WPAN/ble/core/ble_gap_aci.o
                0x0000000008012f08                aci_gap_set_io_capability
 .text.aci_gap_set_authentication_requirement
                0x0000000008012f4c       0x78 Middlewares/STM32_WPAN/ble/core/ble_gap_aci.o
                0x0000000008012f4c                aci_gap_set_authentication_requirement
 .text.aci_gap_init
                0x0000000008012fc4       0x84 Middlewares/STM32_WPAN/ble/core/ble_gap_aci.o
                0x0000000008012fc4                aci_gap_init
 .text.aci_gap_update_adv_data
                0x0000000008013048       0x54 Middlewares/STM32_WPAN/ble/core/ble_gap_aci.o
                0x0000000008013048                aci_gap_update_adv_data
 .text.aci_gatt_init
                0x000000000801309c       0x3c Middlewares/STM32_WPAN/ble/core/ble_gatt_aci.o
                0x000000000801309c                aci_gatt_init
 .text.aci_gatt_add_service
                0x00000000080130d8       0xa0 Middlewares/STM32_WPAN/ble/core/ble_gatt_aci.o
                0x00000000080130d8                aci_gatt_add_service
 .text.aci_gatt_add_char
                0x0000000008013178       0xb4 Middlewares/STM32_WPAN/ble/core/ble_gatt_aci.o
                0x0000000008013178                aci_gatt_add_char
 .text.aci_gatt_update_char_value
                0x000000000801322c       0x60 Middlewares/STM32_WPAN/ble/core/ble_gatt_aci.o
                0x000000000801322c                aci_gatt_update_char_value
 .text.aci_gatt_write_resp
                0x000000000801328c       0x68 Middlewares/STM32_WPAN/ble/core/ble_gatt_aci.o
                0x000000000801328c                aci_gatt_write_resp
 .text.aci_hal_write_config_data
                0x00000000080132f4       0x58 Middlewares/STM32_WPAN/ble/core/ble_hal_aci.o
                0x00000000080132f4                aci_hal_write_config_data
 .text.aci_hal_set_tx_power_level
                0x000000000801334c       0x4c Middlewares/STM32_WPAN/ble/core/ble_hal_aci.o
                0x000000000801334c                aci_hal_set_tx_power_level
 .text.hci_reset
                0x0000000008013398       0x3a Middlewares/STM32_WPAN/ble/core/ble_hci_le.o
                0x0000000008013398                hci_reset
 .text.Osal_MemCpy
                0x00000000080133d2        0x4 Middlewares/STM32_WPAN/ble/core/osal.o
                0x00000000080133d2                Osal_MemCpy
 .text.Osal_MemSet
                0x00000000080133d6        0x4 Middlewares/STM32_WPAN/ble/core/osal.o
                0x00000000080133d6                Osal_MemSet
 .text.SHCI_C2_FUS_GetState
                0x00000000080133da       0x22 Middlewares/STM32_WPAN/interface/patterns/ble_thread/shci/shci.o
                0x00000000080133da                SHCI_C2_FUS_GetState
 .text.SHCI_C2_FUS_FwUpgrade
                0x00000000080133fc       0x28 Middlewares/STM32_WPAN/interface/patterns/ble_thread/shci/shci.o
                0x00000000080133fc                SHCI_C2_FUS_FwUpgrade
 .text.SHCI_C2_FUS_StartWs
                0x0000000008013424       0x1a Middlewares/STM32_WPAN/interface/patterns/ble_thread/shci/shci.o
                0x0000000008013424                SHCI_C2_FUS_StartWs
 .text.SHCI_C2_BLE_Init
                0x000000000801343e       0x1c Middlewares/STM32_WPAN/interface/patterns/ble_thread/shci/shci.o
                0x000000000801343e                SHCI_C2_BLE_Init
 .text.SHCI_C2_DEBUG_Init
                0x000000000801345a       0x1c Middlewares/STM32_WPAN/interface/patterns/ble_thread/shci/shci.o
                0x000000000801345a                SHCI_C2_DEBUG_Init
 .text.SHCI_C2_FLASH_EraseActivity
                0x0000000008013476       0x1e Middlewares/STM32_WPAN/interface/patterns/ble_thread/shci/shci.o
                0x0000000008013476                SHCI_C2_FLASH_EraseActivity
 .text.SHCI_C2_SetFlashActivityControl
                0x0000000008013494       0x1e Middlewares/STM32_WPAN/interface/patterns/ble_thread/shci/shci.o
                0x0000000008013494                SHCI_C2_SetFlashActivityControl
 *fill*         0x00000000080134b2        0x2 
 .text.hci_init
                0x00000000080134b4       0x54 Middlewares/STM32_WPAN/interface/patterns/ble_thread/tl/hci_tl.o
                0x00000000080134b4                hci_init
 .text.hci_user_evt_proc
                0x0000000008013508       0x6c Middlewares/STM32_WPAN/interface/patterns/ble_thread/tl/hci_tl.o
                0x0000000008013508                hci_user_evt_proc
 .text.hci_send_req
                0x0000000008013574       0xc8 Middlewares/STM32_WPAN/interface/patterns/ble_thread/tl/hci_tl.o
                0x0000000008013574                hci_send_req
 .text.TlEvtReceived
                0x000000000801363c       0x34 Middlewares/STM32_WPAN/interface/patterns/ble_thread/tl/hci_tl.o
 .text.hci_register_io_bus
                0x0000000008013670       0x14 Middlewares/STM32_WPAN/interface/patterns/ble_thread/tl/hci_tl_if.o
                0x0000000008013670                hci_register_io_bus
 .text.TlUserEvtReceived
                0x0000000008013684       0x18 Middlewares/STM32_WPAN/interface/patterns/ble_thread/tl/shci_tl.o
 .text.Cmd_SetStatus.constprop.0
                0x000000000801369c       0x18 Middlewares/STM32_WPAN/interface/patterns/ble_thread/tl/shci_tl.o
 .text.shci_init
                0x00000000080136b4       0x54 Middlewares/STM32_WPAN/interface/patterns/ble_thread/tl/shci_tl.o
                0x00000000080136b4                shci_init
 .text.shci_user_evt_proc
                0x0000000008013708       0x68 Middlewares/STM32_WPAN/interface/patterns/ble_thread/tl/shci_tl.o
                0x0000000008013708                shci_user_evt_proc
 .text.shci_send
                0x0000000008013770       0x6c Middlewares/STM32_WPAN/interface/patterns/ble_thread/tl/shci_tl.o
                0x0000000008013770                shci_send
 .text.TlCmdEvtReceived
                0x00000000080137dc        0xa Middlewares/STM32_WPAN/interface/patterns/ble_thread/tl/shci_tl.o
 *fill*         0x00000000080137e6        0x2 
 .text.shci_register_io_bus
                0x00000000080137e8       0x14 Middlewares/STM32_WPAN/interface/patterns/ble_thread/tl/shci_tl_if.o
                0x00000000080137e8                shci_register_io_bus
 .text.SendFreeBuf
                0x00000000080137fc       0x30 Middlewares/STM32_WPAN/interface/patterns/ble_thread/tl/tl_mbox.o
 .text.TL_Enable
                0x000000000801382c        0x4 Middlewares/STM32_WPAN/interface/patterns/ble_thread/tl/tl_mbox.o
                0x000000000801382c                TL_Enable
 .text.TL_Init  0x0000000008013830       0x48 Middlewares/STM32_WPAN/interface/patterns/ble_thread/tl/tl_mbox.o
                0x0000000008013830                TL_Init
 .text.TL_BLE_Init
                0x0000000008013878       0x48 Middlewares/STM32_WPAN/interface/patterns/ble_thread/tl/tl_mbox.o
                0x0000000008013878                TL_BLE_Init
 .text.TL_BLE_SendCmd
                0x00000000080138c0       0x1c Middlewares/STM32_WPAN/interface/patterns/ble_thread/tl/tl_mbox.o
                0x00000000080138c0                TL_BLE_SendCmd
 .text.HW_IPCC_BLE_RxEvtNot
                0x00000000080138dc       0x2c Middlewares/STM32_WPAN/interface/patterns/ble_thread/tl/tl_mbox.o
                0x00000000080138dc                HW_IPCC_BLE_RxEvtNot
 .text.HW_IPCC_BLE_AclDataAckNot
                0x0000000008013908        0xc Middlewares/STM32_WPAN/interface/patterns/ble_thread/tl/tl_mbox.o
                0x0000000008013908                HW_IPCC_BLE_AclDataAckNot
 .text.TL_SYS_Init
                0x0000000008013914       0x3c Middlewares/STM32_WPAN/interface/patterns/ble_thread/tl/tl_mbox.o
                0x0000000008013914                TL_SYS_Init
 .text.TL_SYS_SendCmd
                0x0000000008013950       0x1c Middlewares/STM32_WPAN/interface/patterns/ble_thread/tl/tl_mbox.o
                0x0000000008013950                TL_SYS_SendCmd
 .text.HW_IPCC_SYS_CmdEvtNot
                0x000000000801396c       0x18 Middlewares/STM32_WPAN/interface/patterns/ble_thread/tl/tl_mbox.o
                0x000000000801396c                HW_IPCC_SYS_CmdEvtNot
 .text.HW_IPCC_SYS_EvtNot
                0x0000000008013984       0x2c Middlewares/STM32_WPAN/interface/patterns/ble_thread/tl/tl_mbox.o
                0x0000000008013984                HW_IPCC_SYS_EvtNot
 .text.TL_MM_Init
                0x00000000080139b0       0x40 Middlewares/STM32_WPAN/interface/patterns/ble_thread/tl/tl_mbox.o
                0x00000000080139b0                TL_MM_Init
 .text.TL_MM_EvtDone
                0x00000000080139f0       0x1c Middlewares/STM32_WPAN/interface/patterns/ble_thread/tl/tl_mbox.o
                0x00000000080139f0                TL_MM_EvtDone
 .text.TL_TRACES_Init
                0x0000000008013a0c       0x20 Middlewares/STM32_WPAN/interface/patterns/ble_thread/tl/tl_mbox.o
                0x0000000008013a0c                TL_TRACES_Init
 .text.TL_TRACES_EvtReceived
                0x0000000008013a2c        0x2 Middlewares/STM32_WPAN/interface/patterns/ble_thread/tl/tl_mbox.o
                0x0000000008013a2c                TL_TRACES_EvtReceived
 *fill*         0x0000000008013a2e        0x2 
 .text.HW_IPCC_TRACES_EvtNot
                0x0000000008013a30       0x24 Middlewares/STM32_WPAN/interface/patterns/ble_thread/tl/tl_mbox.o
                0x0000000008013a30                HW_IPCC_TRACES_EvtNot
 .text.DbgTraceInit
                0x0000000008013a54       0x28 Middlewares/STM32_WPAN/utilities/dbg_trace.o
                0x0000000008013a54                DbgTraceInit
 .text.OTP_Read
                0x0000000008013a7c       0x20 Middlewares/STM32_WPAN/utilities/otp.o
                0x0000000008013a7c                OTP_Read
 .text.LST_init_head
                0x0000000008013a9c        0x6 Middlewares/STM32_WPAN/utilities/stm_list.o
                0x0000000008013a9c                LST_init_head
 .text.LST_is_empty
                0x0000000008013aa2       0x14 Middlewares/STM32_WPAN/utilities/stm_list.o
                0x0000000008013aa2                LST_is_empty
 .text.LST_insert_head
                0x0000000008013ab6       0x18 Middlewares/STM32_WPAN/utilities/stm_list.o
                0x0000000008013ab6                LST_insert_head
 .text.LST_insert_tail
                0x0000000008013ace       0x18 Middlewares/STM32_WPAN/utilities/stm_list.o
                0x0000000008013ace                LST_insert_tail
 .text.LST_remove_node
                0x0000000008013ae6       0x16 Middlewares/STM32_WPAN/utilities/stm_list.o
                0x0000000008013ae6                LST_remove_node
 .text.LST_remove_head
                0x0000000008013afc       0x18 Middlewares/STM32_WPAN/utilities/stm_list.o
                0x0000000008013afc                LST_remove_head
 .text.CircularQueue_Init
                0x0000000008013b14       0x28 Middlewares/STM32_WPAN/utilities/stm_queue.o
                0x0000000008013b14                CircularQueue_Init
 .text.UTIL_LPM_Init
                0x0000000008013b3c       0x14 Utilities/stm32_lpm.o
                0x0000000008013b3c                UTIL_LPM_Init
 .text.UTIL_LPM_SetOffMode
                0x0000000008013b50       0x2c Utilities/stm32_lpm.o
                0x0000000008013b50                UTIL_LPM_SetOffMode
 .text.UTIL_SEQ_SetTask
                0x0000000008013b7c       0x2c Utilities/stm32_seq.o
                0x0000000008013b7c                UTIL_SEQ_SetTask
 .text.UTIL_SEQ_PauseTask
                0x0000000008013ba8       0x1c Utilities/stm32_seq.o
                0x0000000008013ba8                UTIL_SEQ_PauseTask
 .text.UTIL_SEQ_ResumeTask
                0x0000000008013bc4       0x18 Utilities/stm32_seq.o
                0x0000000008013bc4                UTIL_SEQ_ResumeTask
 .text.UTIL_SEQ_SetEvt
                0x0000000008013bdc       0x18 Utilities/stm32_seq.o
                0x0000000008013bdc                UTIL_SEQ_SetEvt
 .text.UTIL_SEQ_PreIdle
                0x0000000008013bf4        0x2 Utilities/stm32_seq.o
                0x0000000008013bf4                UTIL_SEQ_PreIdle
 *fill*         0x0000000008013bf6        0x2 
 .text.SEQ_BitPosition
                0x0000000008013bf8       0x40 Utilities/stm32_seq.o
                0x0000000008013bf8                SEQ_BitPosition
 .text.UTIL_SEQ_Run
                0x0000000008013c38      0x114 Utilities/stm32_seq.o
                0x0000000008013c38                UTIL_SEQ_Run
 .text.UTIL_SEQ_WaitEvt
                0x0000000008013d4c       0x50 Utilities/stm32_seq.o
                0x0000000008013d4c                UTIL_SEQ_WaitEvt
 .text.UTIL_SEQ_RegTask
                0x0000000008013d9c       0x20 Utilities/stm32_seq.o
                0x0000000008013d9c                UTIL_SEQ_RegTask
 .text.__libc_init_array
                0x0000000008013dbc       0x48 /opt/st/stm32cubeide_1.6.1/plugins/com.st.stm32cube.ide.mcu.externaltools.gnu-tools-for-stm32.9-2020-q2-update.linux64_1.5.0.202011040924/tools/bin/../lib/gcc/arm-none-eabi/9.3.1/../../../../arm-none-eabi/lib/thumb/v7e-m+fp/hard/libc_nano.a(lib_a-init.o)
                0x0000000008013dbc                __libc_init_array
 .text.memcpy   0x0000000008013e04       0x1c /opt/st/stm32cubeide_1.6.1/plugins/com.st.stm32cube.ide.mcu.externaltools.gnu-tools-for-stm32.9-2020-q2-update.linux64_1.5.0.202011040924/tools/bin/../lib/gcc/arm-none-eabi/9.3.1/../../../../arm-none-eabi/lib/thumb/v7e-m+fp/hard/libc_nano.a(lib_a-memcpy-stub.o)
                0x0000000008013e04                memcpy
 .text.memset   0x0000000008013e20       0x10 /opt/st/stm32cubeide_1.6.1/plugins/com.st.stm32cube.ide.mcu.externaltools.gnu-tools-for-stm32.9-2020-q2-update.linux64_1.5.0.202011040924/tools/bin/../lib/gcc/arm-none-eabi/9.3.1/../../../../arm-none-eabi/lib/thumb/v7e-m+fp/hard/libc_nano.a(lib_a-memset.o)
                0x0000000008013e20                memset
 *(.glue_7)
 .glue_7        0x0000000008013e30        0x0 linker stubs
 *(.glue_7t)
 .glue_7t       0x0000000008013e30        0x0 linker stubs
 *(.eh_frame)
 .eh_frame      0x0000000008013e30        0x0 /opt/st/stm32cubeide_1.6.1/plugins/com.st.stm32cube.ide.mcu.externaltools.gnu-tools-for-stm32.9-2020-q2-update.linux64_1.5.0.202011040924/tools/bin/../lib/gcc/arm-none-eabi/9.3.1/thumb/v7e-m+fp/hard/crtbegin.o
 *(.init)
 .init          0x0000000008013e30        0x4 /opt/st/stm32cubeide_1.6.1/plugins/com.st.stm32cube.ide.mcu.externaltools.gnu-tools-for-stm32.9-2020-q2-update.linux64_1.5.0.202011040924/tools/bin/../lib/gcc/arm-none-eabi/9.3.1/thumb/v7e-m+fp/hard/crti.o
                0x0000000008013e30                _init
 .init          0x0000000008013e34        0x8 /opt/st/stm32cubeide_1.6.1/plugins/com.st.stm32cube.ide.mcu.externaltools.gnu-tools-for-stm32.9-2020-q2-update.linux64_1.5.0.202011040924/tools/bin/../lib/gcc/arm-none-eabi/9.3.1/thumb/v7e-m+fp/hard/crtn.o
 *(.fini)
 .fini          0x0000000008013e3c        0x4 /opt/st/stm32cubeide_1.6.1/plugins/com.st.stm32cube.ide.mcu.externaltools.gnu-tools-for-stm32.9-2020-q2-update.linux64_1.5.0.202011040924/tools/bin/../lib/gcc/arm-none-eabi/9.3.1/thumb/v7e-m+fp/hard/crti.o
                0x0000000008013e3c                _fini
 .fini          0x0000000008013e40        0x8 /opt/st/stm32cubeide_1.6.1/plugins/com.st.stm32cube.ide.mcu.externaltools.gnu-tools-for-stm32.9-2020-q2-update.linux64_1.5.0.202011040924/tools/bin/../lib/gcc/arm-none-eabi/9.3.1/thumb/v7e-m+fp/hard/crtn.o
                0x0000000008013e48                . = ALIGN (0x4)
                0x0000000008013e48                _etext = .

.vfp11_veneer   0x0000000008013e48        0x0
 .vfp11_veneer  0x0000000008013e48        0x0 linker stubs

.v4_bx          0x0000000008013e48        0x0
 .v4_bx         0x0000000008013e48        0x0 linker stubs

.iplt           0x0000000008013e48        0x0
 .iplt          0x0000000008013e48        0x0 /opt/st/stm32cubeide_1.6.1/plugins/com.st.stm32cube.ide.mcu.externaltools.gnu-tools-for-stm32.9-2020-q2-update.linux64_1.5.0.202011040924/tools/bin/../lib/gcc/arm-none-eabi/9.3.1/thumb/v7e-m+fp/hard/crtbegin.o

.RamFunc        0x0000000008013e48       0x30
 .RamFunc       0x0000000008013e48       0x30 Drivers/STM32WBxx_HAL_Driver/stm32wbxx_hal_flash.o

.rodata         0x0000000008013e78      0x2ac
                0x0000000008013e78                . = ALIGN (0x4)
 *(.rodata)
 .rodata        0x0000000008013e78       0x1b Application/Core/app_debug.o
 .rodata        0x0000000008013e93       0x30 Application/STM32_WPAN/app/app_ble.o
 *(.rodata*)
 .rodata.aGpioConfigList
                0x0000000008013ec3      0x110 Application/Core/app_debug.o
 .rodata.APP_BLE_Init.str1.1
                0x0000000008013fd3        0x8 Application/STM32_WPAN/app/app_ble.o
 .rodata.BLE_CFG_ER_VALUE
                0x0000000008013fdb       0x10 Application/STM32_WPAN/app/app_ble.o
 .rodata.BLE_CFG_IR_VALUE
                0x0000000008013feb       0x10 Application/STM32_WPAN/app/app_ble.o
 .rodata.M_bd_addr
                0x0000000008013ffb        0x6 Application/STM32_WPAN/app/app_ble.o
 .rodata.local_name
                0x0000000008014001        0x8 Application/STM32_WPAN/app/app_ble.o
 .rodata.BUTTON_IRQn
                0x0000000008014009        0x3 Drivers/BSP/P-NUCLEO-WB55.Nucleo/stm32wbxx_nucleo.o
                0x0000000008014009                BUTTON_IRQn
 .rodata.BUTTON_PIN
                0x000000000801400c        0x6 Drivers/BSP/P-NUCLEO-WB55.Nucleo/stm32wbxx_nucleo.o
                0x000000000801400c                BUTTON_PIN
 .rodata.GPIO_PIN
                0x0000000008014012        0x6 Drivers/BSP/P-NUCLEO-WB55.Nucleo/stm32wbxx_nucleo.o
                0x0000000008014012                GPIO_PIN
 .rodata.AHBPrescTable
                0x0000000008014018       0x40 Drivers/CMSIS/system_stm32wbxx.o
                0x0000000008014018                AHBPrescTable
 .rodata.APBPrescTable
                0x0000000008014058       0x20 Drivers/CMSIS/system_stm32wbxx.o
                0x0000000008014058                APBPrescTable
 .rodata.MSIRangeTable
                0x0000000008014078       0x40 Drivers/CMSIS/system_stm32wbxx.o
                0x0000000008014078                MSIRangeTable
 .rodata.CSWTCH.60
                0x00000000080140b8        0x3 Drivers/STM32WBxx_HAL_Driver/stm32wbxx_hal_uart.o
 *fill*         0x00000000080140bb        0x1 
 .rodata.UARTPrescTable
                0x00000000080140bc       0x18 Drivers/STM32WBxx_HAL_Driver/stm32wbxx_hal_uart.o
                0x00000000080140bc                UARTPrescTable
 .rodata.OTAS_SVC_UUID
                0x00000000080140d4       0x10 Middlewares/STM32_WPAN/ble/blesvc/otas_stm.o
                0x00000000080140d4                OTAS_SVC_UUID
 .rodata.OTA_BASE_ADR_CHAR_UUID
                0x00000000080140e4       0x10 Middlewares/STM32_WPAN/ble/blesvc/otas_stm.o
                0x00000000080140e4                OTA_BASE_ADR_CHAR_UUID
 .rodata.OTA_CONF_CHAR_UUID
                0x00000000080140f4       0x10 Middlewares/STM32_WPAN/ble/blesvc/otas_stm.o
                0x00000000080140f4                OTA_CONF_CHAR_UUID
 .rodata.OTA_RAW_DATA_CHAR_UUID
                0x0000000008014104       0x10 Middlewares/STM32_WPAN/ble/blesvc/otas_stm.o
                0x0000000008014104                OTA_RAW_DATA_CHAR_UUID
 .rodata.SEQ_clz_table_4bit
                0x0000000008014114       0x10 Utilities/stm32_seq.o
                0x0000000008014124                . = ALIGN (0x4)

.ARM.extab
 *(.ARM.extab* .gnu.linkonce.armextab.*)

.ARM            0x0000000008014124        0x8
                0x0000000008014124                __exidx_start = .
 *(.ARM.exidx*)
 .ARM.exidx     0x0000000008014124        0x8 /opt/st/stm32cubeide_1.6.1/plugins/com.st.stm32cube.ide.mcu.externaltools.gnu-tools-for-stm32.9-2020-q2-update.linux64_1.5.0.202011040924/tools/bin/../lib/gcc/arm-none-eabi/9.3.1/thumb/v7e-m+fp/hard/libgcc.a(_udivmoddi4.o)
                0x000000000801412c                __exidx_end = .

.rel.dyn        0x000000000801412c        0x0
 .rel.iplt      0x000000000801412c        0x0 /opt/st/stm32cubeide_1.6.1/plugins/com.st.stm32cube.ide.mcu.externaltools.gnu-tools-for-stm32.9-2020-q2-update.linux64_1.5.0.202011040924/tools/bin/../lib/gcc/arm-none-eabi/9.3.1/thumb/v7e-m+fp/hard/crtbegin.o

.preinit_array  0x000000000801412c        0x0
                0x000000000801412c                PROVIDE (__preinit_array_start = .)
 *(.preinit_array*)
                0x000000000801412c                PROVIDE (__preinit_array_end = .)

.init_array     0x000000000801412c        0x4
                0x000000000801412c                PROVIDE (__init_array_start = .)
 *(SORT_BY_NAME(.init_array.*))
 *(.init_array*)
 .init_array    0x000000000801412c        0x4 /opt/st/stm32cubeide_1.6.1/plugins/com.st.stm32cube.ide.mcu.externaltools.gnu-tools-for-stm32.9-2020-q2-update.linux64_1.5.0.202011040924/tools/bin/../lib/gcc/arm-none-eabi/9.3.1/thumb/v7e-m+fp/hard/crtbegin.o
                0x0000000008014130                PROVIDE (__init_array_end = .)

.fini_array     0x0000000008014130        0x4
                [!provide]                        PROVIDE (__fini_array_start = .)
 *(SORT_BY_NAME(.fini_array.*))
 *(.fini_array*)
 .fini_array    0x0000000008014130        0x4 /opt/st/stm32cubeide_1.6.1/plugins/com.st.stm32cube.ide.mcu.externaltools.gnu-tools-for-stm32.9-2020-q2-update.linux64_1.5.0.202011040924/tools/bin/../lib/gcc/arm-none-eabi/9.3.1/thumb/v7e-m+fp/hard/crtbegin.o
                [!provide]                        PROVIDE (__fini_array_end = .)
                0x0000000008014134                _sidata = LOADADDR (.data)

.data           0x0000000020001010       0x3c load address 0x0000000008014134
                0x0000000020001010                . = ALIGN (0x4)
                0x0000000020001010                _sdata = .
 *(.data)
 *(.data*)
 .data.manuf_data
                0x0000000020001010        0xe Application/STM32_WPAN/app/app_ble.o
                0x0000000020001010                manuf_data
 *fill*         0x000000002000101e        0x2 
 .data.BUTTON_PORT
                0x0000000020001020        0xc Drivers/BSP/P-NUCLEO-WB55.Nucleo/stm32wbxx_nucleo.o
                0x0000000020001020                BUTTON_PORT
 .data.GPIO_PORT
                0x000000002000102c        0xc Drivers/BSP/P-NUCLEO-WB55.Nucleo/stm32wbxx_nucleo.o
                0x000000002000102c                GPIO_PORT
 .data.SystemCoreClock
                0x0000000020001038        0x4 Drivers/CMSIS/system_stm32wbxx.o
                0x0000000020001038                SystemCoreClock
 .data.uwTickFreq
                0x000000002000103c        0x1 Drivers/STM32WBxx_HAL_Driver/stm32wbxx_hal.o
                0x000000002000103c                uwTickFreq
 *fill*         0x000000002000103d        0x3 
 .data.uwTickPrio
                0x0000000020001040        0x4 Drivers/STM32WBxx_HAL_Driver/stm32wbxx_hal.o
                0x0000000020001040                uwTickPrio
 .data.SuperMask
                0x0000000020001044        0x4 Utilities/stm32_seq.o
 .data.TaskMask
                0x0000000020001048        0x4 Utilities/stm32_seq.o
                0x000000002000104c                . = ALIGN (0x4)
                0x000000002000104c                _edata = .

.igot.plt       0x000000002000104c        0x0 load address 0x0000000008014170
 .igot.plt      0x000000002000104c        0x0 /opt/st/stm32cubeide_1.6.1/plugins/com.st.stm32cube.ide.mcu.externaltools.gnu-tools-for-stm32.9-2020-q2-update.linux64_1.5.0.202011040924/tools/bin/../lib/gcc/arm-none-eabi/9.3.1/thumb/v7e-m+fp/hard/crtbegin.o

TIMERSERVER_CONTEXT
                0x000000002000104c       0x99 load address 0x0000000008014170
 TIMERSERVER_CONTEXT
                0x000000002000104c       0x99 Application/Core/hw_timerserver.o

BLE_DRIVER_CONTEXT
                0x00000000200010e8       0x3e load address 0x0000000008014209
 BLE_DRIVER_CONTEXT
                0x00000000200010e8        0xa Middlewares/STM32_WPAN/ble/blesvc/otas_stm.o
 *fill*         0x00000000200010f2        0x2 
 BLE_DRIVER_CONTEXT
                0x00000000200010f4       0x21 Middlewares/STM32_WPAN/ble/blesvc/svc_ctl.o
                0x00000000200010f4                SVCCTL_EvtHandler
                0x0000000020001114                SVCCTL_CltHandler
 *fill*         0x0000000020001115        0x3 
 BLE_DRIVER_CONTEXT
                0x0000000020001118        0xe Middlewares/STM32_WPAN/interface/patterns/ble_thread/tl/hci_tl.o
                0x0000000020001124                UserEventFlow

SYSTEM_DRIVER_CONTEXT
                0x0000000020001128       0x11 load address 0x0000000008014247
 SYSTEM_DRIVER_CONTEXT
                0x0000000020001128       0x11 Middlewares/STM32_WPAN/interface/patterns/ble_thread/tl/shci_tl.o
                0x0000000020001138                SHCI_TL_UserEventFlow
                0x000000002000113c                . = ALIGN (0x4)

.bss            0x0000000020001140     0x12b4 load address 0x0000000008014258
                0x0000000020001140                _sbss = .
                0x0000000020001140                __bss_start__ = _sbss
 *(.bss)
 .bss           0x0000000020001140       0x1c /opt/st/stm32cubeide_1.6.1/plugins/com.st.stm32cube.ide.mcu.externaltools.gnu-tools-for-stm32.9-2020-q2-update.linux64_1.5.0.202011040924/tools/bin/../lib/gcc/arm-none-eabi/9.3.1/thumb/v7e-m+fp/hard/crtbegin.o
 *(.bss*)
 .bss.AsynchPrescalerUserConfig
                0x000000002000115c        0x1 Application/Core/hw_timerserver.o
 *fill*         0x000000002000115d        0x1 
 .bss.MaxWakeupTimerSetup
                0x000000002000115e        0x2 Application/Core/hw_timerserver.o
 .bss.SynchPrescalerUserConfig
                0x0000000020001160        0x2 Application/Core/hw_timerserver.o
 .bss.WakeupTimerDivider
                0x0000000020001162        0x1 Application/Core/hw_timerserver.o
 *fill*         0x0000000020001163        0x1 
 .bss.phrtc     0x0000000020001164        0x4 Application/Core/hw_timerserver.o
 .bss.HW_hdma_huart1_tx
                0x0000000020001168       0x60 Application/Core/hw_uart.o
                0x0000000020001168                HW_hdma_huart1_tx
 .bss.huart1    0x00000000200011c8       0x90 Application/Core/hw_uart.o
                0x00000000200011c8                huart1
 .bss.hrtc      0x0000000020001258       0x24 Application/Core/main.o
                0x0000000020001258                hrtc
 .bss.bd_addr_udn
                0x000000002000127c        0x6 Application/STM32_WPAN/app/app_ble.o
 *fill*         0x0000000020001282        0x2 
 .bss.FreeBufCb
                0x0000000020001284        0x4 Application/STM32_WPAN/target/hw_ipcc.o
 .bss.pFlash    0x0000000020001288       0x18 Drivers/STM32WBxx_HAL_Driver/stm32wbxx_hal_flash.o
                0x0000000020001288                pFlash
 .bss.HciCmdEventQueue
                0x00000000200012a0        0x8 Middlewares/STM32_WPAN/interface/patterns/ble_thread/tl/hci_tl.o
 .bss.StatusNotCallBackFunction
                0x00000000200012a8        0x4 Middlewares/STM32_WPAN/interface/patterns/ble_thread/tl/hci_tl.o
 .bss.hciContext
                0x00000000200012ac       0x20 Middlewares/STM32_WPAN/interface/patterns/ble_thread/tl/hci_tl.o
 .bss.StatusNotCallBackFunction
                0x00000000200012cc        0x4 Middlewares/STM32_WPAN/interface/patterns/ble_thread/tl/shci_tl.o
 .bss.shciContext
                0x00000000200012d0       0x20 Middlewares/STM32_WPAN/interface/patterns/ble_thread/tl/shci_tl.o
 .bss.BLE_IoBusAclDataTxAck
                0x00000000200012f0        0x4 Middlewares/STM32_WPAN/interface/patterns/ble_thread/tl/tl_mbox.o
 .bss.BLE_IoBusEvtCallBackFunction
                0x00000000200012f4        0x4 Middlewares/STM32_WPAN/interface/patterns/ble_thread/tl/tl_mbox.o
 .bss.LocalFreeBufQueue
                0x00000000200012f8        0x8 Middlewares/STM32_WPAN/interface/patterns/ble_thread/tl/tl_mbox.o
 .bss.SYS_CMD_IoBusCallBackFunction
                0x0000000020001300        0x4 Middlewares/STM32_WPAN/interface/patterns/ble_thread/tl/tl_mbox.o
 .bss.SYS_EVT_IoBusCallBackFunction
                0x0000000020001304        0x4 Middlewares/STM32_WPAN/interface/patterns/ble_thread/tl/tl_mbox.o
 .bss.MsgDbgTraceQueue
                0x0000000020001308       0x20 Middlewares/STM32_WPAN/utilities/dbg_trace.o
 .bss.MsgDbgTraceQueueBuff
                0x0000000020001328     0x1000 Middlewares/STM32_WPAN/utilities/dbg_trace.o
 .bss.OffModeDisable
                0x0000000020002328        0x4 Utilities/stm32_lpm.o
 .bss.StopModeDisable
                0x000000002000232c        0x4 Utilities/stm32_lpm.o
 .bss.CurrentTaskIdx
                0x0000000020002330        0x4 Utilities/stm32_seq.o
 .bss.EvtSet    0x0000000020002334        0x4 Utilities/stm32_seq.o
 .bss.EvtWaited
                0x0000000020002338        0x4 Utilities/stm32_seq.o
 .bss.TaskCb    0x000000002000233c       0x80 Utilities/stm32_seq.o
 .bss.TaskPrio  0x00000000200023bc       0x10 Utilities/stm32_seq.o
 .bss.TaskSet   0x00000000200023cc        0x4 Utilities/stm32_seq.o
 *(COMMON)
 COMMON         0x00000000200023d0        0x8 Application/Core/hw_uart.o
                0x00000000200023d0                HW_huart1RxCb
                0x00000000200023d4                HW_huart1TxCb
 COMMON         0x00000000200023d8       0x18 Application/STM32_WPAN/app/otas_app.o
                0x00000000200023d8                OTAS_APP_Context
 COMMON         0x00000000200023f0        0x4 Drivers/STM32WBxx_HAL_Driver/stm32wbxx_hal.o
                0x00000000200023f0                uwTick
                0x00000000200023f4                . = ALIGN (0x4)
                0x00000000200023f4                _ebss = .
                0x00000000200023f4                __bss_end__ = _ebss

._user_heap_stack
                0x00000000200023f4     0x1104 load address 0x0000000008014258
                0x00000000200023f8                . = ALIGN (0x8)
 *fill*         0x00000000200023f4        0x4 
                0x00000000200023f8                PROVIDE (end = .)
                [!provide]                        PROVIDE (_end = .)
                0x00000000200024f8                . = (. + _Min_Heap_Size)
 *fill*         0x00000000200023f8      0x100 
                0x00000000200034f8                . = (. + _Min_Stack_Size)
 *fill*         0x00000000200024f8     0x1000 
                0x00000000200034f8                . = ALIGN (0x8)

/DISCARD/
 libc.a(*)
 libm.a(*)
 libgcc.a(*)

.ARM.attributes
                0x0000000000000000       0x30
 *(.ARM.attributes)
 .ARM.attributes
                0x0000000000000000       0x1e /opt/st/stm32cubeide_1.6.1/plugins/com.st.stm32cube.ide.mcu.externaltools.gnu-tools-for-stm32.9-2020-q2-update.linux64_1.5.0.202011040924/tools/bin/../lib/gcc/arm-none-eabi/9.3.1/thumb/v7e-m+fp/hard/crti.o
 .ARM.attributes
                0x000000000000001e       0x34 /opt/st/stm32cubeide_1.6.1/plugins/com.st.stm32cube.ide.mcu.externaltools.gnu-tools-for-stm32.9-2020-q2-update.linux64_1.5.0.202011040924/tools/bin/../lib/gcc/arm-none-eabi/9.3.1/thumb/v7e-m+fp/hard/crtbegin.o
 .ARM.attributes
                0x0000000000000052       0x34 Application/Core/app_debug.o
 .ARM.attributes
                0x0000000000000086       0x34 Application/Core/app_entry.o
 .ARM.attributes
                0x00000000000000ba       0x34 Application/Core/flash_driver.o
 .ARM.attributes
                0x00000000000000ee       0x34 Application/Core/hw_timerserver.o
 .ARM.attributes
                0x0000000000000122       0x34 Application/Core/hw_uart.o
 .ARM.attributes
                0x0000000000000156       0x34 Application/Core/main.o
 .ARM.attributes
                0x000000000000018a       0x34 Application/Core/stm32wbxx_it.o
 .ARM.attributes
                0x00000000000001be       0x34 Application/STM32_WPAN/app/app_ble.o
 .ARM.attributes
                0x00000000000001f2       0x34 Application/STM32_WPAN/app/otas_app.o
 .ARM.attributes
                0x0000000000000226       0x34 Application/STM32_WPAN/target/hw_ipcc.o
 .ARM.attributes
                0x000000000000025a       0x21 Application/Startup/startup_stm32wb55rgvx.o
 .ARM.attributes
                0x000000000000027b       0x34 Drivers/BSP/P-NUCLEO-WB55.Nucleo/stm32wbxx_nucleo.o
 .ARM.attributes
                0x00000000000002af       0x34 Drivers/CMSIS/system_stm32wbxx.o
 .ARM.attributes
                0x00000000000002e3       0x34 Drivers/STM32WBxx_HAL_Driver/stm32wbxx_hal.o
 .ARM.attributes
                0x0000000000000317       0x34 Drivers/STM32WBxx_HAL_Driver/stm32wbxx_hal_cortex.o
 .ARM.attributes
                0x000000000000034b       0x34 Drivers/STM32WBxx_HAL_Driver/stm32wbxx_hal_dma.o
 .ARM.attributes
                0x000000000000037f       0x34 Drivers/STM32WBxx_HAL_Driver/stm32wbxx_hal_flash.o
 .ARM.attributes
                0x00000000000003b3       0x34 Drivers/STM32WBxx_HAL_Driver/stm32wbxx_hal_flash_ex.o
 .ARM.attributes
                0x00000000000003e7       0x34 Drivers/STM32WBxx_HAL_Driver/stm32wbxx_hal_gpio.o
 .ARM.attributes
                0x000000000000041b       0x34 Drivers/STM32WBxx_HAL_Driver/stm32wbxx_hal_pwr.o
 .ARM.attributes
                0x000000000000044f       0x34 Drivers/STM32WBxx_HAL_Driver/stm32wbxx_hal_pwr_ex.o
 .ARM.attributes
                0x0000000000000483       0x34 Drivers/STM32WBxx_HAL_Driver/stm32wbxx_hal_rcc.o
 .ARM.attributes
                0x00000000000004b7       0x34 Drivers/STM32WBxx_HAL_Driver/stm32wbxx_hal_rtc.o
 .ARM.attributes
                0x00000000000004eb       0x34 Drivers/STM32WBxx_HAL_Driver/stm32wbxx_hal_uart.o
 .ARM.attributes
                0x000000000000051f       0x34 Drivers/STM32WBxx_HAL_Driver/stm32wbxx_hal_uart_ex.o
 .ARM.attributes
                0x0000000000000553       0x34 Middlewares/STM32_WPAN/ble/blesvc/otas_stm.o
 .ARM.attributes
                0x0000000000000587       0x34 Middlewares/STM32_WPAN/ble/blesvc/svc_ctl.o
 .ARM.attributes
                0x00000000000005bb       0x34 Middlewares/STM32_WPAN/ble/core/ble_gap_aci.o
 .ARM.attributes
                0x00000000000005ef       0x34 Middlewares/STM32_WPAN/ble/core/ble_gatt_aci.o
 .ARM.attributes
                0x0000000000000623       0x34 Middlewares/STM32_WPAN/ble/core/ble_hal_aci.o
 .ARM.attributes
                0x0000000000000657       0x34 Middlewares/STM32_WPAN/ble/core/ble_hci_le.o
 .ARM.attributes
                0x000000000000068b       0x34 Middlewares/STM32_WPAN/ble/core/osal.o
 .ARM.attributes
                0x00000000000006bf       0x34 Middlewares/STM32_WPAN/interface/patterns/ble_thread/shci/shci.o
 .ARM.attributes
                0x00000000000006f3       0x34 Middlewares/STM32_WPAN/interface/patterns/ble_thread/tl/hci_tl.o
 .ARM.attributes
                0x0000000000000727       0x34 Middlewares/STM32_WPAN/interface/patterns/ble_thread/tl/hci_tl_if.o
 .ARM.attributes
                0x000000000000075b       0x34 Middlewares/STM32_WPAN/interface/patterns/ble_thread/tl/shci_tl.o
 .ARM.attributes
                0x000000000000078f       0x34 Middlewares/STM32_WPAN/interface/patterns/ble_thread/tl/shci_tl_if.o
 .ARM.attributes
                0x00000000000007c3       0x34 Middlewares/STM32_WPAN/interface/patterns/ble_thread/tl/tl_mbox.o
 .ARM.attributes
                0x00000000000007f7       0x34 Middlewares/STM32_WPAN/utilities/dbg_trace.o
 .ARM.attributes
                0x000000000000082b       0x34 Middlewares/STM32_WPAN/utilities/otp.o
 .ARM.attributes
                0x000000000000085f       0x34 Middlewares/STM32_WPAN/utilities/stm_list.o
 .ARM.attributes
                0x0000000000000893       0x34 Middlewares/STM32_WPAN/utilities/stm_queue.o
 .ARM.attributes
                0x00000000000008c7       0x34 Utilities/stm32_lpm.o
 .ARM.attributes
                0x00000000000008fb       0x34 Utilities/stm32_seq.o
 .ARM.attributes
                0x000000000000092f       0x34 /opt/st/stm32cubeide_1.6.1/plugins/com.st.stm32cube.ide.mcu.externaltools.gnu-tools-for-stm32.9-2020-q2-update.linux64_1.5.0.202011040924/tools/bin/../lib/gcc/arm-none-eabi/9.3.1/../../../../arm-none-eabi/lib/thumb/v7e-m+fp/hard/libc_nano.a(lib_a-init.o)
 .ARM.attributes
                0x0000000000000963       0x34 /opt/st/stm32cubeide_1.6.1/plugins/com.st.stm32cube.ide.mcu.externaltools.gnu-tools-for-stm32.9-2020-q2-update.linux64_1.5.0.202011040924/tools/bin/../lib/gcc/arm-none-eabi/9.3.1/../../../../arm-none-eabi/lib/thumb/v7e-m+fp/hard/libc_nano.a(lib_a-memcpy-stub.o)
 .ARM.attributes
                0x0000000000000997       0x34 /opt/st/stm32cubeide_1.6.1/plugins/com.st.stm32cube.ide.mcu.externaltools.gnu-tools-for-stm32.9-2020-q2-update.linux64_1.5.0.202011040924/tools/bin/../lib/gcc/arm-none-eabi/9.3.1/../../../../arm-none-eabi/lib/thumb/v7e-m+fp/hard/libc_nano.a(lib_a-memset.o)
 .ARM.attributes
                0x00000000000009cb       0x1e /opt/st/stm32cubeide_1.6.1/plugins/com.st.stm32cube.ide.mcu.externaltools.gnu-tools-for-stm32.9-2020-q2-update.linux64_1.5.0.202011040924/tools/bin/../lib/gcc/arm-none-eabi/9.3.1/thumb/v7e-m+fp/hard/libgcc.a(_aeabi_uldivmod.o)
 .ARM.attributes
                0x00000000000009e9       0x34 /opt/st/stm32cubeide_1.6.1/plugins/com.st.stm32cube.ide.mcu.externaltools.gnu-tools-for-stm32.9-2020-q2-update.linux64_1.5.0.202011040924/tools/bin/../lib/gcc/arm-none-eabi/9.3.1/thumb/v7e-m+fp/hard/libgcc.a(_udivmoddi4.o)
 .ARM.attributes
                0x0000000000000a1d       0x1e /opt/st/stm32cubeide_1.6.1/plugins/com.st.stm32cube.ide.mcu.externaltools.gnu-tools-for-stm32.9-2020-q2-update.linux64_1.5.0.202011040924/tools/bin/../lib/gcc/arm-none-eabi/9.3.1/thumb/v7e-m+fp/hard/libgcc.a(_dvmd_tls.o)
 .ARM.attributes
                0x0000000000000a3b       0x1e /opt/st/stm32cubeide_1.6.1/plugins/com.st.stm32cube.ide.mcu.externaltools.gnu-tools-for-stm32.9-2020-q2-update.linux64_1.5.0.202011040924/tools/bin/../lib/gcc/arm-none-eabi/9.3.1/thumb/v7e-m+fp/hard/crtn.o

MAPPING_TABLE   0x0000000020030000       0x28
 *(MAPPING_TABLE)
 MAPPING_TABLE  0x0000000020030000       0x28 Middlewares/STM32_WPAN/interface/patterns/ble_thread/tl/tl_mbox.o

MB_MEM1         0x0000000020030028      0x1b8
 *(MB_MEM1)
 MB_MEM1        0x0000000020030028      0x10b Application/STM32_WPAN/app/app_ble.o
 *fill*         0x0000000020030133        0x1 
 MB_MEM1        0x0000000020030134       0xac Middlewares/STM32_WPAN/interface/patterns/ble_thread/tl/tl_mbox.o

MB_MEM2         0x00000000200301e0      0x877
                0x00000000200301e0                _sMB_MEM2 = .
 *(MB_MEM2)
 MB_MEM2        0x00000000200301e0        0x8 Application/Core/app_debug.o
 MB_MEM2        0x00000000200301e8      0x860 Application/Core/app_entry.o
 MB_MEM2        0x0000000020030a48        0xf Middlewares/STM32_WPAN/interface/patterns/ble_thread/tl/tl_mbox.o
                0x0000000020030a57                _eMB_MEM2 = .
OUTPUT(BLE_Ota.elf elf32-littlearm)
LOAD linker stubs
LOAD /opt/st/stm32cubeide_1.6.1/plugins/com.st.stm32cube.ide.mcu.externaltools.gnu-tools-for-stm32.9-2020-q2-update.linux64_1.5.0.202011040924/tools/bin/../lib/gcc/arm-none-eabi/9.3.1/../../../../arm-none-eabi/lib/thumb/v7e-m+fp/hard/libc.a
LOAD /opt/st/stm32cubeide_1.6.1/plugins/com.st.stm32cube.ide.mcu.externaltools.gnu-tools-for-stm32.9-2020-q2-update.linux64_1.5.0.202011040924/tools/bin/../lib/gcc/arm-none-eabi/9.3.1/../../../../arm-none-eabi/lib/thumb/v7e-m+fp/hard/libm.a
LOAD /opt/st/stm32cubeide_1.6.1/plugins/com.st.stm32cube.ide.mcu.externaltools.gnu-tools-for-stm32.9-2020-q2-update.linux64_1.5.0.202011040924/tools/bin/../lib/gcc/arm-none-eabi/9.3.1/thumb/v7e-m+fp/hard/libgcc.a

.comment        0x0000000000000000       0x53
 .comment       0x0000000000000000       0x53 Application/Core/app_debug.o
                                         0x54 (size before relaxing)
 .comment       0x0000000000000053       0x54 Application/Core/app_entry.o
 .comment       0x0000000000000053       0x54 Application/Core/flash_driver.o
 .comment       0x0000000000000053       0x54 Application/Core/hw_timerserver.o
 .comment       0x0000000000000053       0x54 Application/Core/hw_uart.o
 .comment       0x0000000000000053       0x54 Application/Core/main.o
 .comment       0x0000000000000053       0x54 Application/Core/stm32wbxx_it.o
 .comment       0x0000000000000053       0x54 Application/STM32_WPAN/app/app_ble.o
 .comment       0x0000000000000053       0x54 Application/STM32_WPAN/app/otas_app.o
 .comment       0x0000000000000053       0x54 Application/STM32_WPAN/target/hw_ipcc.o
 .comment       0x0000000000000053       0x54 Drivers/BSP/P-NUCLEO-WB55.Nucleo/stm32wbxx_nucleo.o
 .comment       0x0000000000000053       0x54 Drivers/CMSIS/system_stm32wbxx.o
 .comment       0x0000000000000053       0x54 Drivers/STM32WBxx_HAL_Driver/stm32wbxx_hal.o
 .comment       0x0000000000000053       0x54 Drivers/STM32WBxx_HAL_Driver/stm32wbxx_hal_cortex.o
 .comment       0x0000000000000053       0x54 Drivers/STM32WBxx_HAL_Driver/stm32wbxx_hal_dma.o
 .comment       0x0000000000000053       0x54 Drivers/STM32WBxx_HAL_Driver/stm32wbxx_hal_flash.o
 .comment       0x0000000000000053       0x54 Drivers/STM32WBxx_HAL_Driver/stm32wbxx_hal_flash_ex.o
 .comment       0x0000000000000053       0x54 Drivers/STM32WBxx_HAL_Driver/stm32wbxx_hal_gpio.o
 .comment       0x0000000000000053       0x54 Drivers/STM32WBxx_HAL_Driver/stm32wbxx_hal_pwr.o
 .comment       0x0000000000000053       0x54 Drivers/STM32WBxx_HAL_Driver/stm32wbxx_hal_pwr_ex.o
 .comment       0x0000000000000053       0x54 Drivers/STM32WBxx_HAL_Driver/stm32wbxx_hal_rcc.o
 .comment       0x0000000000000053       0x54 Drivers/STM32WBxx_HAL_Driver/stm32wbxx_hal_rtc.o
 .comment       0x0000000000000053       0x54 Drivers/STM32WBxx_HAL_Driver/stm32wbxx_hal_uart.o
 .comment       0x0000000000000053       0x54 Drivers/STM32WBxx_HAL_Driver/stm32wbxx_hal_uart_ex.o
 .comment       0x0000000000000053       0x54 Middlewares/STM32_WPAN/ble/blesvc/otas_stm.o
 .comment       0x0000000000000053       0x54 Middlewares/STM32_WPAN/ble/blesvc/svc_ctl.o
 .comment       0x0000000000000053       0x54 Middlewares/STM32_WPAN/ble/core/ble_gap_aci.o
 .comment       0x0000000000000053       0x54 Middlewares/STM32_WPAN/ble/core/ble_gatt_aci.o
 .comment       0x0000000000000053       0x54 Middlewares/STM32_WPAN/ble/core/ble_hal_aci.o
 .comment       0x0000000000000053       0x54 Middlewares/STM32_WPAN/ble/core/ble_hci_le.o
 .comment       0x0000000000000053       0x54 Middlewares/STM32_WPAN/ble/core/osal.o
 .comment       0x0000000000000053       0x54 Middlewares/STM32_WPAN/interface/patterns/ble_thread/shci/shci.o
 .comment       0x0000000000000053       0x54 Middlewares/STM32_WPAN/interface/patterns/ble_thread/tl/hci_tl.o
 .comment       0x0000000000000053       0x54 Middlewares/STM32_WPAN/interface/patterns/ble_thread/tl/hci_tl_if.o
 .comment       0x0000000000000053       0x54 Middlewares/STM32_WPAN/interface/patterns/ble_thread/tl/shci_tl.o
 .comment       0x0000000000000053       0x54 Middlewares/STM32_WPAN/interface/patterns/ble_thread/tl/shci_tl_if.o
 .comment       0x0000000000000053       0x54 Middlewares/STM32_WPAN/interface/patterns/ble_thread/tl/tl_mbox.o
 .comment       0x0000000000000053       0x54 Middlewares/STM32_WPAN/utilities/dbg_trace.o
 .comment       0x0000000000000053       0x54 Middlewares/STM32_WPAN/utilities/otp.o
 .comment       0x0000000000000053       0x54 Middlewares/STM32_WPAN/utilities/stm_list.o
 .comment       0x0000000000000053       0x54 Middlewares/STM32_WPAN/utilities/stm_queue.o
 .comment       0x0000000000000053       0x54 Utilities/stm32_lpm.o
 .comment       0x0000000000000053       0x54 Utilities/stm32_seq.o

.debug_frame    0x0000000000000000       0xd4
 .debug_frame   0x0000000000000000       0x2c /opt/st/stm32cubeide_1.6.1/plugins/com.st.stm32cube.ide.mcu.externaltools.gnu-tools-for-stm32.9-2020-q2-update.linux64_1.5.0.202011040924/tools/bin/../lib/gcc/arm-none-eabi/9.3.1/../../../../arm-none-eabi/lib/thumb/v7e-m+fp/hard/libc_nano.a(lib_a-init.o)
 .debug_frame   0x000000000000002c       0x28 /opt/st/stm32cubeide_1.6.1/plugins/com.st.stm32cube.ide.mcu.externaltools.gnu-tools-for-stm32.9-2020-q2-update.linux64_1.5.0.202011040924/tools/bin/../lib/gcc/arm-none-eabi/9.3.1/../../../../arm-none-eabi/lib/thumb/v7e-m+fp/hard/libc_nano.a(lib_a-memcpy-stub.o)
 .debug_frame   0x0000000000000054       0x20 /opt/st/stm32cubeide_1.6.1/plugins/com.st.stm32cube.ide.mcu.externaltools.gnu-tools-for-stm32.9-2020-q2-update.linux64_1.5.0.202011040924/tools/bin/../lib/gcc/arm-none-eabi/9.3.1/../../../../arm-none-eabi/lib/thumb/v7e-m+fp/hard/libc_nano.a(lib_a-memset.o)
 .debug_frame   0x0000000000000074       0x2c /opt/st/stm32cubeide_1.6.1/plugins/com.st.stm32cube.ide.mcu.externaltools.gnu-tools-for-stm32.9-2020-q2-update.linux64_1.5.0.202011040924/tools/bin/../lib/gcc/arm-none-eabi/9.3.1/thumb/v7e-m+fp/hard/libgcc.a(_aeabi_uldivmod.o)
 .debug_frame   0x00000000000000a0       0x34 /opt/st/stm32cubeide_1.6.1/plugins/com.st.stm32cube.ide.mcu.externaltools.gnu-tools-for-stm32.9-2020-q2-update.linux64_1.5.0.202011040924/tools/bin/../lib/gcc/arm-none-eabi/9.3.1/thumb/v7e-m+fp/hard/libgcc.a(_udivmoddi4.o)
