stm32wbxx_ll_bus.h:540:22:LL_AHB2_GRP1_EnableClock	8	static
sx1276mb1las.c:145:10:SX1276MB1LAS_RADIO_GetWakeUpTime	0	static
sx1276mb1las.c:150:6:SX1276MB1LAS_RADIO_SetXO	0	static
sx1276mb1las.c:154:6:SX1276MB1LAS_RADIO_IoInit	80	static
sx1276mb1las.c:216:6:SX1276MB1LAS_RADIO_IoDeInit	56	static
sx1276mb1las.c:241:6:SX1276MB1LAS_RADIO_IoIrqInit	40	static,ignoring_inline_asm
sx1276mb1las.c:260:6:SX1276MB1LAS_RADIO_IRQHandler	0	static
sx1276mb1las.c:265:18:SX1276MB1LAS_RADIO_GetPaSelect	0	static
sx1276mb1las.c:277:6:SX1276MB1LAS_RADIO_SetAntSw	0	static
sx1276mb1las.c:310:6:SX1276MB1LAS_RADIO_CheckRfFrequency	0	static
sx1276mb1las.c:316:6:SX1276MB1LAS_RADIO_Reset	40	static
sx1276mb1las.c:342:6:SX1276MB1LAS_RADIO_Bus_Init	0	static
sx1276mb1las.c:347:6:SX1276MB1LAS_RADIO_Bus_deInit	0	static
sx1276mb1las.c:357:10:SX1276MB1LAS_RADIO_SendRecv	24	static
sx1276mb1las.c:367:6:SX1276MB1LAS_RADIO_ChipSelect	0	static
sx1276mb1las.c:379:10:SX1276MB1LAS_RADIO_GetDio1PinState	8	static
