sfu_fwimg_common.c:71:17:MemoryCompare	24	static
sfu_fwimg_common.c:150:17:VerifyFwSignatureScatter.part.0	2160	static
sfu_fwimg_common.c:150:17:VerifyFwSignatureScatter	8	static
sfu_fwimg_common.c:335:17:ParseFWInfo	8	static
sfu_fwimg_common.c:378:17:VerifyFwSignature	48	static
sfu_fwimg_common.c:437:17:VerifySlot	4	static
sfu_fwimg_common.c:460:17:CleanUpSlot	48	static
sfu_fwimg_common.c:514:27:SFU_IMG_InitImageHandling	32	static
sfu_fwimg_common.c:683:17:SFU_IMG_InvalidateCurrentFirmware	8	static
sfu_fwimg_common.c:721:17:SFU_IMG_VerifyActiveImg	16	static
sfu_fwimg_common.c:747:17:SFU_IMG_VerifyActiveSlot	4	static
sfu_fwimg_common.c:760:17:SFU_IMG_VerifyEmptyActiveSlot	4	static
sfu_fwimg_common.c:771:17:SFU_IMG_ControlActiveImgTag	8	static
sfu_fwimg_common.c:803:17:SFU_IMG_LaunchActiveImg	16	static,ignoring_inline_asm
sfu_fwimg_common.c:919:17:SFU_IMG_Validation	32	static
sfu_fwimg_common.c:949:10:SFU_IMG_GetFwImageSlot	8	static
sfu_fwimg_common.c:101:17:VerifyHeaderSignature	16	static
sfu_fwimg_common.c:353:17:CheckAndGetFWHeader	8	static
sfu_fwimg_common.c:704:17:SFU_IMG_VerifyActiveImgMetadata	0	static
sfu_fwimg_common.c:858:10:SFU_IMG_GetActiveFwVersion	328	static
sfu_fwimg_common.c:882:17:SFU_IMG_DetectFW	336	static
sfu_fwimg_common.c:984:17:SFU_IMG_CheckFwVersion	0	static
sfu_fwimg_common.c:1058:17:SFU_IMG_CheckCandidateVersion	24	static
