core_cm4.h:1939:34:__NVIC_SystemReset	0	static,ignoring_inline_asm
se_low_level.c:459:17:SE_LL_GetPage	0	static
se_low_level.c:80:16:SE_LL_CRC_Config	8	static
se_low_level.c:111:16:SE_LL_CRC_Init	8	static
se_low_level.c:124:16:SE_LL_CRC_DeInit	8	static
se_low_level.c:143:10:SE_LL_CRC_Calculate	0	static
se_low_level.c:162:16:SE_LL_FLASH_Erase	32	static
se_low_level.c:201:16:SE_LL_FLASH_Write	24	static
se_low_level.c:258:16:SE_LL_FLASH_Read	12	static
se_low_level.c:317:16:SE_LL_FLASH_EXT_Decrypt_Init	0	static
se_low_level.c:333:16:SE_LL_Buffer_in_ram	8	static
se_low_level.c:361:16:SE_LL_Buffer_in_SBSFU_ram	8	static
se_low_level.c:389:16:SE_LL_Buffer_part_of_SE_ram	8	static
se_low_level.c:418:16:SE_LL_Buffer_part_of_SE_rom	8	static
se_low_level.c:521:6:NMI_Handler	8	static,ignoring_inline_asm
se_low_level.c:587:6:HardFault_Handler	0	static
se_low_level.c:597:7:SE_LL_CORE_Cleanup	0	static
se_low_level.c:610:16:SE_LL_Lock_Keys	0	static
