sx1272.c:354:14:SX1272GetStatus	0	static
sx1272.c:1350:16:GetFskBandwidthRegValue	8	static
sx1272.c:718:10:SX1272GetTimeOnAir	20	static
sx1272.c:1345:10:SX1272GetWakeupTime	8	static
sx1272.c:1266:6:SX1272WriteBuffer	16	static
sx1272.c:1254:6:SX1272Write	16	static
sx1272.c:359:6:SX1272SetChannel	8	static
sx1272.c:1283:6:SX1272ReadBuffer	16	static
sx1272.c:1259:9:SX1272Read	16	static
sx1272.c:1193:13:SX1272SetOpMode	16	static
sx1272.c:907:6:SX1272SetSleep	8	static
sx1272.c:921:6:SX1272SetStby	8	static
sx1272.c:931:6:SX1272SetRx	24	static
sx1272.c:1932:13:SX1272OnDio4Irq	0	static
sx1272.c:1901:13:SX1272OnDio3Irq	16	static
sx1272.c:1828:13:SX1272OnDio2Irq	16	static
sx1272.c:1115:6:SX1272StartCad	8	static
sx1272.c:1168:9:SX1272ReadRssi	8	static
sx1272.c:1217:6:SX1272SetModem	8	static
sx1272.c:322:10:SX1272Init	24	static
sx1272.c:408:10:SX1272Random	16	static
sx1272.c:444:6:SX1272SetRxConfig	72	static
sx1272.c:587:6:SX1272SetTxConfig	80	static
sx1272.c:1148:6:SX1272SetTxContinuousWave	64	static
sx1272.c:1311:6:SX1272SetMaxPayloadLength	16	static
sx1272.c:1329:6:SX1272SetPublicNetwork	8	static
sx1272.c:1465:13:SX1272OnTimeoutIrq	16	static
sx1272.c:372:6:SX1272IsChannelFree	32	static
sx1272.c:746:6:SX1272Send	24	static
sx1272.c:1710:13:SX1272OnDio1Irq	16	static
sx1272.c:1538:13:SX1272OnDio0Irq	24	static
