sx126x.c:147:23:SX126xGetOperatingMode	0	static
sx126x.c:152:6:SX126xSetOperatingMode	0	static
sx126x.c:157:6:SX126xCheckDeviceReady	8	static
sx126x.c:541:20:SX126xGetPacketType	0	static
sx126x.c:830:6:SX126xWriteCommand	16	static
sx126x.c:279:6:SX126xSetSleep	16	static
sx126x.c:290:6:SX126xSetStandby	16	static
sx126x.c:303:6:SX126xSetFs	8	static
sx126x.c:309:6:SX126xSetTx	16	static
sx126x.c:323:6:SX126xSetRx	16	static
sx126x.c:351:6:SX126xSetRxDutyCycle	16	static
sx126x.c:365:6:SX126xSetCad	8	static
sx126x.c:371:6:SX126xSetTxContinuousWave	8	static
sx126x.c:377:6:SX126xSetTxInfinitePreamble	8	static
sx126x.c:383:6:SX126xSetStopRxTimerOnPreambleDetect	16	static
sx126x.c:409:6:SX126xSetRegulatorMode	16	static
sx126x.c:414:6:SX126xCalibrate	16	static
sx126x.c:427:6:SX126xCalibrateImage	16	static
sx126x.c:459:6:SX126xSetPaConfig	16	static
sx126x.c:470:6:SX126xSetRxTxFallbackMode	16	static
sx126x.c:475:6:SX126xSetDioIrqParams	16	static
sx126x.c:498:6:SX126xSetDio2AsRfSwitchCtrl	16	static
sx126x.c:503:6:SX126xSetDio3AsTcxoCtrl	16	static
sx126x.c:122:6:SX126xInit	16	static
sx126x.c:515:6:SX126xSetRfFrequency	24	static
sx126x.c:534:6:SX126xSetPacketType	16	static
sx126x.c:596:6:SX126xSetModulationParams	16	static
sx126x.c:700:6:SX126xSetCadParams	16	static
sx126x.c:715:6:SX126xSetBufferBaseAddress	16	static
sx126x.c:815:6:SX126xClearDeviceErrors	16	static
sx126x.c:821:6:SX126xClearIrqStatus	16	static
sx126x.c:851:9:SX126xReadCommand	16	static
sx126x.c:490:10:SX126xGetIrqStatus	16	static
sx126x.c:724:15:SX126xGetStatus	8	static
sx126x.c:735:8:SX126xGetRssiInst	16	static
sx126x.c:764:6:SX126xGetPacketStatus	16	static
sx126x.c:798:14:SX126xGetDeviceErrors	16	static
sx126x.c:873:6:SX126xWriteRegisters	16	static
sx126x.c:192:9:SX126xSetSyncWord	8	static
sx126x.c:198:6:SX126xSetCrcSeed	16	static
sx126x.c:216:6:SX126xSetCrcPolynomial	16	static
sx126x.c:641:6:SX126xSetPacketParams	32	static
sx126x.c:893:6:SX126xWriteRegister	16	static
sx126x.c:337:6:SX126xSetRxBoosted	16	static
sx126x.c:388:6:SX126xSetLoRaSymbNumTimeout	16	static
sx126x.c:898:6:SX126xReadRegisters	16	static
sx126x.c:917:9:SX126xReadRegister	16	static
sx126x.c:234:6:SX126xSetWhiteningSeed	8	static
sx126x.c:252:10:SX126xGetRandom	24	static
sx126x.c:551:6:SX126xSetTxParams	24	static
sx126x.c:546:6:SX126xSetRfTxPower	0	static
sx126x.c:745:6:SX126xGetRxBufferStatus	24	static
sx126x.c:924:6:SX126xWriteBuffer	16	static
sx126x.c:168:6:SX126xSetPayload	0	static
sx126x.c:186:6:SX126xSendPayload	8	static
sx126x.c:941:6:SX126xReadBuffer	16	static
sx126x.c:173:9:SX126xGetPayload	32	static
