shci.c:41:9:SHCI_C2_FUS_GetState	24	static
shci.c:64:18:SHCI_C2_FUS_FwUpgrade	24	static
shci.c:100:18:SHCI_C2_FUS_FwDelete	24	static
shci.c:118:18:SHCI_C2_FUS_UpdateAuthKey	24	static
shci.c:136:18:SHCI_C2_FUS_LockAuthKey	24	static
shci.c:154:18:SHCI_C2_FUS_StoreUsrKey	24	static
shci.c:188:18:SHCI_C2_FUS_LoadUsrKey	24	static
shci.c:208:18:SHCI_C2_FUS_StartWs	24	static
shci.c:226:18:SHCI_C2_FUS_LockUsrKey	24	static
shci.c:246:18:SHCI_C2_FUS_UnloadUsrKey	24	static
shci.c:266:18:SHCI_C2_FUS_ActivateAntiRollback	24	static
shci.c:284:18:SHCI_C2_BLE_Init	24	static
shci.c:302:18:SHCI_C2_THREAD_Init	24	static
shci.c:320:18:SHCI_C2_LLDTESTS_Init	24	static
shci.c:338:18:SHCI_C2_BLE_LLD_Init	24	static
shci.c:356:18:SHCI_C2_ZIGBEE_Init	24	static
shci.c:374:18:SHCI_C2_DEBUG_Init	24	static
shci.c:392:18:SHCI_C2_FLASH_EraseActivity	24	static
shci.c:412:18:SHCI_C2_CONCURRENT_SetMode	24	static
shci.c:432:18:SHCI_C2_CONCURRENT_GetNextBleEvtTime	32	static
shci.c:452:18:SHCI_C2_CONCURRENT_EnableNext_802154_EvtNotification	24	static
shci.c:470:18:SHCI_C2_FLASH_StoreData	24	static
shci.c:490:18:SHCI_C2_FLASH_EraseData	24	static
shci.c:510:18:SHCI_C2_RADIO_AllowLowPower	24	static
shci.c:531:18:SHCI_C2_MAC_802_15_4_Init	24	static
shci.c:549:18:SHCI_C2_Reinit	24	static
shci.c:567:18:SHCI_C2_ExtpaConfig	24	static
shci.c:591:18:SHCI_C2_SetFlashActivityControl	24	static
shci.c:612:18:SHCI_C2_Config	24	static
shci.c:630:18:SHCI_C2_802_15_4_DeInit	24	static
shci.c:653:18:SHCI_GetWirelessFwInfo	16	static
