app_ble.c:529:13:BLE_UserEvtRx	8	static
app_ble.c:547:13:BLE_StatusNot	0	static
app_ble.c:396:13:Adv_Request	40	static
app_ble.c:453:16:BleGetBdAddress	8	static
app_ble.c:103:6:APP_BLE_Init	104	static
app_ble.c:203:28:SVCCTL_App_Notification	8	static
app_ble.c:251:6:APP_BLE_Key_Button1_Action	0	static
app_ble.c:255:6:APP_BLE_Key_Button2_Action	0	static
app_ble.c:259:6:APP_BLE_Key_Button3_Action	0	static
app_ble.c:506:6:hci_notify_asynch_evt	0	static
app_ble.c:517:6:hci_cmd_resp_release	0	static
app_ble.c:523:6:hci_cmd_resp_wait	0	static
app_ble.c:578:6:SVCCTL_ResumeUserEventFlow	0	static
