stm32wbxx_hal_rtc.c:697:13:HAL_RTC_MspInit	0	static
stm32wbxx_hal_rtc.c:712:13:HAL_RTC_MspDeInit	0	static
stm32wbxx_hal_rtc.c:1454:19:HAL_RTC_DeactivateAlarm	16	static
stm32wbxx_hal_rtc.c:1657:13:HAL_RTC_AlarmAEventCallback	0	static
stm32wbxx_hal_rtc.c:1608:6:HAL_RTC_AlarmIRQHandler	8	static
stm32wbxx_hal_rtc.c:1673:19:HAL_RTC_PollForAlarmAEvent	16	static
stm32wbxx_hal_rtc.c:1732:19:HAL_RTC_WaitForSynchro	16	static
stm32wbxx_hal_rtc.c:1776:21:HAL_RTC_GetState	0	static
stm32wbxx_hal_rtc.c:1799:19:RTC_EnterInitMode	16	static
stm32wbxx_hal_rtc.c:231:19:HAL_RTC_Init	16	static
stm32wbxx_hal_rtc.c:361:19:HAL_RTC_DeInit	16	static
stm32wbxx_hal_rtc.c:1829:9:RTC_ByteToBcd2	0	static
stm32wbxx_hal_rtc.c:750:19:HAL_RTC_SetTime	24	static
stm32wbxx_hal_rtc.c:928:19:HAL_RTC_SetDate	24	static
stm32wbxx_hal_rtc.c:1091:19:HAL_RTC_SetAlarm	40	static
stm32wbxx_hal_rtc.c:1272:19:HAL_RTC_SetAlarm_IT	40	static
stm32wbxx_hal_rtc.c:1848:9:RTC_Bcd2ToByte	0	static
stm32wbxx_hal_rtc.c:884:19:HAL_RTC_GetTime	16	static
stm32wbxx_hal_rtc.c:1037:19:HAL_RTC_GetDate	16	static
stm32wbxx_hal_rtc.c:1548:19:HAL_RTC_GetAlarm	16	static
