stm32wbxx_ll_adc.h:5449:22:LL_ADC_SetChannelSamplingTime	12	static
stm32wbxx_ll_adc.h:5875:22:LL_ADC_SetAnalogWDMonitChannels	12	static
stm32wbxx_ll_adc.h:6855:26:LL_ADC_REG_IsConversionOngoing	0	static
stm32wbxx_hal_adc.c:1210:13:HAL_ADC_MspInit	0	static
stm32wbxx_hal_adc.c:399:19:HAL_ADC_Init	24	static
stm32wbxx_hal_adc.c:1227:13:HAL_ADC_MspDeInit	0	static
stm32wbxx_hal_adc.c:1666:19:HAL_ADC_PollForConversion	24	static
stm32wbxx_hal_adc.c:1799:19:HAL_ADC_PollForEvent	24	static
stm32wbxx_hal_adc.c:2327:10:HAL_ADC_GetValue	0	static
stm32wbxx_hal_adc.c:2669:13:HAL_ADC_ConvCpltCallback	0	static
stm32wbxx_hal_adc.c:2684:13:HAL_ADC_ConvHalfCpltCallback	0	static
stm32wbxx_hal_adc.c:3947:6:ADC_DMAHalfConvCplt	8	static
stm32wbxx_hal_adc.c:2699:13:HAL_ADC_LevelOutOfWindowCallback	0	static
stm32wbxx_hal_adc.c:2721:13:HAL_ADC_ErrorCallback	0	static
stm32wbxx_hal_adc.c:2344:6:HAL_ADC_IRQHandler	16	static
stm32wbxx_hal_adc.c:3833:6:ADC_DMAConvCplt	8	static
stm32wbxx_hal_adc.c:3965:6:ADC_DMAError	8	static
stm32wbxx_hal_adc.c:2767:19:HAL_ADC_ConfigChannel	32	static,ignoring_inline_asm
stm32wbxx_hal_adc.c:3165:19:HAL_ADC_AnalogWDGConfig	24	static,ignoring_inline_asm
stm32wbxx_hal_adc.c:3453:10:HAL_ADC_GetState	0	static
stm32wbxx_hal_adc.c:3467:10:HAL_ADC_GetError	0	static
stm32wbxx_hal_adc.c:3499:19:ADC_ConversionStop	16	static
stm32wbxx_hal_adc.c:3674:19:ADC_Enable	24	static
stm32wbxx_hal_adc.c:1517:19:HAL_ADC_Start	16	static
stm32wbxx_hal_adc.c:1947:19:HAL_ADC_Start_IT	16	static
stm32wbxx_hal_adc.c:2115:19:HAL_ADC_Start_DMA	24	static
stm32wbxx_hal_adc.c:3767:19:ADC_Disable	16	static
stm32wbxx_hal_adc.c:943:19:HAL_ADC_DeInit	16	static
stm32wbxx_hal_adc.c:1601:19:HAL_ADC_Stop	8	static
stm32wbxx_hal_adc.c:2054:19:HAL_ADC_Stop_IT	8	static
stm32wbxx_hal_adc.c:2228:19:HAL_ADC_Stop_DMA	16	static
