stm32wbxx_ll_adc.h:5449:22:LL_ADC_SetChannelSamplingTime	12	static
stm32wbxx_ll_adc.h:7010:26:LL_ADC_INJ_IsConversionOngoing	0	static
stm32wbxx_hal_adc_ex.c:126:19:HAL_ADCEx_Calibration_Start	24	static
stm32wbxx_hal_adc_ex.c:216:10:HAL_ADCEx_Calibration_GetValue	0	static
stm32wbxx_hal_adc_ex.c:246:19:HAL_ADCEx_Calibration_SetValue	24	static
stm32wbxx_hal_adc_ex.c:320:19:HAL_ADCEx_InjectedStart	8	static
stm32wbxx_hal_adc_ex.c:421:19:HAL_ADCEx_InjectedStop	8	static
stm32wbxx_hal_adc_ex.c:476:19:HAL_ADCEx_InjectedPollForConversion	24	static
stm32wbxx_hal_adc_ex.c:589:19:HAL_ADCEx_InjectedStart_IT	8	static
stm32wbxx_hal_adc_ex.c:713:19:HAL_ADCEx_InjectedStop_IT	8	static
stm32wbxx_hal_adc_ex.c:796:10:HAL_ADCEx_InjectedGetValue	0	static
stm32wbxx_hal_adc_ex.c:831:13:HAL_ADCEx_InjectedConvCpltCallback	0	static
stm32wbxx_hal_adc_ex.c:850:13:HAL_ADCEx_InjectedQueueOverflowCallback	0	static
stm32wbxx_hal_adc_ex.c:866:13:HAL_ADCEx_LevelOutOfWindow2Callback	0	static
stm32wbxx_hal_adc_ex.c:881:13:HAL_ADCEx_LevelOutOfWindow3Callback	0	static
stm32wbxx_hal_adc_ex.c:897:13:HAL_ADCEx_EndOfSamplingCallback	0	static
stm32wbxx_hal_adc_ex.c:917:19:HAL_ADCEx_RegularStop	8	static
stm32wbxx_hal_adc_ex.c:975:19:HAL_ADCEx_RegularStop_IT	8	static
stm32wbxx_hal_adc_ex.c:1032:19:HAL_ADCEx_RegularStop_DMA	16	static
stm32wbxx_hal_adc_ex.c:1164:19:HAL_ADCEx_InjectedConfigChannel	32	static,ignoring_inline_asm
stm32wbxx_hal_adc_ex.c:1590:19:HAL_ADCEx_EnableInjectedQueue	8	static
stm32wbxx_hal_adc_ex.c:1631:19:HAL_ADCEx_DisableInjectedQueue	8	static
stm32wbxx_hal_adc_ex.c:1669:19:HAL_ADCEx_DisableVoltageRegulator	0	static
stm32wbxx_hal_adc_ex.c:1709:19:HAL_ADCEx_EnterADCDeepPowerDownMode	0	static
