stm32wbxx_hal_cryp.c:3027:13:CRYP_SetKey	0	static
stm32wbxx_hal_cryp.c:5120:26:CRYP_WaitOnCCFlag	16	static
stm32wbxx_hal_cryp.c:4642:26:CRYP_GCMCCM_SetHeaderPhase	72	static
stm32wbxx_hal_cryp.c:568:19:HAL_CRYP_SetConfig	16	static
stm32wbxx_hal_cryp.c:641:19:HAL_CRYP_GetConfig	8	static
stm32wbxx_hal_cryp.c:695:13:HAL_CRYP_MspInit	0	static
stm32wbxx_hal_cryp.c:447:19:HAL_CRYP_Init	8	static
stm32wbxx_hal_cryp.c:711:13:HAL_CRYP_MspDeInit	0	static
stm32wbxx_hal_cryp.c:515:19:HAL_CRYP_DeInit	16	static
stm32wbxx_hal_cryp.c:1909:10:HAL_CRYP_GetError	0	static
stm32wbxx_hal_cryp.c:1920:23:HAL_CRYP_GetState	0	static
stm32wbxx_hal_cryp.c:1931:13:HAL_CRYP_InCpltCallback	0	static
stm32wbxx_hal_cryp.c:3266:26:CRYP_AESGCM_Process_IT	72	static
stm32wbxx_hal_cryp.c:3935:26:CRYP_AESCCM_Process_IT	24	static
stm32wbxx_hal_cryp.c:1402:19:HAL_CRYP_Encrypt_IT	16	static
stm32wbxx_hal_cryp.c:1512:19:HAL_CRYP_Decrypt_IT	24	static
stm32wbxx_hal_cryp.c:1947:13:HAL_CRYP_OutCpltCallback	0	static
stm32wbxx_hal_cryp.c:1963:13:HAL_CRYP_ErrorCallback	0	static
stm32wbxx_hal_cryp.c:2851:13:CRYP_AES_ProcessData	32	static
stm32wbxx_hal_cryp.c:3736:26:CRYP_AESCCM_Process	40	static
stm32wbxx_hal_cryp.c:3063:26:CRYP_AESGCM_Process	40	static
stm32wbxx_hal_cryp.c:1203:19:HAL_CRYP_Encrypt	24	static
stm32wbxx_hal_cryp.c:1303:19:HAL_CRYP_Decrypt	24	static
stm32wbxx_hal_cryp.c:2753:13:CRYP_SetDMAConfig	24	static
stm32wbxx_hal_cryp.c:4508:26:CRYP_GCMCCM_SetPayloadPhase_DMA	32	static
stm32wbxx_hal_cryp.c:4802:26:CRYP_GCMCCM_SetHeaderPhase_DMA	64	static
stm32wbxx_hal_cryp.c:3632:26:CRYP_AESGCM_Process_DMA	8	static
stm32wbxx_hal_cryp.c:4251:26:CRYP_AESCCM_Process_DMA	8	static
stm32wbxx_hal_cryp.c:1621:19:HAL_CRYP_Encrypt_DMA	16	static
stm32wbxx_hal_cryp.c:1748:19:HAL_CRYP_Decrypt_DMA	24	static
stm32wbxx_hal_cryp.c:2721:13:CRYP_DMAError	8	static
stm32wbxx_hal_cryp.c:1857:6:HAL_CRYP_IRQHandler	72	static
stm32wbxx_hal_cryp.c:5149:13:CRYP_ClearCCFlagWhenHigh.constprop	16	static
stm32wbxx_hal_cryp.c:2500:13:CRYP_DMAInCplt	64	static
stm32wbxx_hal_cryp.c:2610:13:CRYP_DMAOutCplt	32	static
