stm32wbxx_hal_pka.c:452:13:HAL_PKA_MspInit	0	static
stm32wbxx_hal_pka.c:341:19:HAL_PKA_Init	8	static
stm32wbxx_hal_pka.c:467:13:HAL_PKA_MspDeInit	0	static
stm32wbxx_hal_pka.c:400:19:HAL_PKA_DeInit	16	static
stm32wbxx_hal_pka.c:924:10:HAL_PKA_ECDSAVerif_IsValidSignature	0	static
stm32wbxx_hal_pka.c:1013:10:HAL_PKA_PointCheck_IsOnCurve	0	static
stm32wbxx_hal_pka.c:1497:19:HAL_PKA_Abort	0	static
stm32wbxx_hal_pka.c:1523:6:HAL_PKA_RAMReset	8	static
stm32wbxx_hal_pka.c:1606:13:HAL_PKA_OperationCpltCallback	0	static
stm32wbxx_hal_pka.c:1621:13:HAL_PKA_ErrorCallback	0	static
stm32wbxx_hal_pka.c:1654:22:HAL_PKA_GetState	0	static
stm32wbxx_hal_pka.c:1665:10:HAL_PKA_GetError	0	static
stm32wbxx_hal_pka.c:1688:10:PKA_GetMode	0	static
stm32wbxx_hal_pka.c:1540:6:HAL_PKA_IRQHandler	16	static
stm32wbxx_hal_pka.c:1701:19:PKA_PollEndOfOperation	16	static
stm32wbxx_hal_pka.c:1724:10:PKA_CheckError	0	static
stm32wbxx_hal_pka.c:1758:10:PKA_GetBitSize_u8	0	static
stm32wbxx_hal_pka.c:1769:10:PKA_GetOptBitSize_u8	0	static
stm32wbxx_hal_pka.c:1782:10:PKA_GetBitSize_u32	0	static
stm32wbxx_hal_pka.c:1792:10:PKA_GetArraySize_u8	0	static
stm32wbxx_hal_pka.c:1807:6:PKA_Memcpy_u32_to_u8	20	static
stm32wbxx_hal_pka.c:819:6:HAL_PKA_ModExp_GetResult	0	static
stm32wbxx_hal_pka.c:967:6:HAL_PKA_RSACRTExp_GetResult	0	static
stm32wbxx_hal_pka.c:867:6:HAL_PKA_ECDSASign_GetResult	24	static
stm32wbxx_hal_pka.c:1086:6:HAL_PKA_ECCMul_GetResult	24	static
stm32wbxx_hal_pka.c:1857:6:PKA_Memcpy_u8_to_u32	20	static
stm32wbxx_hal_pka.c:1905:6:PKA_Memcpy_u32_to_u32	8	static
stm32wbxx_hal_pka.c:1386:6:HAL_PKA_Arithmetic_GetResult	4	static
stm32wbxx_hal_pka.c:1481:6:HAL_PKA_MontgomeryParam_GetResult	0	static
stm32wbxx_hal_pka.c:1930:19:PKA_Process	24	static
stm32wbxx_hal_pka.c:1992:19:PKA_Process_IT	8	static
stm32wbxx_hal_pka.c:2022:6:PKA_ModExp_Set	16	static
stm32wbxx_hal_pka.c:757:19:HAL_PKA_ModExp	16	static
stm32wbxx_hal_pka.c:772:19:HAL_PKA_ModExp_IT	8	static
stm32wbxx_hal_pka.c:2048:6:PKA_ModExpFastMode_Set	16	static
stm32wbxx_hal_pka.c:788:19:HAL_PKA_ModExpFastMode	16	static
stm32wbxx_hal_pka.c:803:19:HAL_PKA_ModExpFastMode_IT	8	static
stm32wbxx_hal_pka.c:2079:6:PKA_ECDSASign_Set	16	static
stm32wbxx_hal_pka.c:837:19:HAL_PKA_ECDSASign	16	static
stm32wbxx_hal_pka.c:852:19:HAL_PKA_ECDSASign_IT	8	static
stm32wbxx_hal_pka.c:2128:6:PKA_ECDSAVerif_Set	16	static
stm32wbxx_hal_pka.c:895:19:HAL_PKA_ECDSAVerif	16	static
stm32wbxx_hal_pka.c:910:19:HAL_PKA_ECDSAVerif_IT	8	static
stm32wbxx_hal_pka.c:2185:6:PKA_RSACRTExp_Set	16	static
stm32wbxx_hal_pka.c:937:19:HAL_PKA_RSACRTExp	16	static
stm32wbxx_hal_pka.c:952:19:HAL_PKA_RSACRTExp_IT	8	static
stm32wbxx_hal_pka.c:2220:6:PKA_PointCheck_Set	16	static
stm32wbxx_hal_pka.c:984:19:HAL_PKA_PointCheck	16	static
stm32wbxx_hal_pka.c:999:19:HAL_PKA_PointCheck_IT	8	static
stm32wbxx_hal_pka.c:2254:6:PKA_ECCMul_Set	16	static
stm32wbxx_hal_pka.c:1027:19:HAL_PKA_ECCMul	16	static
stm32wbxx_hal_pka.c:1042:19:HAL_PKA_ECCMul_IT	8	static
stm32wbxx_hal_pka.c:2294:6:PKA_ECCMulFastMode_Set	16	static
stm32wbxx_hal_pka.c:1057:19:HAL_PKA_ECCMulFastMode	16	static
stm32wbxx_hal_pka.c:1072:19:HAL_PKA_ECCMulFastMode_IT	8	static
stm32wbxx_hal_pka.c:2334:6:PKA_ModInv_Set	16	static
stm32wbxx_hal_pka.c:1264:19:HAL_PKA_ModInv	16	static
stm32wbxx_hal_pka.c:1279:19:HAL_PKA_ModInv_IT	8	static
stm32wbxx_hal_pka.c:2353:6:PKA_ModRed_Set	16	static
stm32wbxx_hal_pka.c:1326:19:HAL_PKA_ModRed	16	static
stm32wbxx_hal_pka.c:1341:19:HAL_PKA_ModRed_IT	8	static
stm32wbxx_hal_pka.c:2376:6:PKA_MontgomeryParam_Set	16	static
stm32wbxx_hal_pka.c:1450:19:HAL_PKA_MontgomeryParam	16	static
stm32wbxx_hal_pka.c:1465:19:HAL_PKA_MontgomeryParam_IT	8	static
stm32wbxx_hal_pka.c:2397:6:PKA_ARI_Set	24	static
stm32wbxx_hal_pka.c:1109:19:HAL_PKA_Add	24	static
stm32wbxx_hal_pka.c:1124:19:HAL_PKA_Add_IT	16	static
stm32wbxx_hal_pka.c:1140:19:HAL_PKA_Sub	24	static
stm32wbxx_hal_pka.c:1155:19:HAL_PKA_Sub_IT	16	static
stm32wbxx_hal_pka.c:1171:19:HAL_PKA_Mul	24	static
stm32wbxx_hal_pka.c:1186:19:HAL_PKA_Mul_IT	16	static
stm32wbxx_hal_pka.c:1202:19:HAL_PKA_Cmp	24	static
stm32wbxx_hal_pka.c:1217:19:HAL_PKA_Cmp_IT	16	static
stm32wbxx_hal_pka.c:1233:19:HAL_PKA_ModAdd	24	static
stm32wbxx_hal_pka.c:1248:19:HAL_PKA_ModAdd_IT	16	static
stm32wbxx_hal_pka.c:1295:19:HAL_PKA_ModSub	24	static
stm32wbxx_hal_pka.c:1310:19:HAL_PKA_ModSub_IT	16	static
stm32wbxx_hal_pka.c:1357:19:HAL_PKA_MontgomeryMul	24	static
stm32wbxx_hal_pka.c:1372:19:HAL_PKA_MontgomeryMul_IT	16	static
